
>>> 2022/02/08-10:40:16.678  [start@/share/simforge_share/open-source/Code-aster/aster144p/lib/python3.6/site-packages/asrun/main.py:71]
Command line run on 'c01n04'
using python executable '/usr/bin/python3' :
['/share/simforge_share/open-source/Code-aster/aster144p/bin/as_run',
 '--vers=14.4MUPT',
 '/share/simforge_share/usr-release/SALOME-9.4.0-CO7-SRC/INSTALL/ASTERSTUDY/lib/python3.6/site-packages/asterstudy/gui/truss_bridge/modes.export']

>>> 2022/02/08-10:40:16.679  [__init__@/share/simforge_share/open-source/Code-aster/aster144p/lib/python3.6/site-packages/asrun/system.py:194]
AsterSystem param :
{'remote_copy_protocol': 'SCP', 'remote_shell_protocol': 'SSH'}

>>> 2022/02/08-10:40:16.679  [Shell@/share/simforge_share/open-source/Code-aster/aster144p/lib/python3.6/site-packages/asrun/system.py:519]
remote command ( <> c01n04 and xyg <> xyg) ? False

>>> 2022/02/08-10:40:16.680  [GetMemInfo@/share/simforge_share/open-source/Code-aster/aster144p/lib/python3.6/site-packages/asrun/system.py:877]
cmd :
cat /proc/meminfo
background : False
follow_output : False

>>> 2022/02/08-10:40:16.691  [GetMemInfo@/share/simforge_share/open-source/Code-aster/aster144p/lib/python3.6/site-packages/asrun/system.py:884]
GetMemInfo 'memtotal' returns : 515703

>>> 2022/02/08-10:40:16.691  [Shell@/share/simforge_share/open-source/Code-aster/aster144p/lib/python3.6/site-packages/asrun/system.py:519]
remote command ( <> c01n04 and xyg <> xyg) ? False

>>> 2022/02/08-10:40:16.691  [GetCpuInfo@/share/simforge_share/open-source/Code-aster/aster144p/lib/python3.6/site-packages/asrun/system.py:855]
cmd :
cat /proc/cpuinfo
background : False
follow_output : False

>>> 2022/02/08-10:40:16.707  [GetCpuInfo@/share/simforge_share/open-source/Code-aster/aster144p/lib/python3.6/site-packages/asrun/system.py:863]
GetCpuInfo 'numcpu' returns : 256

>>> 2022/02/08-10:40:16.708  [get_limits@/share/simforge_share/open-source/Code-aster/aster144p/lib/python3.6/site-packages/asrun/common_func.py:177]
Limits returned :
{'interactif_memmax': 515703,
 'interactif_mpi_nbpmax': 32,
 'interactif_nbpmax': 256,
 'interactif_tpsmax': '9999:00:00'}

>>> 2022/02/08-10:40:16.708  [get_limits@/share/simforge_share/open-source/Code-aster/aster144p/lib/python3.6/site-packages/asrun/common_func.py:177]
Limits returned :
{'batch_memmax': 515703,
 'batch_mpi_nbpmax': 32,
 'batch_nbpmax': 256,
 'batch_tpsmax': '9999:00:00'}

>>> 2022/02/08-10:40:16.708  [PostConf@/share/simforge_share/open-source/Code-aster/aster144p/lib/python3.6/site-packages/asrun/run.py:583]
installation dirs (aster_root, confdir, localedir, LANG)
/share/simforge_share/open-source/Code-aster/aster144p
/share/simforge_share/open-source/Code-aster/aster144p/etc/codeaster
/share/simforge_share/open-source/Code-aster/aster144p/share/locale
en_US.UTF-8

>>> 2022/02/08-10:40:16.710  [RunAster@/share/simforge_share/open-source/Code-aster/aster144p/lib/python3.6/site-packages/asrun/execute.py:152]
source list : ('/share/simforge_share/usr-release/SALOME-9.4.0-CO7-SRC/INSTALL/ASTERSTUDY/lib/python3.6/site-packages/asterstudy/gui/truss_bridge/modes.export',)
destination : /tmp/astk_xyg/xyg-c01n04-profil_astk_76128

>>> 2022/02/08-10:40:16.712  [RunAster@/share/simforge_share/open-source/Code-aster/aster144p/lib/python3.6/site-packages/asrun/execute.py:152]
cmd :
cp -L -r /share/simforge_share/usr-release/SALOME-9.4.0-CO7-SRC/INSTALL/ASTERSTUDY/lib/python3.6/site-packages/asterstudy/gui/truss_bridge/modes.export /tmp/astk_xyg/xyg-c01n04-profil_astk_76128
background : False
follow_output : False

>>> 2022/02/08-10:40:16.720  [_dbg@/share/simforge_share/open-source/Code-aster/aster144p/lib/python3.6/site-packages/asrun/profil.py:46]
P memory_limit: 2900.0    P memjob: 2969600    A memjeveux: 362.5

>>> 2022/02/08-10:40:16.720  [_dbg@/share/simforge_share/open-source/Code-aster/aster144p/lib/python3.6/site-packages/asrun/profil.py:46]
P time_limit: 900.0    P tpsjob: 16    A tpmax: 900.0

>>> 2022/02/08-10:40:16.725  [_dbg@/share/simforge_share/open-source/Code-aster/aster144p/lib/python3.6/site-packages/asrun/profil.py:46]
P memory_limit: 2900.0    P memjob: 2969600    A memjeveux: 362.5

>>> 2022/02/08-10:40:16.725  [_dbg@/share/simforge_share/open-source/Code-aster/aster144p/lib/python3.6/site-packages/asrun/profil.py:46]
P time_limit: 900.0    P tpsjob: 16    A tpmax: 900.0

>>> 2022/02/08-10:40:16.725  [RunAster@/share/simforge_share/open-source/Code-aster/aster144p/lib/python3.6/site-packages/asrun/execute.py:161]
Input export : /tmp/astk_xyg/xyg-c01n04-profil_astk_76128
AsterProfil object   = 0x2af924c74860
.filename            = /tmp/astk_xyg/xyg-c01n04-profil_astk_76128
P actions make_etude
P memjob 2969600
P memory_limit 2900.0
P mode interactif
P mpi_nbcpu 1
P mpi_nbnoeud 1
P nomjob RunCase_1_Stage_1
P origine AsterStudy 2017.0.2
P rep_trav /share/simforge_home/nsccwx/xyg/tmp/global/modes/global/global
P time_limit 900.0
P tpsjob 16
P version 14.4MUPT
A memjeveux 362.5
A tpmax 900.0
F comm /share/simforge_share/usr-release/SALOME-9.4.0-CO7-SRC/INSTALL/ASTERSTUDY/lib/python3.6/site-packages/asterstudy/gui/truss_bridge/modes.comm D  1
F libr /share/simforge_share/usr-release/SALOME-9.4.0-CO7-SRC/INSTALL/ASTERSTUDY/lib/python3.6/site-packages/asterstudy/gui/truss_bridge/Mesh_1.med D  20
F libr /sh
[...]

>>> 2022/02/08-10:40:16.727  [AsterBuild@/share/simforge_share/open-source/Code-aster/aster144p/lib/python3.6/site-packages/asrun/build.py:1421]
version supports: ('nocopy', 'waf', 'orbinitref', 'use_numthreads', 'noresu')

>>> 2022/02/08-10:40:16.727  [Shell@/share/simforge_share/open-source/Code-aster/aster144p/lib/python3.6/site-packages/asrun/system.py:519]
remote command ( <> c01n04 and xyg <> xyg) ? False

>>> 2022/02/08-10:40:16.727  [AddToEnv@/share/simforge_share/open-source/Code-aster/aster144p/lib/python3.6/site-packages/asrun/system.py:806]
cmd :
bash -c env
background : False
follow_output : False

>>> 2022/02/08-10:40:16.732  [AddToEnv@/share/simforge_share/open-source/Code-aster/aster144p/lib/python3.6/site-packages/asrun/system.py:807]
env_init
CB_ALLOCATION=[{"ResSpec":"","MinSlots":10,"MaxSlots":10, "Hosts":[{"Name":"c01n04","Port":16331},{"Name":"c01n04","Port":16332},{"Name":"c01n04","Port":16333},{"Name":"c01n04","Port":16334},{"Name":"c01n04","Port":16335},{"Name":"c01n04","Port":16336},{"Name":"c01n04","Port":16337},{"Name":"c01n04","Port":16338},{"Name":"c01n04","Port":16339},{"Name":"c01n04","Port":16340}]}]
CB_JOBFILENAME=/share/simforge_home/nsccwx/xyg/.cbsched/1644288053.9037
MANPATH=:/opt/skyformai/share/man:/opt/skyformai/share/man:/opt/skyformai/share/man
XDG_SESSION_ID=11887
SPACK_ROOT=/share/simforge_share/apps/Spack
HOSTNAME=c01n04
ASTER_ROOT=/share/simforge_share/open-source/Code-aster/aster144p
ASTER_VERSION_DIR=/opt/aster144p/PAR14.4MUPT/share/aster
CB_SUB_HOST=mgt02
TERM=xterm
SHELL=/bin/bash
CB_SUB_MODIFY_FILE=/tmp/.cbdeltaparm.124394.1050865
HISTSIZE=1000
SSH_CLIENT=192.168.167.13 60735 22
CB_LD_LIBRARY_PATH=/opt/aster144p/public/tfel-3.2.1/lib:/usr/lib:/share/simforge_share/apps/MPICH/mpich-3.2-install/lib:/usr/lib64/:
CB_LIBDIR=/opt/skyformai/lib
CB_EFFECTIVE_RSRCREQ=
CB_UNIXGROUP=Domain Users
CB_JOBNAME=/share/simforge_share/open-source/Code-aster/aster144p/bin/as_run --vers=14.4MUPT /share/simforge_share/usr-release/SALOME-9.4.0-CO7-SRC/INSTALL/ASTERSTUDY/lib/python3.6/site-packages/asterstudy/gui/truss_bridge/modes.export
QTDIR=/usr/lib64/qt-3.3
LSF_SERVERDIR=/opt/skyformai/sbin
LSB_JOBID=9037
QTINC=/usr/lib64/qt-3.3/include
CB_TRAPSIGS=trap # 15 10 12 2 1
PYTHONEXECUTABLE=/usr/bin/python3
SSH_TTY=/dev/pts/4
CB_ERRORFILE=modes.error
CB_INTERACTIVE=Y
CB_MCPU_HOSTS=c01n04 10 
QT_GRAPHICSSYSTEM_CHECKED=1
LSF_LIBDIR=/opt/skyformai/lib64
CB_JOB_EXECUSER=xyg
USER=xyg
LD_LIBRARY_PATH=/usr/lib:/opt/aster144p/public/tfel-3.2.1/lib:/usr/lib:/share/simforge_share/apps/MPICH/mpich-3.2-install/lib:/usr/lib64/:
LS_COLORS=rs=0:di=01;34:ln=01;36:mh=00:pi=40;33:so=01;35:do=01;35:bd=40;33;01:cd=40;33;01:or=40;31;01:mi=01;05;37;41:su=37;41:sg=30;43:ca=30;41:tw=30;42:ow=34;42:st=37;44:ex=01;32:*.tar=01;31:*.tgz=01;31:*.arc=01;31:*.arj=01;31:*.taz=01;31:*.lha=01;31:*.lz4=01;31:*.lzh=01;31:*.lzma=01;31:*.tlz=01;31:*.txz=01;31:*.tzo=01;31:*.t7z=01;31:*.zip=01;31:*.z=01;31:*.Z=01;31:*.dz=01;31:*.gz=01;31:*.lrz=01;31:*.lz=01;31:*.lzo=01;31:*.xz=01;31:*.bz2=01;31:*.bz=01;31:*.tbz=01;31:*.tbz2=01;31:*.tz=01;31:*.deb=01;31:*.rpm=01;31:*.jar=01;31:*.war=01;31:*.ear=01;31:*.sar=01;31:*.rar=01;31:*.alz=01;31:*.ace=01;31:*.zoo=01;31:*.cpio=01;31:*.7z=01;31:*.rz=01;31:*.cab=01;31:*.jpg=01;35:*.jpeg=01;35:*.gif=01;35:*.bmp=01;35:*.pbm=01;35:*.pgm=01;35:*.ppm=01;35:*.tga=01;35:*.xbm=01;35:*.xpm=01;35:*.tif=01;35:*.tiff=01;35:*.png=01;35:*.svg=01;35:*.svgz=01;35:*.mng=01;35:*.pcx=01;35:*.mov=01;35:*.mpg=01;35:*.mpeg=01;35:*.m2v=01;35:*.mkv=01;35:*.webm=01;35:*.ogm=01;35:*.mp4=01;35:*.m4v=01;35:*.mp4v=01;35:*.vob=01;35:*.qt=01;35:*.nuv=01;35:*.wmv=01;35:*.asf=01;35:*.rm=01;35:*.rmvb=01;35:*.flc=01;35:*.avi=01;35:*.fli=01;35:*.flv=01;35:*.gl=01;35:*.dl=01;35:*.xcf=01;35:*.xwd=01;35:*.yuv=01;35:*.cgm=01;35:*.emf=01;35:*.axv=01;35:*.anx=01;35:*.ogv=01;35:*.ogx=01;35:*.aac=01;36:*.au=01;36:*.flac=01;36:*.mid=01;36:*.midi=01;36:*.mka=01;36:*.mp3=01;36:*.mpc=01;36:*.ogg=01;36:*.ra=01;36:*.wav=01;36:*.axa=01;36:*.oga=01;36:*.spx=01;36:*.xspf=01;36:
CB_SERVERDIR=/opt/skyformai/sbin
HOSTTYPE=x86_64Linux
CB_JOBID=9037
LS_EXEC_T=START
COLUMNS=237
CBUSER=xyg
LS_SUBCWD=/share/simforge_share/usr-release/SALOME-9.4.0-CO7-SRC/INSTALL/ASTERSTUDY/lib/python3.6/site-packages/asterstudy/gui/truss_bridge
LSB_HOSTS=c01n04 c01n04 c01n04 c01n04 c01n04 c01n04 c01n04 c01n04 c01n04 c01n04
PATH=/share/simforge_share/open-source/Code-aster/aster144p/bin:/share/simforge_share/open-source/Code-aster/aster144p/outils:/opt/skyformai/bin:/opt/aster144p/public/tfel-3.2.1/bin:/share/simforge_share/open-source/Code-aster/aster144p/bin:/share/simforge_share/open-source/Code-aster/aster144p/outils:/opt/skyformai/bin:/bin:/share/simforge_share/apps/MPICH/mpich-3.2-install/bin:/opt/skyformai/bin:/bin:/share/simforge_share/apps/Spack/bin:/usr/java/jre1.8.0_301-amd64/bin:/usr/lib64/qt-3.3/bin:/opt/skyformai/bin:/bin:/usr/local/sbin:/usr/local/bin:/usr/sbin:/usr/bin:/usr/lpp/mmfs/bin:/root/bin:/root/bin:/usr/lib64/qt-3.3/bin:/opt/skyformai/bin:/bin:/usr/local/bin:/usr/bin:/usr/local/sbin:/usr/sbin
MAIL=/var/spool/mail/root
LSB_JOBINDEX=0
CB_QUEUE=q_x86_sf
_=/bin/env
PWD=/share/simforge_share/usr-release/SALOME-9.4.0-CO7-SRC/INSTALL/ASTERSTUDY/lib/python3.6/site-packages/asterstudy/gui/truss_bridge
CB_AUTH_CLIENT=user
CB_BINDIR=/opt/skyformai/bin
LANG=en_US.UTF-8
CB_ENVDIR=/opt/skyformai/etc
CB_ACCT_FILE=/tmp/.1644288053.9037.acct
MODULEPATH=/share/simforge_share/apps/modulefiles/:/share/simforge_share/apps/modulefiles/:/share/simforge_share/apps/Spack/share/spack/modules/linux-centos7-haswell:/share/simforge_share/apps/Spack/share/spack/modules/linux-centos7-skylake_avx512:/share/simforge_share/apps/Spack/share/spack/modules/linux-centos7-cascadelake:/share/simforge_share/apps/modulefiles/:/usr/share/Modules/modulefiles:/etc/modulefiles
LOADEDMODULES=
CB_OUTPUTFILE=modes.out
LINES=56
LSF_BINDIR=/opt/skyformai/bin
LSB_DJOB_NUMPROC=10
HISTCONTROL=ignoredups
CB_EXIT_PRE_ABORT=99
WISHEXECUTABLE=/usr/bin/wish
SHLVL=7
HOME=/share/simforge_home/nsccwx/xyg
CB_AUTH_SERVER=cbsched@aip
CB_SUB_MODIFY_ENVFILE=/tmp/.cbdeltaenv.124394.1050865
CB_JOBINDEX=0
CB_CHKFILENAME=/share/simforge_home/nsccwx/xyg/.cbsched/1644288053.9037
PYTHONPATH=/share/simforge_share/open-source/Code-aster/aster144p/lib/python3.6/site-packages:/opt/aster144p/public/tfel-3.2.1/lib/python/site-packages:/share/simforge_share/open-source/Code-aster/aster144p/lib/python3.6/site-packages
LOGNAME=xyg
LSB_MCPU_HOSTS=c01n04 10 
ASTER_TMPDIR=/tmp
QTLIB=/usr/lib64/qt-3.3/lib
CB_JOBEXIT_STAT=0
CUBE_XDR_VERSION=9220
XDG_DATA_DIRS=/root/.local/share/flatpak/exports/share:/var/lib/flatpak/exports/share:/usr/local/share:/usr/share
SSH_CONNECTION=192.168.167.13 60735 192.168.61.2 22
XLSF_UIDDIR=/opt/skyformai/lib/uid
CUBE_VERSION=9.22.0
MODULESHOME=/usr/share/Modules
CB_SUBCWD=/share/simforge_share/usr-release/SALOME-9.4.0-CO7-SRC/INSTALL/ASTERSTUDY/lib/python3.6/site-packages/asterstudy/gui/truss_bridge
CB_DJOB_NUMPROC=10
LESSOPEN=||/usr/bin/lesspipe.sh %s
CB_HOSTS=c01n04 c01n04 c01n04 c01n04 c01n04 c01n04 c01n04 c01n04 c01n04 c01n04
CB_MAX_NUM_PROCESSORS=10
SPACK_PYTHON=/bin/python3
XDG_RUNTIME_DIR=/run/user/0
DISPLAY=localhost:11.0
LSF_ENVDIR=/opt/skyformai/etc
ASTER_ETC=/share/simforge_share/open-source/Code-aster/aster144p/etc
CB_JOBPID=76118
BASH_FUNC__spack_shell_wrapper()=() {  for var in LD_LIBRARY_PATH DYLD_LIBRARY_PATH DYLD_FALLBACK_LIBRARY_PATH;
 do
 eval "if [ -n \"\${${var}-}\" ]; then export SPACK_$var=\${${var}}; fi";
 done;
 if [ -n "${ZSH_VERSION:-}" ]; then
 emulate -L sh;
 fi;
 _sp_flags="";
 while [ ! -z ${1+x} ] && [ "${1#-}" != "${1}" ]; do
 _sp_flags="$_sp_flags $1";
 shift;
 done;
 if [ -n "$_sp_flags" ] && [ "${_sp_flags#*h}" != "${_sp_flags}" ] || [ "${_sp_flags#*V}" != "${_sp_flags}" ]; then
 command spack $_sp_flags "$@";
 return;
 fi;
 _sp_subcommand="";
 if [ ! -z ${1+x} ]; then
 _sp_subcommand="$1";
 shift;
 fi;
 case $_sp_subcommand in 
 "cd")
 _sp_arg="";
 if [ -n "$1" ]; then
 _sp_arg="$1";
 shift;
 fi;
 if [ "$_sp_arg" = "-h" ] || [ "$_sp_arg" = "--help" ]; then
 command spack cd -h;
 else
 LOC="$(spack location $_sp_arg "$@")";
 if [ -d "$LOC" ]; then
 cd "$LOC";
 else
 return 1;
 fi;
 fi;
 return
 ;;
 "env")
 _sp_arg="";
 if [ -n "$1" ]; then
 _sp_arg="$1";
 shift;
 fi;
 if [ "$_sp_arg" = "-h" ] || [ "$_sp_arg" = "--help" ]; then
 command spack env -h;
 else
 case $_sp_arg in 
 activate)
 _a=" $@";
 if [ -z ${1+x} ] || [ "${_a#* --sh}" != "$_a" ] || [ "${_a#* --csh}" != "$_a" ] || [ "${_a#* -h}" != "$_a" ] || [ "${_a#* --help}" != "$_a" ]; then
 command spack env activate "$@";
 else
 stdout="$(command spack $_sp_flags env activate --sh "$@")" || return;
 eval "$stdout";
 fi
 ;;
 deactivate)
 _a=" $@";
 if [ "${_a#* --sh}" != "$_a" ] || [ "${_a#* --csh}" != "$_a" ]; then
 command spack env deactivate "$@";
 else
 if [ -n "$*" ]; then
 command spack env deactivate -h;
 else
 stdout="$(command spack $_sp_flags env deactivate --sh)" || return;
 eval "$stdout";
 fi;
 fi
 ;;
 *)
 command spack env $_sp_arg "$@"
 ;;
 esac;
 fi;
 return
 ;;
 "load" | "unload")
 _a=" $@";
 if [ "${_a#* --sh}" != "$_a" ] || [ "${_a#* --csh}" != "$_a" ] || [ "${_a#* -h}" != "$_a" ] || [ "${_a#* --list}" != "$_a" ] || [ "${_a#* --help}" != "$_a" ]; then
 command spack $_sp_flags $_sp_subcommand "$@";
 else
 stdout="$(command spack $_sp_flags $_sp_subcommand --sh "$@")" || return;
 eval "$stdout";
 fi
 ;;
 *)
 command spack $_sp_flags $_sp_subcommand "$@"
 ;;
 esac
}
BASH_FUNC_module()=() {  eval `/usr/bin/modulecmd bash $*`
}
BASH_FUNC_spack()=() {  : this is a shell function from: /share/simforge_share/apps/Spack/share/spack/setup-env.sh;
 : the real spack script is here: /share/simforge_share/apps/Spack/bin/spack;
 _spack_shell_wrapper "$@";
 return $?
}


>>> 2022/02/08-10:40:16.733  [Shell@/share/simforge_share/open-source/Code-aster/aster144p/lib/python3.6/site-packages/asrun/system.py:519]
remote command ( <> c01n04 and xyg <> xyg) ? False

>>> 2022/02/08-10:40:16.733  [AddToEnv@/share/simforge_share/open-source/Code-aster/aster144p/lib/python3.6/site-packages/asrun/system.py:813]
cmd :
bash -c ". /opt/aster144p/PAR14.4MUPT/share/aster/profile.sh && env"
background : False
follow_output : False

>>> 2022/02/08-10:40:16.750  [AddToEnv@/share/simforge_share/open-source/Code-aster/aster144p/lib/python3.6/site-packages/asrun/system.py:814]
env_prof
CB_ALLOCATION=[{"ResSpec":"","MinSlots":10,"MaxSlots":10, "Hosts":[{"Name":"c01n04","Port":16331},{"Name":"c01n04","Port":16332},{"Name":"c01n04","Port":16333},{"Name":"c01n04","Port":16334},{"Name":"c01n04","Port":16335},{"Name":"c01n04","Port":16336},{"Name":"c01n04","Port":16337},{"Name":"c01n04","Port":16338},{"Name":"c01n04","Port":16339},{"Name":"c01n04","Port":16340}]}]
CB_JOBFILENAME=/share/simforge_home/nsccwx/xyg/.cbsched/1644288053.9037
MANPATH=:/opt/skyformai/share/man:/opt/skyformai/share/man:/opt/skyformai/share/man
XDG_SESSION_ID=11887
SPACK_ROOT=/share/simforge_share/apps/Spack
HOSTNAME=c01n04
ASTER_ROOT=/share/simforge_share/open-source/Code-aster/aster144p
ASTER_VERSION_DIR=/opt/aster144p/PAR14.4MUPT/share/aster
CB_SUB_HOST=mgt02
TERM=xterm
SHELL=/bin/bash
CB_SUB_MODIFY_FILE=/tmp/.cbdeltaparm.124394.1050865
HISTSIZE=1000
SSH_CLIENT=192.168.167.13 60735 22
CB_LD_LIBRARY_PATH=/opt/aster144p/public/tfel-3.2.1/lib:/usr/lib:/share/simforge_share/apps/MPICH/mpich-3.2-install/lib:/usr/lib64/:
CB_LIBDIR=/opt/skyformai/lib
CB_EFFECTIVE_RSRCREQ=
CB_UNIXGROUP=Domain Users
CB_JOBNAME=/share/simforge_share/open-source/Code-aster/aster144p/bin/as_run --vers=14.4MUPT /share/simforge_share/usr-release/SALOME-9.4.0-CO7-SRC/INSTALL/ASTERSTUDY/lib/python3.6/site-packages/asterstudy/gui/truss_bridge/modes.export
ASTER_ELEMENTSDIR=/opt/aster144p/PAR14.4MUPT/lib64/aster
QTDIR=/usr/lib64/qt-3.3
LSF_SERVERDIR=/opt/skyformai/sbin
LSB_JOBID=9037
QTINC=/usr/lib64/qt-3.3/include
CB_TRAPSIGS=trap # 15 10 12 2 1
PYTHONEXECUTABLE=/usr/bin/python3
SSH_TTY=/dev/pts/4
CB_ERRORFILE=modes.error
CB_INTERACTIVE=Y
CB_MCPU_HOSTS=c01n04 10 
QT_GRAPHICSSYSTEM_CHECKED=1
LSF_LIBDIR=/opt/skyformai/lib64
CB_JOB_EXECUSER=xyg
USER=xyg
LD_LIBRARY_PATH=.:/opt/aster144p/PAR14.4MUPT/lib64/aster:/opt/aster144p/petsc-3.9.4/linux-metis-mumps/lib:/opt/aster144p/parmetis-4.0.3/lib:/opt/aster144p/mumps-5.1.2/lib:/opt/aster144p/public/hdf5-1.10.3/lib:/opt/aster144p/public/med-4.0.0/lib:/opt/aster144p/public/metis-5.1.0/lib:/opt/aster144p/scotch-6.0.4/lib:/opt/OpenBLAS/lib:/opt/aster144p/scalapack/lib:/opt/aster144p/PAR14.4MUPT/lib64:/usr/lib64/mpich-3.2/lib:/opt/aster144p/PAR14.4MUPT/lib64/aster:/usr/lib:/opt/aster144p/public/tfel-3.2.1/lib:/usr/lib:/share/simforge_share/apps/MPICH/mpich-3.2-install/lib:/usr/lib64/:
LS_COLORS=rs=0:di=01;34:ln=01;36:mh=00:pi=40;33:so=01;35:do=01;35:bd=40;33;01:cd=40;33;01:or=40;31;01:mi=01;05;37;41:su=37;41:sg=30;43:ca=30;41:tw=30;42:ow=34;42:st=37;44:ex=01;32:*.tar=01;31:*.tgz=01;31:*.arc=01;31:*.arj=01;31:*.taz=01;31:*.lha=01;31:*.lz4=01;31:*.lzh=01;31:*.lzma=01;31:*.tlz=01;31:*.txz=01;31:*.tzo=01;31:*.t7z=01;31:*.zip=01;31:*.z=01;31:*.Z=01;31:*.dz=01;31:*.gz=01;31:*.lrz=01;31:*.lz=01;31:*.lzo=01;31:*.xz=01;31:*.bz2=01;31:*.bz=01;31:*.tbz=01;31:*.tbz2=01;31:*.tz=01;31:*.deb=01;31:*.rpm=01;31:*.jar=01;31:*.war=01;31:*.ear=01;31:*.sar=01;31:*.rar=01;31:*.alz=01;31:*.ace=01;31:*.zoo=01;31:*.cpio=01;31:*.7z=01;31:*.rz=01;31:*.cab=01;31:*.jpg=01;35:*.jpeg=01;35:*.gif=01;35:*.bmp=01;35:*.pbm=01;35:*.pgm=01;35:*.ppm=01;35:*.tga=01;35:*.xbm=01;35:*.xpm=01;35:*.tif=01;35:*.tiff=01;35:*.png=01;35:*.svg=01;35:*.svgz=01;35:*.mng=01;35:*.pcx=01;35:*.mov=01;35:*.mpg=01;35:*.mpeg=01;35:*.m2v=01;35:*.mkv=01;35:*.webm=01;35:*.ogm=01;35:*.mp4=01;35:*.m4v=01;35:*.mp4v=01;35:*.vob=01;35:*.qt=01;35:*.nuv=01;35:*.wmv=01;35:*.asf=01;35:*.rm=01;35:*.rmvb=01;35:*.flc=01;35:*.avi=01;35:*.fli=01;35:*.flv=01;35:*.gl=01;35:*.dl=01;35:*.xcf=01;35:*.xwd=01;35:*.yuv=01;35:*.cgm=01;35:*.emf=01;35:*.axv=01;35:*.anx=01;35:*.ogv=01;35:*.ogx=01;35:*.aac=01;36:*.au=01;36:*.flac=01;36:*.mid=01;36:*.midi=01;36:*.mka=01;36:*.mp3=01;36:*.mpc=01;36:*.ogg=01;36:*.ra=01;36:*.wav=01;36:*.axa=01;36:*.oga=01;36:*.spx=01;36:*.xspf=01;36:
CB_SERVERDIR=/opt/skyformai/sbin
HOSTTYPE=x86_64Linux
CB_JOBID=9037
LS_EXEC_T=START
ASTER_DATADIR=/opt/aster144p/PAR14.4MUPT/share/aster
COLUMNS=237
CBUSER=xyg
LS_SUBCWD=/share/simforge_share/usr-release/SALOME-9.4.0-CO7-SRC/INSTALL/ASTERSTUDY/lib/python3.6/site-packages/asterstudy/gui/truss_bridge
LSB_HOSTS=c01n04 c01n04 c01n04 c01n04 c01n04 c01n04 c01n04 c01n04 c01n04 c01n04
PATH=/usr/bin:/share/simforge_share/open-source/Code-aster/aster144p/bin:/share/simforge_share/open-source/Code-aster/aster144p/outils:/opt/skyformai/bin:/opt/aster144p/public/tfel-3.2.1/bin:/share/simforge_share/open-source/Code-aster/aster144p/bin:/share/simforge_share/open-source/Code-aster/aster144p/outils:/opt/skyformai/bin:/bin:/share/simforge_share/apps/MPICH/mpich-3.2-install/bin:/opt/skyformai/bin:/bin:/share/simforge_share/apps/Spack/bin:/usr/java/jre1.8.0_301-amd64/bin:/usr/lib64/qt-3.3/bin:/opt/skyformai/bin:/bin:/usr/local/sbin:/usr/local/bin:/usr/sbin:/usr/bin:/usr/lpp/mmfs/bin:/root/bin:/root/bin:/usr/lib64/qt-3.3/bin:/opt/skyformai/bin:/bin:/usr/local/bin:/usr/bin:/usr/local/sbin:/usr/sbin
MAIL=/var/spool/mail/root
LSB_JOBINDEX=0
ASTER_LIBDIR=/opt/aster144p/PAR14.4MUPT/lib64/aster
CB_QUEUE=q_x86_sf
PWD=/share/simforge_share/usr-release/SALOME-9.4.0-CO7-SRC/INSTALL/ASTERSTUDY/lib/python3.6/site-packages/asterstudy/gui/truss_bridge
CB_AUTH_CLIENT=user
CB_BINDIR=/opt/skyformai/bin
LANG=en_US.UTF-8
CB_ENVDIR=/opt/skyformai/etc
CB_ACCT_FILE=/tmp/.1644288053.9037.acct
MODULEPATH=/share/simforge_share/apps/modulefiles/:/share/simforge_share/apps/modulefiles/:/share/simforge_share/apps/Spack/share/spack/modules/linux-centos7-haswell:/share/simforge_share/apps/Spack/share/spack/modules/linux-centos7-skylake_avx512:/share/simforge_share/apps/Spack/share/spack/modules/linux-centos7-cascadelake:/share/simforge_share/apps/modulefiles/:/usr/share/Modules/modulefiles:/etc/modulefiles
LOADEDMODULES=
PYTHONHOME=/usr
CB_OUTPUTFILE=modes.out
LINES=56
LSF_BINDIR=/opt/skyformai/bin
LSB_DJOB_NUMPROC=10
HISTCONTROL=ignoredups
CB_EXIT_PRE_ABORT=99
WISHEXECUTABLE=/usr/bin/wish
SHLVL=7
HOME=/share/simforge_home/nsccwx/xyg
CB_AUTH_SERVER=cbsched@aip
ASTER_LOCALEDIR=/opt/aster144p/PAR14.4MUPT/share/locale/aster
CB_SUB_MODIFY_ENVFILE=/tmp/.cbdeltaenv.124394.1050865
CB_JOBINDEX=0
CB_CHKFILENAME=/share/simforge_home/nsccwx/xyg/.cbsched/1644288053.9037
PYTHONPATH=.:/opt/aster144p/PAR14.4MUPT/lib64/aster://opt/aster144p/lib/python3.6/site-packages:/usr/lib64/python2.7/site-packages/mpich-3.2:/usr/local/lib64/python3.6/site-packages:/share/simforge_share/open-source/Code-aster/aster144p/lib/python3.6/site-packages:/opt/aster144p/public/tfel-3.2.1/lib/python/site-packages:/share/simforge_share/open-source/Code-aster/aster144p/lib/python3.6/site-packages
LOGNAME=xyg
LSB_MCPU_HOSTS=c01n04 10 
ASTER_TMPDIR=/tmp
QTLIB=/usr/lib64/qt-3.3/lib
CB_JOBEXIT_STAT=0
CUBE_XDR_VERSION=9220
XDG_DATA_DIRS=/root/.local/share/flatpak/exports/share:/var/lib/flatpak/exports/share:/usr/local/share:/usr/share
SSH_CONNECTION=192.168.167.13 60735 192.168.61.2 22
XLSF_UIDDIR=/opt/skyformai/lib/uid
CUBE_VERSION=9.22.0
MODULESHOME=/usr/share/Modules
CB_SUBCWD=/share/simforge_share/usr-release/SALOME-9.4.0-CO7-SRC/INSTALL/ASTERSTUDY/lib/python3.6/site-packages/asterstudy/gui/truss_bridge
CB_DJOB_NUMPROC=10
LESSOPEN=||/usr/bin/lesspipe.sh %s
CB_HOSTS=c01n04 c01n04 c01n04 c01n04 c01n04 c01n04 c01n04 c01n04 c01n04 c01n04
CB_MAX_NUM_PROCESSORS=10
SPACK_PYTHON=/bin/python3
XDG_RUNTIME_DIR=/run/user/0
DISPLAY=localhost:11.0
LSF_ENVDIR=/opt/skyformai/etc
ASTER_ETC=/share/simforge_share/open-source/Code-aster/aster144p/etc
CB_JOBPID=76118
BASH_FUNC__spack_shell_wrapper()=() {  for var in LD_LIBRARY_PATH DYLD_LIBRARY_PATH DYLD_FALLBACK_LIBRARY_PATH;
 do
 eval "if [ -n \"\${${var}-}\" ]; then export SPACK_$var=\${${var}}; fi";
 done;
 if [ -n "${ZSH_VERSION:-}" ]; then
 emulate -L sh;
 fi;
 _sp_flags="";
 while [ ! -z ${1+x} ] && [ "${1#-}" != "${1}" ]; do
 _sp_flags="$_sp_flags $1";
 shift;
 done;
 if [ -n "$_sp_flags" ] && [ "${_sp_flags#*h}" != "${_sp_flags}" ] || [ "${_sp_flags#*V}" != "${_sp_flags}" ]; then
 command spack $_sp_flags "$@";
 return;
 fi;
 _sp_subcommand="";
 if [ ! -z ${1+x} ]; then
 _sp_subcommand="$1";
 shift;
 fi;
 case $_sp_subcommand in 
 "cd")
 _sp_arg="";
 if [ -n "$1" ]; then
 _sp_arg="$1";
 shift;
 fi;
 if [ "$_sp_arg" = "-h" ] || [ "$_sp_arg" = "--help" ]; then
 command spack cd -h;
 else
 LOC="$(spack location $_sp_arg "$@")";
 if [ -d "$LOC" ]; then
 cd "$LOC";
 else
 return 1;
 fi;
 fi;
 return
 ;;
 "env")
 _sp_arg="";
 if [ -n "$1" ]; then
 _sp_arg="$1";
 shift;
 fi;
 if [ "$_sp_arg" = "-h" ] || [ "$_sp_arg" = "--help" ]; then
 command spack env -h;
 else
 case $_sp_arg in 
 activate)
 _a=" $@";
 if [ -z ${1+x} ] || [ "${_a#* --sh}" != "$_a" ] || [ "${_a#* --csh}" != "$_a" ] || [ "${_a#* -h}" != "$_a" ] || [ "${_a#* --help}" != "$_a" ]; then
 command spack env activate "$@";
 else
 stdout="$(command spack $_sp_flags env activate --sh "$@")" || return;
 eval "$stdout";
 fi
 ;;
 deactivate)
 _a=" $@";
 if [ "${_a#* --sh}" != "$_a" ] || [ "${_a#* --csh}" != "$_a" ]; then
 command spack env deactivate "$@";
 else
 if [ -n "$*" ]; then
 command spack env deactivate -h;
 else
 stdout="$(command spack $_sp_flags env deactivate --sh)" || return;
 eval "$stdout";
 fi;
 fi
 ;;
 *)
 command spack env $_sp_arg "$@"
 ;;
 esac;
 fi;
 return
 ;;
 "load" | "unload")
 _a=" $@";
 if [ "${_a#* --sh}" != "$_a" ] || [ "${_a#* --csh}" != "$_a" ] || [ "${_a#* -h}" != "$_a" ] || [ "${_a#* --list}" != "$_a" ] || [ "${_a#* --help}" != "$_a" ]; then
 command spack $_sp_flags $_sp_subcommand "$@";
 else
 stdout="$(command spack $_sp_flags $_sp_subcommand --sh "$@")" || return;
 eval "$stdout";
 fi
 ;;
 *)
 command spack $_sp_flags $_sp_subcommand "$@"
 ;;
 esac
}
BASH_FUNC_module()=() {  eval `/usr/bin/modulecmd bash $*`
}
BASH_FUNC_spack()=() {  : this is a shell function from: /share/simforge_share/apps/Spack/share/spack/setup-env.sh;
 : the real spack script is here: /share/simforge_share/apps/Spack/bin/spack;
 _spack_shell_wrapper "$@";
 return $?
}
_=/usr/bin/env


>>> 2022/02/08-10:40:16.751  [AddToEnv@/share/simforge_share/open-source/Code-aster/aster144p/lib/python3.6/site-packages/asrun/system.py:822]
AddToEnv set : ASTER_ELEMENTSDIR=/opt/aster144p/PAR14.4MUPT/lib64/aster

>>> 2022/02/08-10:40:16.751  [AddToEnv@/share/simforge_share/open-source/Code-aster/aster144p/lib/python3.6/site-packages/asrun/system.py:822]
AddToEnv set : LD_LIBRARY_PATH=.:/opt/aster144p/PAR14.4MUPT/lib64/aster:/opt/aster144p/petsc-3.9.4/linux-metis-mumps/lib:/opt/aster144p/parmetis-4.0.3/lib:/opt/aster144p/mumps-5.1.2/lib:/opt/aster144p/public/hdf5-1.10.3/lib:/opt/aster144p/public/med-4.0.0/lib:/opt/aster144p/public/metis-5.1.0/lib:/opt/aster144p/scotch-6.0.4/lib:/opt/OpenBLAS/lib:/opt/aster144p/scalapack/lib:/opt/aster144p/PAR14.4MUPT/lib64:/usr/lib64/mpich-3.2/lib:/opt/aster144p/PAR14.4MUPT/lib64/aster:/usr/lib:/opt/aster144p/public/tfel-3.2.1/lib:/usr/lib:/share/simforge_share/apps/MPICH/mpich-3.2-install/lib:/usr/lib64/:

>>> 2022/02/08-10:40:16.751  [AddToEnv@/share/simforge_share/open-source/Code-aster/aster144p/lib/python3.6/site-packages/asrun/system.py:822]
AddToEnv set : ASTER_DATADIR=/opt/aster144p/PAR14.4MUPT/share/aster

>>> 2022/02/08-10:40:16.751  [AddToEnv@/share/simforge_share/open-source/Code-aster/aster144p/lib/python3.6/site-packages/asrun/system.py:822]
AddToEnv set : PATH=/usr/bin:/share/simforge_share/open-source/Code-aster/aster144p/bin:/share/simforge_share/open-source/Code-aster/aster144p/outils:/opt/skyformai/bin:/opt/aster144p/public/tfel-3.2.1/bin:/share/simforge_share/open-source/Code-aster/aster144p/bin:/share/simforge_share/open-source/Code-aster/aster144p/outils:/opt/skyformai/bin:/bin:/share/simforge_share/apps/MPICH/mpich-3.2-install/bin:/opt/skyformai/bin:/bin:/share/simforge_share/apps/Spack/bin:/usr/java/jre1.8.0_301-amd64/bin:/usr/lib64/qt-3.3/bin:/opt/skyformai/bin:/bin:/usr/local/sbin:/usr/local/bin:/usr/sbin:/usr/bin:/usr/lpp/mmfs/bin:/root/bin:/root/bin:/usr/lib64/qt-3.3/bin:/opt/skyformai/bin:/bin:/usr/local/bin:/usr/bin:/usr/local/sbin:/usr/sbin

>>> 2022/02/08-10:40:16.751  [AddToEnv@/share/simforge_share/open-source/Code-aster/aster144p/lib/python3.6/site-packages/asrun/system.py:822]
AddToEnv set : ASTER_LIBDIR=/opt/aster144p/PAR14.4MUPT/lib64/aster

>>> 2022/02/08-10:40:16.752  [AddToEnv@/share/simforge_share/open-source/Code-aster/aster144p/lib/python3.6/site-packages/asrun/system.py:822]
AddToEnv set : PYTHONHOME=/usr

>>> 2022/02/08-10:40:16.752  [AddToEnv@/share/simforge_share/open-source/Code-aster/aster144p/lib/python3.6/site-packages/asrun/system.py:822]
AddToEnv set : ASTER_LOCALEDIR=/opt/aster144p/PAR14.4MUPT/share/locale/aster

>>> 2022/02/08-10:40:16.752  [AddToEnv@/share/simforge_share/open-source/Code-aster/aster144p/lib/python3.6/site-packages/asrun/system.py:822]
AddToEnv set : PYTHONPATH=.:/opt/aster144p/PAR14.4MUPT/lib64/aster://opt/aster144p/lib/python3.6/site-packages:/usr/lib64/python2.7/site-packages/mpich-3.2:/usr/local/lib64/python3.6/site-packages:/share/simforge_share/open-source/Code-aster/aster144p/lib/python3.6/site-packages:/opt/aster144p/public/tfel-3.2.1/lib/python/site-packages:/share/simforge_share/open-source/Code-aster/aster144p/lib/python3.6/site-packages

>>> 2022/02/08-10:40:16.752  [AddToEnv@/share/simforge_share/open-source/Code-aster/aster144p/lib/python3.6/site-packages/asrun/system.py:822]
AddToEnv set : _=/usr/bin/env

>>> 2022/02/08-10:40:16.753  [RunAster@/share/simforge_share/open-source/Code-aster/aster144p/lib/python3.6/site-packages/asrun/execute.py:201]
set_rep_trav(/share/simforge_home/nsccwx/xyg/tmp/global/modes/global/global) > local=/share/simforge_home/nsccwx/xyg/tmp/global/modes/global/global, global=/share/simforge_home/nsccwx/xyg/tmp/global/modes/global/global/global

>>> 2022/02/08-10:40:16.756  [_dbg@/share/simforge_share/open-source/Code-aster/aster144p/lib/python3.6/site-packages/asrun/profil.py:46]
P memory_limit: 2900.0    P memjob: 2969600    A memjeveux: 362.5

>>> 2022/02/08-10:40:16.756  [_dbg@/share/simforge_share/open-source/Code-aster/aster144p/lib/python3.6/site-packages/asrun/profil.py:46]
P time_limit: 900.0    P tpsjob: 16    A tpmax: 900.0

>>> 2022/02/08-10:40:16.758  [RunAster@/share/simforge_share/open-source/Code-aster/aster144p/lib/python3.6/site-packages/asrun/execute.py:208]
source list : ('/tmp/astk_xyg/xyg-c01n04-profil_astk_76128',)
destination : /share/simforge_share/usr-release/SALOME-9.4.0-CO7-SRC/INSTALL/ASTERSTUDY/lib/python3.6/site-packages/asterstudy/gui/truss_bridge/modes.export

>>> 2022/02/08-10:40:16.759  [RunAster@/share/simforge_share/open-source/Code-aster/aster144p/lib/python3.6/site-packages/asrun/execute.py:208]
cmd :
cp -L -r /tmp/astk_xyg/xyg-c01n04-profil_astk_76128 /share/simforge_share/usr-release/SALOME-9.4.0-CO7-SRC/INSTALL/ASTERSTUDY/lib/python3.6/site-packages/asterstudy/gui/truss_bridge/modes.export
background : False
follow_output : False

>>> 2022/02/08-10:40:16.766  [RunAster@/share/simforge_share/open-source/Code-aster/aster144p/lib/python3.6/site-packages/asrun/execute.py:221]
source list : ('/tmp/astk_xyg/xyg-c01n04-profil_astk_76128',)
destination : /share/simforge_home/nsccwx/xyg/tmp/global/modes/global/global/global/76128.export

>>> 2022/02/08-10:40:16.766  [RunAster@/share/simforge_share/open-source/Code-aster/aster144p/lib/python3.6/site-packages/asrun/execute.py:221]
cmd :
cp -L -r /tmp/astk_xyg/xyg-c01n04-profil_astk_76128 /share/simforge_home/nsccwx/xyg/tmp/global/modes/global/global/global/76128.export
background : False
follow_output : False

>>> 2022/02/08-10:40:16.774  [RunAster@/share/simforge_share/open-source/Code-aster/aster144p/lib/python3.6/site-packages/asrun/execute.py:402]
Start make_etude/make_env/make_dbg action

--------------------------------------------------------------------------------
 Code_Aster execution

<INFO> prepare environment in /share/simforge_home/nsccwx/xyg/tmp/global/modes/global/global/global

--------------------------------------------------------------------------------
 Copying datas


>>> 2022/02/08-10:40:16.778  [copyfileD@/share/simforge_share/open-source/Code-aster/aster144p/lib/python3.6/site-packages/asrun/execution.py:574]
source list : ('/share/simforge_share/usr-release/SALOME-9.4.0-CO7-SRC/INSTALL/ASTERSTUDY/lib/python3.6/site-packages/asterstudy/gui/truss_bridge/modes.comm',)
destination : fort.1.1

>>> 2022/02/08-10:40:16.780  [copyfileD@/share/simforge_share/open-source/Code-aster/aster144p/lib/python3.6/site-packages/asrun/execution.py:574]
cmd :
cp -L -r /share/simforge_share/usr-release/SALOME-9.4.0-CO7-SRC/INSTALL/ASTERSTUDY/lib/python3.6/site-packages/asterstudy/gui/truss_bridge/modes.comm fort.1.1
background : False
follow_output : False
copying .../truss_bridge/modes.comm...                                  
>>> 2022/02/08-10:40:16.789  [Shell@/share/simforge_share/open-source/Code-aster/aster144p/lib/python3.6/site-packages/asrun/system.py:519]
remote command ( <> c01n04 and xyg <> xyg) ? False

>>> 2022/02/08-10:40:16.789  [_check_filetype@/share/simforge_share/open-source/Code-aster/aster144p/lib/python3.6/site-packages/asrun/system.py:711]
cmd :
file fort.1.1
background : False
follow_output : False

>>> 2022/02/08-10:40:16.802  [copyfileD@/share/simforge_share/open-source/Code-aster/aster144p/lib/python3.6/site-packages/asrun/execution.py:574]
source list : ('/share/simforge_share/usr-release/SALOME-9.4.0-CO7-SRC/INSTALL/ASTERSTUDY/lib/python3.6/site-packages/asterstudy/gui/truss_bridge/Mesh_1.med',)
destination : fort.20

>>> 2022/02/08-10:40:16.804  [copyfileD@/share/simforge_share/open-source/Code-aster/aster144p/lib/python3.6/site-packages/asrun/execution.py:574]
cmd :
cp -L -r /share/simforge_share/usr-release/SALOME-9.4.0-CO7-SRC/INSTALL/ASTERSTUDY/lib/python3.6/site-packages/asterstudy/gui/truss_bridge/Mesh_1.med fort.20
background : False
follow_output : False
[  OK  ]
copying .../truss_bridge/Mesh_1.med...                                  
>>> 2022/02/08-10:40:16.812  [Shell@/share/simforge_share/open-source/Code-aster/aster144p/lib/python3.6/site-packages/asrun/system.py:519]
remote command ( <> c01n04 and xyg <> xyg) ? False

>>> 2022/02/08-10:40:16.812  [_check_filetype@/share/simforge_share/open-source/Code-aster/aster144p/lib/python3.6/site-packages/asrun/system.py:711]
cmd :
file fort.20
background : False
follow_output : False

>>> 2022/02/08-10:40:16.819  [execute@/share/simforge_share/open-source/Code-aster/aster144p/lib/python3.6/site-packages/asrun/execution.py:103]
version supports: waf (True), nosuperv (False), orbinitref (True), numthreads (True)
[  OK  ]
<INFO> Parameters : memory 2900 MB - time limit 900 s

--------------------------------------------------------------------------------
 Content of /share/simforge_home/nsccwx/xyg/tmp/global/modes/global/global/global before execution


>>> 2022/02/08-10:40:16.823  [Shell@/share/simforge_share/open-source/Code-aster/aster144p/lib/python3.6/site-packages/asrun/system.py:519]
remote command ( <> c01n04 and xyg <> xyg) ? False

>>> 2022/02/08-10:40:16.824  [execute@/share/simforge_share/open-source/Code-aster/aster144p/lib/python3.6/site-packages/asrun/execution.py:284]
cmd :
ls -la
background : False
follow_output : False

>>> 2022/02/08-10:40:16.834  [SetLimit@/share/simforge_share/open-source/Code-aster/aster144p/lib/python3.6/site-packages/asrun/system.py:951]
['core', 'RLIMIT_CORE', [-1, -1]]
total 3
drwx------ 3 xyg Domain Users   4096 Feb  8 10:40 .
drwxr-xr-x 3 xyg Domain Users   4096 Feb  8 10:40 ..
-rwxr-xr-x 1 xyg Domain Users    946 Feb  8 10:40 76128.export
-rw-r--r-- 1 xyg Domain Users   3227 Feb  8 10:40 config.txt
-rwxr-xr-x 1 xyg Domain Users   1917 Feb  8 10:40 fort.1.1
-rwxr-xr-x 1 xyg Domain Users 103869 Feb  8 10:40 fort.20
drwxr-xr-x 2 xyg Domain Users   4096 Feb  8 10:40 REPE_OUT

<INFO> unable to set RLIMIT_CORE limit to [-1, -1]

>>> 2022/02/08-10:40:16.835  [execute@/share/simforge_share/open-source/Code-aster/aster144p/lib/python3.6/site-packages/asrun/execution.py:345]
source list : ('fort.1.1',)
destination : fort.1

>>> 2022/02/08-10:40:16.835  [execute@/share/simforge_share/open-source/Code-aster/aster144p/lib/python3.6/site-packages/asrun/execution.py:345]
cmd :
cp -L -r fort.1.1 fort.1
background : False
follow_output : False

--------------------------------------------------------------------------------
 Code_Aster run

<INFO> Command line 1 :
<INFO> /opt/aster144p/PAR14.4MUPT/bin/aster /opt/aster144p/PAR14.4MUPT/lib64/aster/Execution/E_SUPERV.py -commandes fort.1 --num_job=76128 --mode=interactif --rep_outils=/share/simforge_share/open-source/Code-aster/aster144p/outils --rep_mat=/opt/aster144p/PAR14.4MUPT/share/aster/materiau --rep_dex=/opt/aster144p/PAR14.4MUPT/share/aster/datg --numthreads=128 --suivi_batch --tpmax=900.0 --memjeveux=362.5

>>> 2022/02/08-10:40:16.844  [get_exec_command@/share/simforge_share/open-source/Code-aster/aster144p/lib/python3.6/site-packages/asrun/runner.py:195]
#!/bin/bash
#
# script template to run Code_Aster using MPI
#
#
# This template contains following Python strings formatting keys :
#
#     cmd_to_run         : Code_Aster command line
#     mpi_get_procid_cmd : command to retreive processor ID
#
# automatically generated for job number #76128
#

ASRUN_PROCID=`echo $PMI_RANK`

if [ -z "$ASRUN_PROCID" ]; then
   echo "Processor ID is not defined !"
   exit 4
fi

ASRUN_WRKDIR=/share/simforge_home/nsccwx/xyg/tmp/global/modes/global/global/proc.$ASRUN_PROCID

if [ -e $ASRUN_WRKDIR ]; then
   rm -rf $ASRUN_WRKDIR
fi
if [ ! -d /share/simforge_home/nsccwx/xyg/tmp/global/modes/global/global ]; then
   mkdir -p /share/simforge_home/nsccwx/xyg/tmp/global/modes/global/global
fi
cp -r /share/simforge_home/nsccwx/xyg/tmp/global/modes/global/global/global $ASRUN_WRKDIR
if [ $? -ne 0 ]; then
    echo "non zero exit status for : cp -r /share/simforge_home/nsccwx/xyg/tmp/global/modes/global/global/global $ASRUN_WRKDIR"
    exit 4
fi
chmod 0700 $ASRUN_WRKDIR

cd $ASRUN_WRKDIR
( . /opt/aster144p/PAR14.4MUPT/share/aster/profile.sh ; /opt/aster144p/PAR14.4MUPT/bin/aster /opt/aster144p/PAR14.4MUPT/lib64/aster/Execution/E_SUPERV.py -commandes fort.1 --num_job=76128 --mode=interactif --rep_outils=/share/simforge_share/open-source/Code-aster/aster144p/outils --rep_mat=/opt/aster144p/PAR14.4MUPT/share/aster/materiau --rep_dex=/opt/aster144p/PAR14.4MUPT/share/aster/datg --numthreads=128 --suivi_batch --tpmax=900.0 --memjeveux=362.5 ; echo EXECUTION_CODE_ASTER_EXIT_76128=$? ) | tee fort.6
iret=$?

if [ -f info_cpu ]; then
   infos=`cat info_cpu`
   echo "PROC=$ASRUN_PROCID INFO_CPU=$infos"
fi

if [ $ASRUN_PROCID -eq 0 ]; then
   echo "Content after execution of $ASRUN_WRKDIR :"
   ls -la . REPE_OUT

   rm -f /share/simforge_home/nsccwx/xyg/tmp/global/modes/global/global/global/glob.* /share/simforge_home/nsccwx/xyg/tmp/global/modes/global/global/global/bhdf.* /share/simforge_home/nsccwx/xyg/tmp/global/modes/global/global/global/pick.*
   rm -rf /share/simforge_home/nsccwx/xyg/tmp/global/modes/global/global/global/REPE_OUT
   # to save time during the following copy
   rm -rf $ASRUN_WRKDIR/REPE_IN $ASRUN_WRKDIR/Python
   cp -rf $ASRUN_WRKDIR/* /share/simforge_home/nsccwx/xyg/tmp/global/modes/global/global/global/
   kret=$?
   if [ $kret -gt $iret ]; then
      iret=$kret
   fi
fi
rm -rf $ASRUN_WRKDIR

exit $iret


>>> 2022/02/08-10:40:16.845  [Shell@/share/simforge_share/open-source/Code-aster/aster144p/lib/python3.6/site-packages/asrun/system.py:519]
remote command ( <> c01n04 and xyg <> xyg) ? False

>>> 2022/02/08-10:40:16.845  [execute@/share/simforge_share/open-source/Code-aster/aster144p/lib/python3.6/site-packages/asrun/execution.py:377]
cmd :
mpirun -np 1 --hostfile /share/simforge_share/open-source/Code-aster/aster144p/etc/codeaster/mpi_hostfile /share/simforge_home/nsccwx/xyg/tmp/global/modes/global/global/global/mpi_script.sh
background : False
follow_output : True
MPI_Init...
# ------------------------------------------------------------------------------------------
# Impression du contenu du fichier de commandes à exécuter :
# ------------------------------------------------------------------------------------------
DEBUT()

mesh = LIRE_MAILLAGE(FORMAT='MED', UNITE=2)

model0 = AFFE_MODELE(
    AFFE=(
        _F(GROUP_MA=('road', ), MODELISATION=('DKT', ), PHENOMENE='MECANIQUE'),
        _F(
            GROUP_MA=('all_beams', ),
            MODELISATION=('POU_D_E', ),
            PHENOMENE='MECANIQUE'
        )
    ),
    MAILLAGE=mesh
)

elempro0 = AFFE_CARA_ELEM(
    COQUE=_F(EPAIS=0.1, GROUP_MA=('road', )),
    MODELE=model0,
    POUTRE=(
        _F(
            CARA=('H', ),
            GROUP_MA=('top_beams', ),
            SECTION='RECTANGLE',
            VALE=(0.1, )
        ), _F(
            CARA=('H', ),
            GROUP_MA=('main_beams', ),
            SECTION='RECTANGLE',
            VALE=(0.1, )
        ), _F(
            CARA=('H', ),
            GROUP_MA=('bottom_beams', ),
            SECTION='RECTANGLE',
            VALE=(0.1, )
        ), _F(
            CARA=('H', ),
            GROUP_MA=('lateral_beams', ),
            SECTION='RECTANGLE',
            VALE=(0.1, )
        )
    )
)

steel = DEFI_MATERIAU(ELAS=_F(E=2e11, NU=0.3, RHO=7850))

concrete = DEFI_MATERIAU(ELAS=_F(E=2.5e10, NU=0.2, RHO=2300))

fieldmat = AFFE_MATERIAU(
    AFFE=(
        _F(GROUP_MA=('all_beams', ), MATER=(steel, )),
        _F(GROUP_MA=('road', ), MATER=(concrete, ))
    ),
    MODELE=model0
)

load = AFFE_CHAR_MECA(
    DDL_IMPO=(
        _F(DX=0.0, DY=0.0, DZ=0.0, GROUP_NO=('left', )),
        _F(DY=0.0, DZ=0.0, GROUP_NO=('right', ))
    ),
    MODELE=model0
)

ASSEMBLAGE(
    CARA_ELEM=elempro0,
    CHAM_MATER=fieldmat,
    CHARGE=(load, ),
    MATR_ASSE=(
        _F(MATRICE=CO('MASS'), OPTION='MASS_MECA'),
        _F(MATRICE=CO('RIGI'), OPTION='RIGI_MECA')
    ),
    MODELE=model0,
    NUME_DDL=CO('ndll')
)

unnamed0 = CALC_MODES(
    CALC_FREQ=_F(NMAX_FREQ=10),
    MATR_MASS=MASS,
    MATR_RIGI=RIGI,
    OPTION='PLUS_PETITE'
)

IMPR_RESU(FORMAT='MED', RESU=_F(RESULTAT=unnamed0), UNITE=80)

FIN()

# ------------------------------------------------------------------------------------------

  Ouverture en écriture du fichier ./vola.1

 <INFO> Démarrage de l'exécution.
                                                                                
                                                                                
        -- CODE_ASTER -- VERSION : DÉVELOPPEMENT STABILISÉE (testing) --        
                                                                                
                     Version 14.4.0 modifiée le 28/06/2019                      
                   révision 9aa55c3f2e9e - branche 'default'                    
                         Copyright EDF R&D 1991 - 2022                          
                                                                                
                    Exécution du : Tue Feb  8 10:40:17 2022                     
                           Nom de la machine : c01n04                           
                              Architecture : 64bit                              
                          Type de processeur : x86_64                           
Système d'exploitation : Linux-3.10.0-1127.el7.x86_64-x86_64-with-centos-7.8.2003-Core
                        Langue des messages : en (UTF-8)                        
                                                                                
                           Version de Python : 3.6.8                            
                           Version de NumPy : 1.19.5                            
   
   !------------------------------------------------------------------------------------!
   ! <A> <SUPERVIS2_2>                                                                  !
   !                                                                                    !
   !     Vous utilisez une vieille version de Code_Aster.                               !
   !                                                                                    !
   !     En mettant à jour votre version, vous bénéficierez des dernières améliorations !
   !     apportées au code depuis 15 mois.                                              !
   !     Si vous avez des développements privés, vous risquez d'avoir un travail        !
   !     important de portage si vous ne suivez pas les mises à jour.                   !
   !                                                                                    !
   !                                                                                    !
   ! Ceci est une alarme. Si vous ne comprenez pas le sens de cette                     !
   ! alarme, vous pouvez obtenir des résultats inattendus !                             !
   !------------------------------------------------------------------------------------!
   
                            Parallélisme MPI : actif                            
                         Rang du processeur courant : 0                         
                       Nombre de processeurs utilisés : 1                       
                          Parallélisme OpenMP : actif                           
                       Nombre de processus utilisés : 128                       
                     Version de la librairie HDF5 : 1.10.3                      
                      Version de la librairie MED : 4.0.0                       
                       Librairie MFront : non disponible                        
                     Version de la librairie MUMPS : 5.1.2                      
                    Version de la librairie PETSc : 3.9.4p0                     
                     Version de la librairie SCOTCH : 6.0.4                     

                  Mémoire limite pour l'exécution : 2900.00 Mo                  
                   consommée par l'initialisation : 503.70 Mo                   
                  par les objets du jeu de commandes : 5.56 Mo                  
                 reste pour l'allocation dynamique : 2390.74 Mo                 
                Taille limite des fichiers d'échange : 48.00 Go                 
                                                                                

.. __stg1_txt1
  # ------------------------------------------------------------------------------------------
  # Commande No :  0001            Concept de type : -
  # ------------------------------------------------------------------------------------------
  DEBUT(PAR_LOT='OUI',
        IMPR_MACRO='NON',
        DEBUG=_F(JXVERI='NON',
                 SDVERI='NON',
                 JEVEUX='NON',
                 HIST_ETAPE='NON',),
        MESURE_TEMPS=_F(NIVE_DETAIL=1,
                        MOYENNE='NON',),
        MEMOIRE=_F(TAILLE_BLOC=800.0,
                   TAILLE_GROUP_ELEM=1000,),
        RESERVE_CPU=_F(BORNE=900,),
        INFO=1,)


  Valeur initiale du temps CPU maximum =   900 secondes
  Valeur du temps CPU maximum passé aux commandes =   810 secondes
  Réserve CPU prévue = 90 secondes

  Ouverture en écriture du fichier ./glob.1

  Ouverture en écriture du fichier ./vola.1

  Ouverture en lecture du fichier /opt/aster144p/PAR14.4MUPT/lib64/aster/elem.1

     Nom de la base                          :  ELEMBASE
     Créée avec la version                   :  14.04.00
     Nombre d'enregistrements utilisés       :  43
     Nombre d'enregistrements maximum        :  512
     Longueur d'enregistrement (octets)      :  819200
     Nombre d'identificateurs utilisés       :  123
     Taille maximum du répertoire            :  300
     Pourcentage d'utilisation du répertoire :  41 %

  Ouverture en lecture du fichier /opt/aster144p/PAR14.4MUPT/lib64/aster/elem.1


     Nom de la base                          :  ELEMBASE
     Nombre d'enregistrements utilisés       :  43
     Nombre d'enregistrements maximum        :  512
     Longueur d'enregistrement (octets)      :  819200
     Nombre total d'accès en lecture         :  60
     Volume des accès en lecture             :         46.88 Mo.
     Nombre total d'accès en écriture        :  0
     Volume des accès en écriture            :          0.00 Mo.
     Nombre d'identificateurs utilisés       :  123
     Taille maximum du répertoire            :  300
     Pourcentage d'utilisation du répertoire :  41 %

  Relecture des catalogues des éléments faite.

  Fin de lecture (durée  0.022029  s.) 
  # Mémoire (Mo) :   550.15 /   542.43 /    44.30 /    22.92 (VmPeak / VmSize / Optimum / Minimum)
  # Fin commande No : 0001   user+syst:        0.04s (syst:        0.03s, elaps:        0.04s)
  # ------------------------------------------------------------------------------------------

.. __stg1_txt3
  # ------------------------------------------------------------------------------------------
  # Commande No :  0002            Concept de type : maillage_sdaster
  # ------------------------------------------------------------------------------------------
  mesh = LIRE_MAILLAGE(FORMAT='MED',
                       UNITE=2,
                       INFO_MED=1,
                       VERI_MAIL=_F(VERIF='OUI',
                                    APLAT=1.E-3,),
                       INFO=1,)

   
   !----------------------------------------------------------------!
   ! <A> <MODELISA9_44>                                             !
   !                                                                !
   !  fichier MED :  fort.2 maillage :   erreur numéro  -1          !
   !                                                                !
   !                                                                !
   ! Ceci est une alarme. Si vous ne comprenez pas le sens de cette !
   ! alarme, vous pouvez obtenir des résultats inattendus !         !
   !----------------------------------------------------------------!
   
   
   !------------------------------------------------------------------------------------------!
   ! <EXCEPTION> <PREPOST3_10>                                                                !
   !                                                                                          !
   !  soit le fichier n'existe pas, soit c'est une mauvaise version de HDF (utilise par MED). !
   !------------------------------------------------------------------------------------------!
   

  Destruction du concept 'mesh'.
 <S> ERREUR UTILISATEUR RECUPEREE PAR LE SUPERVISEUR

.. __stg1_txt86
  # ------------------------------------------------------------------------------------------
  # Commande No :  0004            Concept de type : -
  # ------------------------------------------------------------------------------------------
  FIN(FORMAT_HDF='NON',
      RETASSAGE='NON',
      INFO_RESU='OUI',
      PROC0='OUI',
      )

   
   !-------------------------------------------------------------------------!
   ! <I> <CATAMESS_89>                                                       !
   !                                                                         !
   !     Liste des alarmes émises lors de l'exécution du calcul.             !
   !                                                                         !
   !     Les alarmes que vous avez choisies d'ignorer sont précédées de (*). !
   !     Nombre d'occurrences pour chacune des alarmes :                     !
   !            MODELISA9_44         émise    1 fois                         !
   !            SUPERVIS2_2          émise    1 fois                         !
   !-------------------------------------------------------------------------!
   
 ---------------------------------------------------------------------------
 Concepts de la base: G
    Nom       Type                 Taille (Mo)         Nombre      Nombre de
                                                     d'objets       segments
    TOTAL                                27.29             45            106
  
    &FOZERO                               0.00              2              2
    &&_NUM_C                              0.00              1              1
    &CATA.AC                              0.00              2              4
    &CATA.CL                              0.60              1              3
    &CATA.GD                              0.14              4             11
    &CATA.ME                              0.20              2              4
    &CATA.OP                              0.30              4             19
    &CATA.PH                              0.00              1              1
    &CATA.PR                              0.00              2              4
    &CATA.TE                             26.03             17             42
    &CATA.TH                              0.01              2              4
    &CATA.TM                              0.01              7             11
 ---------------------------------------------------------------------------


     Nom de la base                          :  GLOBALE
     Nombre d'enregistrements utilisés       :  46
     Nombre d'enregistrements maximum        :  62914
     Longueur d'enregistrement (octets)      :  819200
     Nombre total d'accès en lecture         :  7
     Volume des accès en lecture             :          5.47 Mo.
     Nombre total d'accès en écriture        :  62
     Volume des accès en écriture            :         48.44 Mo.
     Nombre d'identificateurs utilisés       :  127
     Taille maximum du répertoire            :  2000
     Pourcentage d'utilisation du répertoire :  6 %


     Nom de la base                          :  VOLATILE
     Nombre d'enregistrements utilisés       :  3
     Nombre d'enregistrements maximum        :  62914
     Longueur d'enregistrement (octets)      :  819200
     Nombre total d'accès en lecture         :  0
     Volume des accès en lecture             :          0.00 Mo.
     Nombre total d'accès en écriture        :  6
     Volume des accès en écriture            :          4.69 Mo.
     Nombre d'identificateurs utilisés       :  25
     Taille maximum du répertoire            :  2000
     Pourcentage d'utilisation du répertoire :  1 %

 <FIN> Arrêt normal dans "FIN".
 <I> <FIN> ARRET NORMAL DANS "FIN" PAR APPEL A "JEFINI".

 La mémoire demandée au lancement est surestimée, elle est de 2900.00 Mo.
 Le pic mémoire utilisée est de 550.15 Mo.



     Nom de la base                          :  ELEMBASE
     Nombre d'enregistrements utilisés       :  43
     Nombre d'enregistrements maximum        :  512
     Longueur d'enregistrement (octets)      :  819200
     Nombre total d'accès en lecture         :  60
     Volume des accès en lecture             :         46.88 Mo.
     Nombre total d'accès en écriture        :  0
     Volume des accès en écriture            :          0.00 Mo.
     Nombre d'identificateurs utilisés       :  123
     Taille maximum du répertoire            :  300
     Pourcentage d'utilisation du répertoire :  41 %
  
 <I> <FIN> MEMOIRE JEVEUX MINIMALE REQUISE POUR L'EXECUTION :                      22.92 Mo
 <I> <FIN> MEMOIRE JEVEUX OPTIMALE REQUISE POUR L'EXECUTION :                      44.30 Mo
 <I> <FIN> MAXIMUM DE MEMOIRE UTILISEE PAR LE PROCESSUS LORS DE L'EXECUTION :     550.15 Mo
  
 <I>       FERMETURE DES BASES EFFECTUEE
  
   STATISTIQUES CONCERNANT L'ALLOCATION DYNAMIQUE :
     TAILLE CUMULEE MAXIMUM            :                   44  Mo.
     TAILLE CUMULEE LIBEREE            :                    5  Mo.
     NOMBRE TOTAL D'ALLOCATIONS        :                  425
     NOMBRE TOTAL DE LIBERATIONS       :                  405
     APPELS AU MECANISME DE LIBERATION :                    0
     TAILLE MEMOIRE CUMULEE RECUPEREE  :                    0  Mo.
     VOLUME DES LECTURES               :                    0  Mo.
     VOLUME DES ECRITURES              :                    0  Mo.
  
   MEMOIRE JEVEUX MINIMALE REQUISE POUR L'EXECUTION :      22.92 Mo
     - IMPOSE DE NOMBREUX ACCES DISQUE
     - RALENTIT LA VITESSE D'EXECUTION
   MEMOIRE JEVEUX OPTIMALE REQUISE POUR L'EXECUTION :      44.30 Mo
     - LIMITE LES ACCES DISQUE
     - AMELIORE LA VITESSE D'EXECUTION
   MAXIMUM DE MEMOIRE UTILISEE PAR LE PROCESSUS     :     550.15 Mo
     - COMPREND LA MEMOIRE CONSOMMEE PAR  JEVEUX, 
       LE SUPERVISEUR PYTHON, LES LIBRAIRIES EXTERNES
  
 <I>       FIN D'EXECUTION LE : MA-08-FEVR-2022 10:40:17


  <I> Informations sur les temps d'exécution
      Temps cpu user total                    0.32 s
      Temps cpu systeme total                 0.07 s
      Temps elapsed total                     0.41 s
      Temps restant                         809.59 s


  La signature de la base sauvegardée est (à l'adresse 0) :
    c87263fd00d6f8f5d39505da9cc3f68f430a82ce

 ********************************************************************************
 * COMMAND                  :       USER :     SYSTEM :   USER+SYS :    ELAPSED *
 ********************************************************************************
 * init (jdc)               :       0.30 :       0.03 :       0.33 :       0.33 *
 *  . compile               :       0.00 :       0.00 :       0.00 :       0.00 *
 *  . exec_compile          :       0.06 :       0.01 :       0.07 :       0.07 *
 *  . report                :       0.01 :       0.00 :       0.01 :       0.00 *
 *  . build                 :       0.00 :       0.00 :       0.00 :       0.00 *
 * DEBUT                    :       0.01 :       0.03 :       0.04 :       0.04 *
 * LIRE_MAILLAGE            :       0.02 :       0.02 :       0.04 :       0.04 *
 * FIN                      :       0.02 :       0.02 :       0.04 :       0.03 *
 *  . part Superviseur      :       0.31 :       0.06 :       0.37 :       0.39 *
 *  . part Fortran          :       0.02 :       0.02 :       0.04 :       0.03 *
 ********************************************************************************
 * TOTAL_JOB                :       0.32 :       0.07 :       0.39 :       0.41 *
 ********************************************************************************

JDC.py : ERREUR A L'EXECUTION - INTERRUPTION
/opt/aster144p/PAR14.4MUPT/lib64/aster/aster_settings.py:262: DeprecationWarning: this command line option is deprecated : --rep_outils
  coreopts.parse_args(argv or sys.argv)
>> JDC.py : DEBUT RAPPORT
CR d'execution de JDC en MIXTE
   !!!!!!!!!!!!!!!!!!!!!!!!!!!!!!!!!!!!!!!!!!!!!!!!!!!!!!!!!!!!!!!!!!!!!!!!!!!!!!!!!!
   ! <S> Exception utilisateur levee mais pas interceptee.                          !
   ! Les bases sont fermees.                                                        !
   ! Type de l'exception : error                                                    !
   !                                                                                !
   !  soit le fichier n'existe pas, soit c'est une mauvaise version de HDF (utilise !
   ! par MED).                                                                      !
   !!!!!!!!!!!!!!!!!!!!!!!!!!!!!!!!!!!!!!!!!!!!!!!!!!!!!!!!!!!!!!!!!!!!!!!!!!!!!!!!!!
fin CR d'execution de JDC en MIXTE

>> JDC.py : FIN RAPPORT
End of the Code_Aster execution
Code_Aster MPI exits normally
Exited
EXECUTION_CODE_ASTER_EXIT_76128=1
PROC=0 INFO_CPU=      0.41       0.32       0.07     809.59
Content after execution of /share/simforge_home/nsccwx/xyg/tmp/global/modes/global/global/proc.0 :
.:
total 4101
drwx------ 3 xyg Domain Users     4096 Feb  8 10:40 .
drwxr-xr-x 4 xyg Domain Users     4096 Feb  8 10:40 ..
-rwxr-xr-x 1 xyg Domain Users      946 Feb  8 10:40 76128.export
-rw-r--r-- 1 xyg Domain Users     3227 Feb  8 10:40 config.txt
-rwxr-xr-x 1 xyg Domain Users     1917 Feb  8 10:40 fort.1
-rwxr-xr-x 1 xyg Domain Users     1917 Feb  8 10:40 fort.1.1
-rw-r--r-- 1 xyg Domain Users        0 Feb  8 10:40 fort.15
-rwxr-xr-x 1 xyg Domain Users   103869 Feb  8 10:40 fort.20
-rw-r--r-- 1 xyg Domain Users    19258 Feb  8 10:40 fort.6
-rw-r--r-- 1 xyg Domain Users        0 Feb  8 10:40 fort.8
-rw-r--r-- 1 xyg Domain Users        0 Feb  8 10:40 fort.9
-rw-r--r-- 1 xyg Domain Users 37683208 Feb  8 10:40 glob.1
-rw-r--r-- 1 xyg Domain Users       44 Feb  8 10:40 info_cpu
-rwxr-xr-x 1 xyg Domain Users     2377 Feb  8 10:40 mpi_script.sh
-rw-r--r-- 1 xyg Domain Users  4757899 Feb  8 10:40 pick.1
drwxr-xr-x 2 xyg Domain Users     4096 Feb  8 10:40 REPE_OUT
-rw-r--r-- 1 xyg Domain Users  2457608 Feb  8 10:40 vola.1

REPE_OUT:
total 1
drwxr-xr-x 2 xyg Domain Users 4096 Feb  8 10:40 .
drwx------ 3 xyg Domain Users 4096 Feb  8 10:40 ..
EXIT_COMMAND_76128_00000014=0

>>> 2022/02/08-10:40:18.137  [local_shell@/share/simforge_share/open-source/Code-aster/aster144p/lib/python3.6/site-packages/asrun/system.py:335]
    ERROR : iret = 1
    +++ STANDARD OUTPUT:
    MPI_Init...
    # ------------------------------------------------------------------------------------------
    # Impression du contenu du fichier de commandes à exécuter :
    # ------------------------------------------------------------------------------------------
    DEBUT()
    
    mesh = LIRE_MAILLAGE(FORMAT='MED', UNITE=2)
    
    model0 = AFFE_MODELE(
        AFFE=(
            _F(GROUP_MA=('road', ), MODELISATION=('DKT', ), PHENOMENE='MECANIQUE'),
            _F(
                GROUP_MA=('all_beams', ),
                MODELISATION=('POU_D_E', ),
                PHENOMENE='MECANIQUE'
            )
        ),
        MAILLAGE=mesh
    )
    
    elempro0 = AFFE_CARA_ELEM(
        COQUE=_F(EPAIS=0.1, GROUP_MA=('road', )),
        MODELE=model0,
        POUTRE=(
            _F(
                CARA=('H', ),
                GROUP_MA=('top_beams', ),
                SECTION='RECTANGLE',
                VALE=(0.1, )
            ), _F(
                CARA=('H', ),
                GROUP_MA=('main_beams', ),
                SECTION='RECTANGLE',
                VALE=(0.1, )
            ), _F(
                CARA=('H', ),
                GROUP_MA=('bottom_beams', ),
                SECTION='RECTANGLE',
                VALE=(0.1, )
            ), _F(
                CARA=('H', ),
                GROUP_MA=('lateral_beams', ),
                SECTION='RECTANGLE',
                VALE=(0.1, )
            )
        )
    )
    
    steel = DEFI_MATERIAU(ELAS=_F(E=2e11, NU=0.3, RHO=7850))
    
    concrete = DEFI_MATERIAU(ELAS=_F(E=2.5e10, NU=0.2, RHO=2300))
    
    fieldmat = AFFE_MATERIAU(
        AFFE=(
            _F(GROUP_MA=('all_beams', ), MATER=(steel, )),
            _F(GROUP_MA=('road', ), MATER=(concrete, ))
        ),
        MODELE=model0
    )
    
    load = AFFE_CHAR_MECA(
        DDL_IMPO=(
            _F(DX=0.0, DY=0.0, DZ=0.0, GROUP_NO=('left', )),
            _F(DY=0.0, DZ=0.0, GROUP_NO=('right', ))
        ),
        MODELE=model0
    )
    
    ASSEMBLAGE(
        CARA_ELEM=elempro0,
        CHAM_MATER=fieldmat,
        CHARGE=(load, ),
        MATR_ASSE=(
            _F(MATRICE=CO('MASS'), OPTION='MASS_MECA'),
            _F(MATRICE=CO('RIGI'), OPTION='RIGI_MECA')
        ),
        MODELE=model0,
        NUME_DDL=CO('ndll')
    )
    
    unnamed0 = CALC_MODES(
        CALC_FREQ=_F(NMAX_FREQ=10),
        MATR_MASS=MASS,
        MATR_RIGI=RIGI,
        OPTION='PLUS_PETITE'
    )
    
    IMPR_RESU(FORMAT='MED', RESU=_F(RESULTAT=unnamed0), UNITE=80)
    
    FIN()
    
    # ------------------------------------------------------------------------------------------
    
      Ouverture en écriture du fichier ./vola.1
    
     <INFO> Démarrage de l'exécution.
                                                                                    
                                                                                    
            -- CODE_ASTER -- VERSION : DÉVELOPPEMENT STABILISÉE (testing) --        
                                                                                    
                         Version 14.4.0 modifiée le 28/06/2019                      
                       révision 9aa55c3f2e9e - branche 'default'                    
                             Copyright EDF R&D 1991 - 2022                          
                                                                                    
                        Exécution du : Tue Feb  8 10:40:17 2022                     
                               Nom de la machine : c01n04                           
                                  Architecture : 64bit                              
                              Type de processeur : x86_64                           
    Système d'exploitation : Linux-3.10.0-1127.el7.x86_64-x86_64-with-centos-7.8.2003-Core
                            Langue des messages : en (UTF-8)                        
                                                                                    
                               Version de Python : 3.6.8                            
                               Version de NumPy : 1.19.5                            
       
       !------------------------------------------------------------------------------------!
       ! <A> <SUPERVIS2_2>                                                                  !
       !                                                                                    !
       !     Vous utilisez une vieille version de Code_Aster.                               !
       !                                                                                    !
       !     En mettant à jour votre version, vous bénéficierez des dernières améliorations !
       !     apportées au code depuis 15 mois.                                              !
       !     Si vous avez des développements privés, vous risquez d'avoir un travail        !
       !     important de portage si vous ne suivez pas les mises à jour.                   !
       !                                                                                    !
       !                                                                                    !
       ! Ceci est une alarme. Si vous ne comprenez pas le sens de cette                     !
       ! alarme, vous pouvez obtenir des résultats inattendus !                             !
       !------------------------------------------------------------------------------------!
       
                                Parallélisme MPI : actif                            
                             Rang du processeur courant : 0                         
                           Nombre de processeurs utilisés : 1                       
                              Parallélisme OpenMP : actif                           
                           Nombre de processus utilisés : 128                       
                         Version de la librairie HDF5 : 1.10.3                      
                          Version de la librairie MED : 4.0.0                       
                           Librairie MFront : non disponible                        
                         Version de la librairie MUMPS : 5.1.2                      
                        Version de la librairie PETSc : 3.9.4p0                     
                         Version de la librairie SCOTCH : 6.0.4                     
    
                      Mémoire limite pour l'exécution : 2900.00 Mo                  
                       consommée par l'initialisation : 503.70 Mo                   
                      par les objets du jeu de commandes : 5.56 Mo                  
                     reste pour l'allocation dynamique : 2390.74 Mo                 
                    Taille limite des fichiers d'échange : 48.00 Go                 
                                                                                    
    
    .. __stg1_txt1
      # ------------------------------------------------------------------------------------------
      # Commande No :  0001            Concept de type : -
      # ------------------------------------------------------------------------------------------
      DEBUT(PAR_LOT='OUI',
            IMPR_MACRO='NON',
            DEBUG=_F(JXVERI='NON',
                     SDVERI='NON',
                     JEVEUX='NON',
                     HIST_ETAPE='NON',),
            MESURE_TEMPS=_F(NIVE_DETAIL=1,
                            MOYENNE='NON',),
            MEMOIRE=_F(TAILLE_BLOC=800.0,
                       TAILLE_GROUP_ELEM=1000,),
            RESERVE_CPU=_F(BORNE=900,),
            INFO=1,)
    
    
      Valeur initiale du temps CPU maximum =   900 secondes
      Valeur du temps CPU maximum passé aux commandes =   810 secondes
      Réserve CPU prévue = 90 secondes
    
      Ouverture en écriture du fichier ./glob.1
    
      Ouverture en écriture du fichier ./vola.1
    
      Ouverture en lecture du fichier /opt/aster144p/PAR14.4MUPT/lib64/aster/elem.1
    
         Nom de la base                          :  ELEMBASE
         Créée avec la version                   :  14.04.00
         Nombre d'enregistrements utilisés       :  43
         Nombre d'enregistrements maximum        :  512
         Longueur d'enregistrement (octets)      :  819200
         Nombre d'identificateurs utilisés       :  123
         Taille maximum du répertoire            :  300
         Pourcentage d'utilisation du répertoire :  41 %
    
      Ouverture en lecture du fichier /opt/aster144p/PAR14.4MUPT/lib64/aster/elem.1
    
    
         Nom de la base                          :  ELEMBASE
         Nombre d'enregistrements utilisés       :  43
         Nombre d'enregistrements maximum        :  512
         Longueur d'enregistrement (octets)      :  819200
         Nombre total d'accès en lecture         :  60
         Volume des accès en lecture             :         46.88 Mo.
         Nombre total d'accès en écriture        :  0
         Volume des accès en écriture            :          0.00 Mo.
         Nombre d'identificateurs utilisés       :  123
         Taille maximum du répertoire            :  300
         Pourcentage d'utilisation du répertoire :  41 %
    
      Relecture des catalogues des éléments faite.
    
      Fin de lecture (durée  0.022029  s.) 
      # Mémoire (Mo) :   550.15 /   542.43 /    44.30 /    22.92 (VmPeak / VmSize / Optimum / Minimum)
      # Fin commande No : 0001   user+syst:        0.04s (syst:        0.03s, elaps:        0.04s)
      # ------------------------------------------------------------------------------------------
    
    .. __stg1_txt3
      # ------------------------------------------------------------------------------------------
      # Commande No :  0002            Concept de type : maillage_sdaster
      # ------------------------------------------------------------------------------------------
      mesh = LIRE_MAILLAGE(FORMAT='MED',
                           UNITE=2,
                           INFO_MED=1,
                           VERI_MAIL=_F(VERIF='OUI',
                                        APLAT=1.E-3,),
                           INFO=1,)
    
       
       !----------------------------------------------------------------!
       ! <A> <MODELISA9_44>                                             !
       !                                                                !
       !  fichier MED :  fort.2 maillage :   erreur numéro  -1          !
       !                                                                !
       !                                                                !
       ! Ceci est une alarme. Si vous ne comprenez pas le sens de cette !
       ! alarme, vous pouvez obtenir des résultats inattendus !         !
       !----------------------------------------------------------------!
       
       
       !------------------------------------------------------------------------------------------!
       ! <EXCEPTION> <PREPOST3_10>                                                                !
       !                                                                                          !
       !  soit le fichier n'existe pas, soit c'est une mauvaise version de HDF (utilise par MED). !
       !------------------------------------------------------------------------------------------!
       
    
      Destruction du concept 'mesh'.
     <S> ERREUR UTILISATEUR RECUPEREE PAR LE SUPERVISEUR
    
    .. __stg1_txt86
      # ------------------------------------------------------------------------------------------
      # Commande No :  0004            Concept de type : -
      # ------------------------------------------------------------------------------------------
      FIN(FORMAT_HDF='NON',
          RETASSAGE='NON',
          INFO_RESU='OUI',
          PROC0='OUI',
          )
    
       
       !-------------------------------------------------------------------------!
       ! <I> <CATAMESS_89>                                                       !
       !                                                                         !
       !     Liste des alarmes émises lors de l'exécution du calcul.             !
       !                                                                         !
       !     Les alarmes que vous avez choisies d'ignorer sont précédées de (*). !
       !     Nombre d'occurrences pour chacune des alarmes :                     !
       !            MODELISA9_44         émise    1 fois                         !
       !            SUPERVIS2_2          émise    1 fois                         !
       !-------------------------------------------------------------------------!
       
     ---------------------------------------------------------------------------
     Concepts de la base: G
        Nom       Type                 Taille (Mo)         Nombre      Nombre de
                                                         d'objets       segments
        TOTAL                                27.29             45            106
      
        &FOZERO                               0.00              2              2
        &&_NUM_C                              0.00              1              1
        &CATA.AC                              0.00              2              4
        &CATA.CL                              0.60              1              3
        &CATA.GD                              0.14              4             11
        &CATA.ME                              0.20              2              4
        &CATA.OP                              0.30              4             19
        &CATA.PH                              0.00              1              1
        &CATA.PR                              0.00              2              4
        &CATA.TE                             26.03             17             42
        &CATA.TH                              0.01              2              4
        &CATA.TM                              0.01              7             11
     ---------------------------------------------------------------------------
    
    
         Nom de la base                          :  GLOBALE
         Nombre d'enregistrements utilisés       :  46
         Nombre d'enregistrements maximum        :  62914
         Longueur d'enregistrement (octets)      :  819200
         Nombre total d'accès en lecture         :  7
         Volume des accès en lecture             :          5.47 Mo.
         Nombre total d'accès en écriture        :  62
         Volume des accès en écriture            :         48.44 Mo.
         Nombre d'identificateurs utilisés       :  127
         Taille maximum du répertoire            :  2000
         Pourcentage d'utilisation du répertoire :  6 %
    
    
         Nom de la base                          :  VOLATILE
         Nombre d'enregistrements utilisés       :  3
         Nombre d'enregistrements maximum        :  62914
         Longueur d'enregistrement (octets)      :  819200
         Nombre total d'accès en lecture         :  0
         Volume des accès en lecture             :          0.00 Mo.
         Nombre total d'accès en écriture        :  6
         Volume des accès en écriture            :          4.69 Mo.
         Nombre d'identificateurs utilisés       :  25
         Taille maximum du répertoire            :  2000
         Pourcentage d'utilisation du répertoire :  1 %
    
     <FIN> Arrêt normal dans "FIN".
     <I> <FIN> ARRET NORMAL DANS "FIN" PAR APPEL A "JEFINI".
    
     La mémoire demandée au lancement est surestimée, elle est de 2900.00 Mo.
     Le pic mémoire utilisée est de 550.15 Mo.
    
    
    
         Nom de la base                          :  ELEMBASE
         Nombre d'enregistrements utilisés       :  43
         Nombre d'enregistrements maximum        :  512
         Longueur d'enregistrement (octets)      :  819200
         Nombre total d'accès en lecture         :  60
         Volume des accès en lecture             :         46.88 Mo.
         Nombre total d'accès en écriture        :  0
         Volume des accès en écriture            :          0.00 Mo.
         Nombre d'identificateurs utilisés       :  123
         Taille maximum du répertoire            :  300
         Pourcentage d'utilisation du répertoire :  41 %
      
     <I> <FIN> MEMOIRE JEVEUX MINIMALE REQUISE POUR L'EXECUTION :                      22.92 Mo
     <I> <FIN> MEMOIRE JEVEUX OPTIMALE REQUISE POUR L'EXECUTION :                      44.30 Mo
     <I> <FIN> MAXIMUM DE MEMOIRE UTILISEE PAR LE PROCESSUS LORS DE L'EXECUTION :     550.15 Mo
      
     <I>       FERMETURE DES BASES EFFECTUEE
      
       STATISTIQUES CONCERNANT L'ALLOCATION DYNAMIQUE :
         TAILLE CUMULEE MAXIMUM            :                   44  Mo.
         TAILLE CUMULEE LIBEREE            :                    5  Mo.
         NOMBRE TOTAL D'ALLOCATIONS        :                  425
         NOMBRE TOTAL DE LIBERATIONS       :                  405
         APPELS AU MECANISME DE LIBERATION :                    0
         TAILLE MEMOIRE CUMULEE RECUPEREE  :                    0  Mo.
         VOLUME DES LECTURES               :                    0  Mo.
         VOLUME DES ECRITURES              :                    0  Mo.
      
       MEMOIRE JEVEUX MINIMALE REQUISE POUR L'EXECUTION :      22.92 Mo
         - IMPOSE DE NOMBREUX ACCES DISQUE
         - RALENTIT LA VITESSE D'EXECUTION
       MEMOIRE JEVEUX OPTIMALE REQUISE POUR L'EXECUTION :      44.30 Mo
         - LIMITE LES ACCES DISQUE
         - AMELIORE LA VITESSE D'EXECUTION
       MAXIMUM DE MEMOIRE UTILISEE PAR LE PROCESSUS     :     550.15 Mo
         - COMPREND LA MEMOIRE CONSOMMEE PAR  JEVEUX, 
           LE SUPERVISEUR PYTHON, LES LIBRAIRIES EXTERNES
      
     <I>       FIN D'EXECUTION LE : MA-08-FEVR-2022 10:40:17
    
    
      <I> Informations sur les temps d'exécution
          Temps cpu user total                    0.32 s
          Temps cpu systeme total                 0.07 s
          Temps elapsed total                     0.41 s
          Temps restant                         809.59 s
    
    
      La signature de la base sauvegardée est (à l'adresse 0) :
        c87263fd00d6f8f5d39505da9cc3f68f430a82ce
    
     ********************************************************************************
     * COMMAND                  :       USER :     SYSTEM :   USER+SYS :    ELAPSED *
     ********************************************************************************
     * init (jdc)               :       0.30 :       0.03 :       0.33 :       0.33 *
     *  . compile               :       0.00 :       0.00 :       0.00 :       0.00 *
     *  . exec_compile          :       0.06 :       0.01 :       0.07 :       0.07 *
     *  . report                :       0.01 :       0.00 :       0.01 :       0.00 *
     *  . build                 :       0.00 :       0.00 :       0.00 :       0.00 *
     * DEBUT                    :       0.01 :       0.03 :       0.04 :       0.04 *
     * LIRE_MAILLAGE            :       0.02 :       0.02 :       0.04 :       0.04 *
     * FIN                      :       0.02 :       0.02 :       0.04 :       0.03 *
     *  . part Superviseur      :       0.31 :       0.06 :       0.37 :       0.39 *
     *  . part Fortran          :       0.02 :       0.02 :       0.04 :       0.03 *
     ********************************************************************************
     * TOTAL_JOB                :       0.32 :       0.07 :       0.39 :       0.41 *
     ********************************************************************************
    
    JDC.py : ERREUR A L'EXECUTION - INTERRUPTION
    /opt/aster144p/PAR14.4MUPT/lib64/aster/aster_settings.py:262: DeprecationWarning: this command line option is deprecated : --rep_outils
      coreopts.parse_args(argv or sys.argv)
    >> JDC.py : DEBUT RAPPORT
    CR d'execution de JDC en MIXTE
       !!!!!!!!!!!!!!!!!!!!!!!!!!!!!!!!!!!!!!!!!!!!!!!!!!!!!!!!!!!!!!!!!!!!!!!!!!!!!!!!!!
       ! <S> Exception utilisateur levee mais pas interceptee.                          !
       ! Les bases sont fermees.                                                        !
       ! Type de l'exception : error                                                    !
       !                                                                                !
       !  soit le fichier n'existe pas, soit c'est une mauvaise version de HDF (utilise !
       ! par MED).                                                                      !
       !!!!!!!!!!!!!!!!!!!!!!!!!!!!!!!!!!!!!!!!!!!!!!!!!!!!!!!!!!!!!!!!!!!!!!!!!!!!!!!!!!
    fin CR d'execution de JDC en MIXTE
    
    >> JDC.py : FIN RAPPORT
    End of the Code_Aster execution
    Code_Aster MPI exits normally
    Exited
    EXECUTION_CODE_ASTER_EXIT_76128=1
    PROC=0 INFO_CPU=      0.41       0.32       0.07     809.59
    Content after execution of /share/simforge_home/nsccwx/xyg/tmp/global/modes/global/global/proc.0 :
    .:
    total 4101
    drwx------ 3 xyg Domain Users     4096 Feb  8 10:40 .
    drwxr-xr-x 4 xyg Domain Users     4096 Feb  8 10:40 ..
    -rwxr-xr-x 1 xyg Domain Users      946 Feb  8 10:40 76128.export
    -rw-r--r-- 1 xyg Domain Users     3227 Feb  8 10:40 config.txt
    -rwxr-xr-x 1 xyg Domain Users     1917 Feb  8 10:40 fort.1
    -rwxr-xr-x 1 xyg Domain Users     1917 Feb  8 10:40 fort.1.1
    -rw-r--r-- 1 xyg Domain Users        0 Feb  8 10:40 fort.15
    -rwxr-xr-x 1 xyg Domain Users   103869 Feb  8 10:40 fort.20
    -rw-r--r-- 1 xyg Domain Users    19258 Feb  8 10:40 fort.6
    -rw-r--r-- 1 xyg Domain Users        0 Feb  8 10:40 fort.8
    -rw-r--r-- 1 xyg Domain Users        0 Feb  8 10:40 fort.9
    -rw-r--r-- 1 xyg Domain Users 37683208 Feb  8 10:40 glob.1
    -rw-r--r-- 1 xyg Domain Users       44 Feb  8 10:40 info_cpu
    -rwxr-xr-x 1 xyg Domain Users     2377 Feb  8 10:40 mpi_script.sh
    -rw-r--r-- 1 xyg Domain Users  4757899 Feb  8 10:40 pick.1
    drwxr-xr-x 2 xyg Domain Users     4096 Feb  8 10:40 REPE_OUT
    -rw-r--r-- 1 xyg Domain Users  2457608 Feb  8 10:40 vola.1
    
    REPE_OUT:
    total 1
    drwxr-xr-x 2 xyg Domain Users 4096 Feb  8 10:40 .
    drwx------ 3 xyg Domain Users 4096 Feb  8 10:40 ..
    EXIT_COMMAND_76128_00000014=0
    
    +++ STANDARD ERROR:
    
    +++ END

>>> 2022/02/08-10:40:18.146  [_diag_erre@/share/simforge_share/open-source/Code-aster/aster144p/lib/python3.6/site-packages/asrun/build.py:1499]
n_debut=1, n_fin=1, mess=False : ok=True

>>> 2022/02/08-10:40:18.146  [_diag_erre@/share/simforge_share/open-source/Code-aster/aster144p/lib/python3.6/site-packages/asrun/build.py:1500]
alarm=True, errs=True, fatal=False, exitcode=1

>>> 2022/02/08-10:40:18.147  [getDiag@/share/simforge_share/open-source/Code-aster/aster144p/lib/python3.6/site-packages/asrun/build.py:1213]
Fichier : fort.6
_diag_erre : <S>_ERROR
<INFO> Code_Aster run ended, diagnostic : <S>_ERROR

--------------------------------------------------------------------------------
 Content of /share/simforge_home/nsccwx/xyg/tmp/global/modes/global/global/global after execution


>>> 2022/02/08-10:40:18.147  [Shell@/share/simforge_share/open-source/Code-aster/aster144p/lib/python3.6/site-packages/asrun/system.py:519]
remote command ( <> c01n04 and xyg <> xyg) ? False

>>> 2022/02/08-10:40:18.148  [execute@/share/simforge_share/open-source/Code-aster/aster144p/lib/python3.6/site-packages/asrun/execution.py:496]
cmd :
ls -la . REPE_OUT
background : False
follow_output : False
.:
total 32773
drwx------ 3 xyg Domain Users     4096 Feb  8 10:40 .
drwxr-xr-x 3 xyg Domain Users     4096 Feb  8 10:40 ..
-rwxr-xr-x 1 xyg Domain Users      946 Feb  8 10:40 76128.export
-rw-r--r-- 1 xyg Domain Users     3227 Feb  8 10:40 config.txt
-rwxr-xr-x 1 xyg Domain Users     1917 Feb  8 10:40 fort.1
-rwxr-xr-x 1 xyg Domain Users     1917 Feb  8 10:40 fort.1.1
-rw-r--r-- 1 xyg Domain Users        0 Feb  8 10:40 fort.15
-rwxr-xr-x 1 xyg Domain Users   103869 Feb  8 10:40 fort.20
-rw-r--r-- 1 xyg Domain Users    19277 Feb  8 10:40 fort.6
-rw-r--r-- 1 xyg Domain Users        0 Feb  8 10:40 fort.8
-rw-r--r-- 1 xyg Domain Users        0 Feb  8 10:40 fort.9
-rw-r--r-- 1 xyg Domain Users 37683208 Feb  8 10:40 glob.1
-rw-r--r-- 1 xyg Domain Users       44 Feb  8 10:40 info_cpu
-rwxr-xr-x 1 xyg Domain Users     2377 Feb  8 10:40 mpi_script.sh
-rw-r--r-- 1 xyg Domain Users  4757899 Feb  8 10:40 pick.1
drwxr-xr-x 2 xyg Domain Users     4096 Feb  8 10:40 REPE_OUT
-rw-r--r-- 1 xyg Domain Users  2457608 Feb  8 10:40 vola.1

REPE_OUT:
total 1
drwxr-xr-x 2 xyg Domain Users 4096 Feb  8 10:40 .
drwx------ 3 xyg Domain Users 4096 Feb  8 10:40 ..


--------------------------------------------------------------------------------
 Size of bases

<INFO> size of vola.1 :      2457608 bytes
<INFO> size of glob.1 :     37683208 bytes
<INFO> size of pick.1 :      4757899 bytes

--------------------------------------------------------------------------------
 Copying results


>>> 2022/02/08-10:40:18.163  [Mess@/share/simforge_share/open-source/Code-aster/aster144p/lib/python3.6/site-packages/asrun/run.py:639]
Warning or error raised :
<A>_ALARM can not change permissions on /share/simforge_share/usr-release/SALOME-9.4.0-CO7-SRC/INSTALL/ASTERSTUDY/lib/python3.6/site-packages/asterstudy/gui/truss_bridge
Traceback:
  File "/share/simforge_share/open-source/Code-aster/aster144p/lib/python3.6/site-packages/asrun/main.py", line 109, in main
    start()
  File "/share/simforge_share/open-source/Code-aster/aster144p/lib/python3.6/site-packages/asrun/main.py", line 92, in start
    meth(run, *args)
  File "/share/simforge_share/open-source/Code-aster/aster144p/lib/python3.6/site-packages/asrun/execute.py", line 456, in RunAster
    copyfiles(run, 'RESU', prof, copybase, emit_alarm)
  File "/share/simforge_share/open-source/Code-aster/aster144p/lib/python3.6/site-packages/asrun/execution.py", line 536, in copyfiles
    copyfileR(run, df, copybase, alarm)
  File "/share/simforge_share/open-source/Code-aster/aster144p/lib/python3.6/site-packages/asrun/execution.py", line 663, in copyfileR
    kret = run.MkDir(osp.dirname(df['path']), '<E>_MKDIR_ERROR')
  File "/share/simforge_share/open-source/Code-aster/aster144p/lib/python3.6/site-packages/asrun/system.py", line 762, in MkDir
    self._mess(ufmt(_('can not change permissions on %s'), rep), '<A>_ALARM')
  File "/share/simforge_share/open-source/Code-aster/aster144p/lib/python3.6/site-packages/asrun/system.py", line 219, in _mess
    self.run.Mess(msg, cod, store)
  File "/share/simforge_share/open-source/Code-aster/aster144p/lib/python3.6/site-packages/asrun/run.py", line 639, in Mess
    print_traceback=True)
  File "/share/simforge_share/open-source/Code-aster/aster144p/lib/python3.6/site-packages/asrun/run.py", line 817, in DBG
    stack_id=stack_id, all=all, prefix=prefix, *args)
  File "/share/simforge_share/open-source/Code-aster/aster144p/lib/python3.6/site-packages/asrun/run.py", line 773, in _printDBG
    stack = traceback.format_stack(limit=10)



<A>_ALARM          can not change permissions on /share/simforge_share/usr-release/SALOME-9.4.0-CO7-SRC/INSTALL/ASTERSTUDY/lib/python3.6/site-packages/asterstudy/gui/truss_bridge


>>> 2022/02/08-10:40:18.164  [Mess@/share/simforge_share/open-source/Code-aster/aster144p/lib/python3.6/site-packages/asrun/run.py:639]
Warning or error raised :
<A>_COPYFILE no such file or directory: fort.80
Traceback:
  File "<string>", line 1, in <module>
  File "/share/simforge_share/open-source/Code-aster/aster144p/lib/python3.6/site-packages/asrun/main.py", line 109, in main
    start()
  File "/share/simforge_share/open-source/Code-aster/aster144p/lib/python3.6/site-packages/asrun/main.py", line 92, in start
    meth(run, *args)
  File "/share/simforge_share/open-source/Code-aster/aster144p/lib/python3.6/site-packages/asrun/execute.py", line 456, in RunAster
    copyfiles(run, 'RESU', prof, copybase, emit_alarm)
  File "/share/simforge_share/open-source/Code-aster/aster144p/lib/python3.6/site-packages/asrun/execution.py", line 536, in copyfiles
    copyfileR(run, df, copybase, alarm)
  File "/share/simforge_share/open-source/Code-aster/aster144p/lib/python3.6/site-packages/asrun/execution.py", line 670, in copyfileR
    run.Mess(ufmt("no such file or directory: %s", fname), '<A>_COPYFILE')
  File "/share/simforge_share/open-source/Code-aster/aster144p/lib/python3.6/site-packages/asrun/run.py", line 639, in Mess
    print_traceback=True)
  File "/share/simforge_share/open-source/Code-aster/aster144p/lib/python3.6/site-packages/asrun/run.py", line 817, in DBG
    stack_id=stack_id, all=all, prefix=prefix, *args)
  File "/share/simforge_share/open-source/Code-aster/aster144p/lib/python3.6/site-packages/asrun/run.py", line 773, in _printDBG
    stack = traceback.format_stack(limit=10)



<A>_COPYFILE       no such file or directory: fort.80


>>> 2022/02/08-10:40:18.165  [Mess@/share/simforge_share/open-source/Code-aster/aster144p/lib/python3.6/site-packages/asrun/run.py:639]
Warning or error raised :
<A>_ALARM can not change permissions on /share/simforge_share/usr-release/SALOME-9.4.0-CO7-SRC/INSTALL/ASTERSTUDY/lib/python3.6/site-packages/asterstudy/gui/truss_bridge
Traceback:
  File "/share/simforge_share/open-source/Code-aster/aster144p/lib/python3.6/site-packages/asrun/main.py", line 109, in main
    start()
  File "/share/simforge_share/open-source/Code-aster/aster144p/lib/python3.6/site-packages/asrun/main.py", line 92, in start
    meth(run, *args)
  File "/share/simforge_share/open-source/Code-aster/aster144p/lib/python3.6/site-packages/asrun/execute.py", line 456, in RunAster
    copyfiles(run, 'RESU', prof, copybase, emit_alarm)
  File "/share/simforge_share/open-source/Code-aster/aster144p/lib/python3.6/site-packages/asrun/execution.py", line 536, in copyfiles
    copyfileR(run, df, copybase, alarm)
  File "/share/simforge_share/open-source/Code-aster/aster144p/lib/python3.6/site-packages/asrun/execution.py", line 663, in copyfileR
    kret = run.MkDir(osp.dirname(df['path']), '<E>_MKDIR_ERROR')
  File "/share/simforge_share/open-source/Code-aster/aster144p/lib/python3.6/site-packages/asrun/system.py", line 762, in MkDir
    self._mess(ufmt(_('can not change permissions on %s'), rep), '<A>_ALARM')
  File "/share/simforge_share/open-source/Code-aster/aster144p/lib/python3.6/site-packages/asrun/system.py", line 219, in _mess
    self.run.Mess(msg, cod, store)
  File "/share/simforge_share/open-source/Code-aster/aster144p/lib/python3.6/site-packages/asrun/run.py", line 639, in Mess
    print_traceback=True)
  File "/share/simforge_share/open-source/Code-aster/aster144p/lib/python3.6/site-packages/asrun/run.py", line 817, in DBG
    stack_id=stack_id, all=all, prefix=prefix, *args)
  File "/share/simforge_share/open-source/Code-aster/aster144p/lib/python3.6/site-packages/asrun/run.py", line 773, in _printDBG
    stack = traceback.format_stack(limit=10)



<A>_ALARM          can not change permissions on /share/simforge_share/usr-release/SALOME-9.4.0-CO7-SRC/INSTALL/ASTERSTUDY/lib/python3.6/site-packages/asterstudy/gui/truss_bridge


>>> 2022/02/08-10:40:18.167  [copyfileR@/share/simforge_share/open-source/Code-aster/aster144p/lib/python3.6/site-packages/asrun/execution.py:673]
source list : ('fort.6',)
destination : /share/simforge_share/usr-release/SALOME-9.4.0-CO7-SRC/INSTALL/ASTERSTUDY/lib/python3.6/site-packages/asterstudy/gui/truss_bridge/modes.mess

>>> 2022/02/08-10:40:18.167  [copyfileR@/share/simforge_share/open-source/Code-aster/aster144p/lib/python3.6/site-packages/asrun/execution.py:673]
cmd :
cp -L -r fort.6 /share/simforge_share/usr-release/SALOME-9.4.0-CO7-SRC/INSTALL/ASTERSTUDY/lib/python3.6/site-packages/asterstudy/gui/truss_bridge/modes.mess
background : False
follow_output : False
copying .../fort.6...                                                   
>>> 2022/02/08-10:40:18.179  [Mess@/share/simforge_share/open-source/Code-aster/aster144p/lib/python3.6/site-packages/asrun/run.py:639]
Warning or error raised :
<S>_ERROR Code_Aster run ended
Traceback:
  File "<string>", line 1, in <module>
  File "/share/simforge_share/open-source/Code-aster/aster144p/lib/python3.6/site-packages/asrun/main.py", line 109, in main
    start()
  File "/share/simforge_share/open-source/Code-aster/aster144p/lib/python3.6/site-packages/asrun/main.py", line 92, in start
    meth(run, *args)
  File "/share/simforge_share/open-source/Code-aster/aster144p/lib/python3.6/site-packages/asrun/execute.py", line 461, in RunAster
    run.Mess(_('Code_Aster run ended'), diag)
  File "/share/simforge_share/open-source/Code-aster/aster144p/lib/python3.6/site-packages/asrun/run.py", line 639, in Mess
    print_traceback=True)
  File "/share/simforge_share/open-source/Code-aster/aster144p/lib/python3.6/site-packages/asrun/run.py", line 817, in DBG
    stack_id=stack_id, all=all, prefix=prefix, *args)
  File "/share/simforge_share/open-source/Code-aster/aster144p/lib/python3.6/site-packages/asrun/run.py", line 773, in _printDBG
    stack = traceback.format_stack(limit=10)


[  OK  ]

<S>_ERROR          Code_Aster run ended


>>> 2022/02/08-10:40:18.181  [Shell@/share/simforge_share/open-source/Code-aster/aster144p/lib/python3.6/site-packages/asrun/system.py:519]
remote command ( <> c01n04 and xyg <> xyg) ? False

>>> 2022/02/08-10:40:18.181  [_clear_tmp@/share/simforge_share/open-source/Code-aster/aster144p/lib/python3.6/site-packages/asrun/run.py:483]
cmd :
\rm -rf /share/simforge_home/nsccwx/xyg/tmp/global/modes/global/global/global
background : False
follow_output : False

>>> 2022/02/08-10:40:18.192  [Shell@/share/simforge_share/open-source/Code-aster/aster144p/lib/python3.6/site-packages/asrun/system.py:519]
remote command ( <> c01n04 and xyg <> xyg) ? False

>>> 2022/02/08-10:40:18.192  [_clear_tmp@/share/simforge_share/open-source/Code-aster/aster144p/lib/python3.6/site-packages/asrun/run.py:483]
cmd :
\rm -rf /tmp/astk_xyg/xyg-c01n04-profil_astk_76128
background : False
follow_output : False

>>> 2022/02/08-10:40:18.200  [Sortie@/share/simforge_share/open-source/Code-aster/aster144p/lib/python3.6/site-packages/asrun/run.py:732]
exit 4

 
 ---------------------------------------------------------------------------------
                                            cpu     system    cpu+sys    elapsed
 ---------------------------------------------------------------------------------
   Preparation of environment              0.00       0.00       0.00       0.00
   Copying datas                           0.02       0.02       0.04       0.04
   Code_Aster run                          1.39       0.28       1.67       1.30
     Code_Aster run - rank #0              0.32       0.07       0.39       0.00
   Copying results                         0.00       0.00       0.00       0.02
 ---------------------------------------------------------------------------------
   Total                                   1.50       0.40       1.90       1.54
 ---------------------------------------------------------------------------------
   (*) cpu and system times may be not correctly counted using mpirun.

as_run 2019.0

------------------------------------------------------------
--- DIAGNOSTIC JOB : <S>_ERROR
------------------------------------------------------------


EXIT_CODE=4

>>> 2022/02/08-10:47:47.003  [start@/share/simforge_share/open-source/Code-aster/aster144p/lib/python3.6/site-packages/asrun/main.py:71]
Command line run on 'c01n04'
using python executable '/usr/bin/python3' :
['/share/simforge_share/open-source/Code-aster/aster144p/bin/as_run',
 '--vers=14.4MUPT',
 '/share/simforge_share/usr-release/SALOME-9.4.0-CO7-SRC/INSTALL/ASTERSTUDY/lib/python3.6/site-packages/asterstudy/gui/truss_bridge/modes.export']

>>> 2022/02/08-10:47:47.003  [__init__@/share/simforge_share/open-source/Code-aster/aster144p/lib/python3.6/site-packages/asrun/system.py:194]
AsterSystem param :
{'remote_copy_protocol': 'SCP', 'remote_shell_protocol': 'SSH'}

>>> 2022/02/08-10:47:47.004  [Shell@/share/simforge_share/open-source/Code-aster/aster144p/lib/python3.6/site-packages/asrun/system.py:519]
remote command ( <> c01n04 and xyg <> xyg) ? False

>>> 2022/02/08-10:47:47.004  [GetMemInfo@/share/simforge_share/open-source/Code-aster/aster144p/lib/python3.6/site-packages/asrun/system.py:877]
cmd :
cat /proc/meminfo
background : False
follow_output : False

>>> 2022/02/08-10:47:47.013  [GetMemInfo@/share/simforge_share/open-source/Code-aster/aster144p/lib/python3.6/site-packages/asrun/system.py:884]
GetMemInfo 'memtotal' returns : 515703

>>> 2022/02/08-10:47:47.013  [Shell@/share/simforge_share/open-source/Code-aster/aster144p/lib/python3.6/site-packages/asrun/system.py:519]
remote command ( <> c01n04 and xyg <> xyg) ? False

>>> 2022/02/08-10:47:47.013  [GetCpuInfo@/share/simforge_share/open-source/Code-aster/aster144p/lib/python3.6/site-packages/asrun/system.py:855]
cmd :
cat /proc/cpuinfo
background : False
follow_output : False

>>> 2022/02/08-10:47:47.024  [GetCpuInfo@/share/simforge_share/open-source/Code-aster/aster144p/lib/python3.6/site-packages/asrun/system.py:863]
GetCpuInfo 'numcpu' returns : 256

>>> 2022/02/08-10:47:47.025  [get_limits@/share/simforge_share/open-source/Code-aster/aster144p/lib/python3.6/site-packages/asrun/common_func.py:177]
Limits returned :
{'interactif_memmax': 515703,
 'interactif_mpi_nbpmax': 32,
 'interactif_nbpmax': 256,
 'interactif_tpsmax': '9999:00:00'}

>>> 2022/02/08-10:47:47.025  [get_limits@/share/simforge_share/open-source/Code-aster/aster144p/lib/python3.6/site-packages/asrun/common_func.py:177]
Limits returned :
{'batch_memmax': 515703,
 'batch_mpi_nbpmax': 32,
 'batch_nbpmax': 256,
 'batch_tpsmax': '9999:00:00'}

>>> 2022/02/08-10:47:47.025  [PostConf@/share/simforge_share/open-source/Code-aster/aster144p/lib/python3.6/site-packages/asrun/run.py:583]
installation dirs (aster_root, confdir, localedir, LANG)
/share/simforge_share/open-source/Code-aster/aster144p
/share/simforge_share/open-source/Code-aster/aster144p/etc/codeaster
/share/simforge_share/open-source/Code-aster/aster144p/share/locale
en_US.UTF-8

>>> 2022/02/08-10:47:47.026  [RunAster@/share/simforge_share/open-source/Code-aster/aster144p/lib/python3.6/site-packages/asrun/execute.py:152]
source list : ('/share/simforge_share/usr-release/SALOME-9.4.0-CO7-SRC/INSTALL/ASTERSTUDY/lib/python3.6/site-packages/asterstudy/gui/truss_bridge/modes.export',)
destination : /tmp/astk_xyg/xyg-c01n04-profil_astk_77591

>>> 2022/02/08-10:47:47.026  [RunAster@/share/simforge_share/open-source/Code-aster/aster144p/lib/python3.6/site-packages/asrun/execute.py:152]
cmd :
cp -L -r /share/simforge_share/usr-release/SALOME-9.4.0-CO7-SRC/INSTALL/ASTERSTUDY/lib/python3.6/site-packages/asterstudy/gui/truss_bridge/modes.export /tmp/astk_xyg/xyg-c01n04-profil_astk_77591
background : False
follow_output : False

>>> 2022/02/08-10:47:47.031  [_dbg@/share/simforge_share/open-source/Code-aster/aster144p/lib/python3.6/site-packages/asrun/profil.py:46]
P memory_limit: 2900.0    P memjob: 2969600    A memjeveux: 362.5

>>> 2022/02/08-10:47:47.032  [_dbg@/share/simforge_share/open-source/Code-aster/aster144p/lib/python3.6/site-packages/asrun/profil.py:46]
P time_limit: 900.0    P tpsjob: 16    A tpmax: 900.0

>>> 2022/02/08-10:47:47.035  [_dbg@/share/simforge_share/open-source/Code-aster/aster144p/lib/python3.6/site-packages/asrun/profil.py:46]
P memory_limit: 2900.0    P memjob: 2969600    A memjeveux: 362.5

>>> 2022/02/08-10:47:47.035  [_dbg@/share/simforge_share/open-source/Code-aster/aster144p/lib/python3.6/site-packages/asrun/profil.py:46]
P time_limit: 900.0    P tpsjob: 16    A tpmax: 900.0

>>> 2022/02/08-10:47:47.035  [RunAster@/share/simforge_share/open-source/Code-aster/aster144p/lib/python3.6/site-packages/asrun/execute.py:161]
Input export : /tmp/astk_xyg/xyg-c01n04-profil_astk_77591
AsterProfil object   = 0x2b5155083860
.filename            = /tmp/astk_xyg/xyg-c01n04-profil_astk_77591
P actions make_etude
P memjob 2969600
P memory_limit 2900.0
P mode interactif
P mpi_nbcpu 1
P mpi_nbnoeud 1
P nomjob RunCase_1_Stage_1
P origine AsterStudy 2017.0.2
P rep_trav /share/simforge_home/nsccwx/xyg/tmp/global/modes/global/global/global
P time_limit 900.0
P tpsjob 16
P version 14.4MUPT
A memjeveux 362.5
A tpmax 900.0
F comm /share/simforge_share/usr-release/SALOME-9.4.0-CO7-SRC/INSTALL/ASTERSTUDY/lib/python3.6/site-packages/asterstudy/gui/truss_bridge/modes.comm D  1
F libr /share/simforge_share/usr-release/SALOME-9.4.0-CO7-SRC/INSTALL/ASTERSTUDY/lib/python3.6/site-packages/asterstudy/gui/truss_bridge/Mesh_1.med D  20
F l
[...]

>>> 2022/02/08-10:47:47.037  [AsterBuild@/share/simforge_share/open-source/Code-aster/aster144p/lib/python3.6/site-packages/asrun/build.py:1421]
version supports: ('waf', 'use_numthreads', 'orbinitref', 'noresu', 'nocopy')

>>> 2022/02/08-10:47:47.037  [Shell@/share/simforge_share/open-source/Code-aster/aster144p/lib/python3.6/site-packages/asrun/system.py:519]
remote command ( <> c01n04 and xyg <> xyg) ? False

>>> 2022/02/08-10:47:47.037  [AddToEnv@/share/simforge_share/open-source/Code-aster/aster144p/lib/python3.6/site-packages/asrun/system.py:806]
cmd :
bash -c env
background : False
follow_output : False

>>> 2022/02/08-10:47:47.041  [AddToEnv@/share/simforge_share/open-source/Code-aster/aster144p/lib/python3.6/site-packages/asrun/system.py:807]
env_init
CB_ALLOCATION=[{"ResSpec":"","MinSlots":1,"MaxSlots":1, "Hosts":[{"Name":"c01n04","Port":16331}]}]
CB_JOBFILENAME=/share/simforge_home/nsccwx/xyg/.cbsched/1644288503.9038
MANPATH=:/opt/skyformai/share/man:/opt/skyformai/share/man:/opt/skyformai/share/man
XDG_SESSION_ID=11887
SPACK_ROOT=/share/simforge_share/apps/Spack
HOSTNAME=c01n04
ASTER_ROOT=/share/simforge_share/open-source/Code-aster/aster144p
ASTER_VERSION_DIR=/opt/aster144p/PAR14.4MUPT/share/aster
CB_SUB_HOST=mgt02
TERM=xterm
SHELL=/bin/bash
CB_SUB_MODIFY_FILE=/tmp/.cbdeltaparm.138961.1050865
HISTSIZE=1000
SSH_CLIENT=192.168.167.13 60735 22
CB_LD_LIBRARY_PATH=/opt/aster144p/public/tfel-3.2.1/lib:/usr/lib:/share/simforge_share/apps/MPICH/mpich-3.2-install/lib:/usr/lib64/:
CB_LIBDIR=/opt/skyformai/lib
CB_EFFECTIVE_RSRCREQ=
CB_UNIXGROUP=Domain Users
CB_JOBNAME=/share/simforge_share/open-source/Code-aster/aster144p/bin/as_run --vers=14.4MUPT /share/simforge_share/usr-release/SALOME-9.4.0-CO7-SRC/INSTALL/ASTERSTUDY/lib/python3.6/site-packages/asterstudy/gui/truss_bridge/modes.export
QTDIR=/usr/lib64/qt-3.3
LSF_SERVERDIR=/opt/skyformai/sbin
LSB_JOBID=9038
QTINC=/usr/lib64/qt-3.3/include
CB_TRAPSIGS=trap # 15 10 12 2 1
PYTHONEXECUTABLE=/usr/bin/python3
SSH_TTY=/dev/pts/4
CB_ERRORFILE=modes.error
CB_INTERACTIVE=Y
CB_MCPU_HOSTS=c01n04 1 
QT_GRAPHICSSYSTEM_CHECKED=1
LSF_LIBDIR=/opt/skyformai/lib64
CB_JOB_EXECUSER=xyg
USER=xyg
LD_LIBRARY_PATH=/usr/lib:/opt/aster144p/public/tfel-3.2.1/lib:/usr/lib:/share/simforge_share/apps/MPICH/mpich-3.2-install/lib:/usr/lib64/:
LS_COLORS=rs=0:di=01;34:ln=01;36:mh=00:pi=40;33:so=01;35:do=01;35:bd=40;33;01:cd=40;33;01:or=40;31;01:mi=01;05;37;41:su=37;41:sg=30;43:ca=30;41:tw=30;42:ow=34;42:st=37;44:ex=01;32:*.tar=01;31:*.tgz=01;31:*.arc=01;31:*.arj=01;31:*.taz=01;31:*.lha=01;31:*.lz4=01;31:*.lzh=01;31:*.lzma=01;31:*.tlz=01;31:*.txz=01;31:*.tzo=01;31:*.t7z=01;31:*.zip=01;31:*.z=01;31:*.Z=01;31:*.dz=01;31:*.gz=01;31:*.lrz=01;31:*.lz=01;31:*.lzo=01;31:*.xz=01;31:*.bz2=01;31:*.bz=01;31:*.tbz=01;31:*.tbz2=01;31:*.tz=01;31:*.deb=01;31:*.rpm=01;31:*.jar=01;31:*.war=01;31:*.ear=01;31:*.sar=01;31:*.rar=01;31:*.alz=01;31:*.ace=01;31:*.zoo=01;31:*.cpio=01;31:*.7z=01;31:*.rz=01;31:*.cab=01;31:*.jpg=01;35:*.jpeg=01;35:*.gif=01;35:*.bmp=01;35:*.pbm=01;35:*.pgm=01;35:*.ppm=01;35:*.tga=01;35:*.xbm=01;35:*.xpm=01;35:*.tif=01;35:*.tiff=01;35:*.png=01;35:*.svg=01;35:*.svgz=01;35:*.mng=01;35:*.pcx=01;35:*.mov=01;35:*.mpg=01;35:*.mpeg=01;35:*.m2v=01;35:*.mkv=01;35:*.webm=01;35:*.ogm=01;35:*.mp4=01;35:*.m4v=01;35:*.mp4v=01;35:*.vob=01;35:*.qt=01;35:*.nuv=01;35:*.wmv=01;35:*.asf=01;35:*.rm=01;35:*.rmvb=01;35:*.flc=01;35:*.avi=01;35:*.fli=01;35:*.flv=01;35:*.gl=01;35:*.dl=01;35:*.xcf=01;35:*.xwd=01;35:*.yuv=01;35:*.cgm=01;35:*.emf=01;35:*.axv=01;35:*.anx=01;35:*.ogv=01;35:*.ogx=01;35:*.aac=01;36:*.au=01;36:*.flac=01;36:*.mid=01;36:*.midi=01;36:*.mka=01;36:*.mp3=01;36:*.mpc=01;36:*.ogg=01;36:*.ra=01;36:*.wav=01;36:*.axa=01;36:*.oga=01;36:*.spx=01;36:*.xspf=01;36:
CB_SERVERDIR=/opt/skyformai/sbin
HOSTTYPE=x86_64Linux
CB_JOBID=9038
LS_EXEC_T=START
COLUMNS=237
CBUSER=xyg
LS_SUBCWD=/share/simforge_share/usr-release/SALOME-9.4.0-CO7-SRC/INSTALL/ASTERSTUDY/lib/python3.6/site-packages/asterstudy/gui/truss_bridge
LSB_HOSTS=c01n04
PATH=/share/simforge_share/open-source/Code-aster/aster144p/bin:/share/simforge_share/open-source/Code-aster/aster144p/outils:/opt/skyformai/bin:/opt/aster144p/public/tfel-3.2.1/bin:/share/simforge_share/open-source/Code-aster/aster144p/bin:/share/simforge_share/open-source/Code-aster/aster144p/outils:/opt/skyformai/bin:/bin:/share/simforge_share/apps/MPICH/mpich-3.2-install/bin:/opt/skyformai/bin:/bin:/share/simforge_share/apps/Spack/bin:/usr/java/jre1.8.0_301-amd64/bin:/usr/lib64/qt-3.3/bin:/opt/skyformai/bin:/bin:/usr/local/sbin:/usr/local/bin:/usr/sbin:/usr/bin:/usr/lpp/mmfs/bin:/root/bin:/root/bin:/usr/lib64/qt-3.3/bin:/opt/skyformai/bin:/bin:/usr/local/bin:/usr/bin:/usr/local/sbin:/usr/sbin
MAIL=/var/spool/mail/root
LSB_JOBINDEX=0
CB_QUEUE=q_x86_sf
_=/bin/env
PWD=/share/simforge_share/usr-release/SALOME-9.4.0-CO7-SRC/INSTALL/ASTERSTUDY/lib/python3.6/site-packages/asterstudy/gui/truss_bridge
CB_AUTH_CLIENT=user
CB_BINDIR=/opt/skyformai/bin
LANG=en_US.UTF-8
CB_ENVDIR=/opt/skyformai/etc
CB_ACCT_FILE=/tmp/.1644288503.9038.acct
MODULEPATH=/share/simforge_share/apps/modulefiles/:/share/simforge_share/apps/modulefiles/:/share/simforge_share/apps/Spack/share/spack/modules/linux-centos7-haswell:/share/simforge_share/apps/Spack/share/spack/modules/linux-centos7-skylake_avx512:/share/simforge_share/apps/Spack/share/spack/modules/linux-centos7-cascadelake:/share/simforge_share/apps/modulefiles/:/usr/share/Modules/modulefiles:/etc/modulefiles
LOADEDMODULES=
CB_OUTPUTFILE=modes.out
LINES=56
LSF_BINDIR=/opt/skyformai/bin
LSB_DJOB_NUMPROC=1
HISTCONTROL=ignoredups
CB_EXIT_PRE_ABORT=99
WISHEXECUTABLE=/usr/bin/wish
SHLVL=7
HOME=/share/simforge_home/nsccwx/xyg
CB_AUTH_SERVER=cbsched@aip
CB_SUB_MODIFY_ENVFILE=/tmp/.cbdeltaenv.138961.1050865
CB_JOBINDEX=0
CB_CHKFILENAME=/share/simforge_home/nsccwx/xyg/.cbsched/1644288503.9038
PYTHONPATH=/share/simforge_share/open-source/Code-aster/aster144p/lib/python3.6/site-packages:/opt/aster144p/public/tfel-3.2.1/lib/python/site-packages:/share/simforge_share/open-source/Code-aster/aster144p/lib/python3.6/site-packages
LOGNAME=xyg
LSB_MCPU_HOSTS=c01n04 1 
ASTER_TMPDIR=/tmp
QTLIB=/usr/lib64/qt-3.3/lib
CB_JOBEXIT_STAT=0
CUBE_XDR_VERSION=9220
XDG_DATA_DIRS=/root/.local/share/flatpak/exports/share:/var/lib/flatpak/exports/share:/usr/local/share:/usr/share
SSH_CONNECTION=192.168.167.13 60735 192.168.61.2 22
XLSF_UIDDIR=/opt/skyformai/lib/uid
CUBE_VERSION=9.22.0
MODULESHOME=/usr/share/Modules
CB_SUBCWD=/share/simforge_share/usr-release/SALOME-9.4.0-CO7-SRC/INSTALL/ASTERSTUDY/lib/python3.6/site-packages/asterstudy/gui/truss_bridge
CB_DJOB_NUMPROC=1
LESSOPEN=||/usr/bin/lesspipe.sh %s
CB_HOSTS=c01n04
CB_MAX_NUM_PROCESSORS=1
SPACK_PYTHON=/bin/python3
XDG_RUNTIME_DIR=/run/user/0
DISPLAY=localhost:11.0
LSF_ENVDIR=/opt/skyformai/etc
ASTER_ETC=/share/simforge_share/open-source/Code-aster/aster144p/etc
CB_JOBPID=77580
BASH_FUNC__spack_shell_wrapper()=() {  for var in LD_LIBRARY_PATH DYLD_LIBRARY_PATH DYLD_FALLBACK_LIBRARY_PATH;
 do
 eval "if [ -n \"\${${var}-}\" ]; then export SPACK_$var=\${${var}}; fi";
 done;
 if [ -n "${ZSH_VERSION:-}" ]; then
 emulate -L sh;
 fi;
 _sp_flags="";
 while [ ! -z ${1+x} ] && [ "${1#-}" != "${1}" ]; do
 _sp_flags="$_sp_flags $1";
 shift;
 done;
 if [ -n "$_sp_flags" ] && [ "${_sp_flags#*h}" != "${_sp_flags}" ] || [ "${_sp_flags#*V}" != "${_sp_flags}" ]; then
 command spack $_sp_flags "$@";
 return;
 fi;
 _sp_subcommand="";
 if [ ! -z ${1+x} ]; then
 _sp_subcommand="$1";
 shift;
 fi;
 case $_sp_subcommand in 
 "cd")
 _sp_arg="";
 if [ -n "$1" ]; then
 _sp_arg="$1";
 shift;
 fi;
 if [ "$_sp_arg" = "-h" ] || [ "$_sp_arg" = "--help" ]; then
 command spack cd -h;
 else
 LOC="$(spack location $_sp_arg "$@")";
 if [ -d "$LOC" ]; then
 cd "$LOC";
 else
 return 1;
 fi;
 fi;
 return
 ;;
 "env")
 _sp_arg="";
 if [ -n "$1" ]; then
 _sp_arg="$1";
 shift;
 fi;
 if [ "$_sp_arg" = "-h" ] || [ "$_sp_arg" = "--help" ]; then
 command spack env -h;
 else
 case $_sp_arg in 
 activate)
 _a=" $@";
 if [ -z ${1+x} ] || [ "${_a#* --sh}" != "$_a" ] || [ "${_a#* --csh}" != "$_a" ] || [ "${_a#* -h}" != "$_a" ] || [ "${_a#* --help}" != "$_a" ]; then
 command spack env activate "$@";
 else
 stdout="$(command spack $_sp_flags env activate --sh "$@")" || return;
 eval "$stdout";
 fi
 ;;
 deactivate)
 _a=" $@";
 if [ "${_a#* --sh}" != "$_a" ] || [ "${_a#* --csh}" != "$_a" ]; then
 command spack env deactivate "$@";
 else
 if [ -n "$*" ]; then
 command spack env deactivate -h;
 else
 stdout="$(command spack $_sp_flags env deactivate --sh)" || return;
 eval "$stdout";
 fi;
 fi
 ;;
 *)
 command spack env $_sp_arg "$@"
 ;;
 esac;
 fi;
 return
 ;;
 "load" | "unload")
 _a=" $@";
 if [ "${_a#* --sh}" != "$_a" ] || [ "${_a#* --csh}" != "$_a" ] || [ "${_a#* -h}" != "$_a" ] || [ "${_a#* --list}" != "$_a" ] || [ "${_a#* --help}" != "$_a" ]; then
 command spack $_sp_flags $_sp_subcommand "$@";
 else
 stdout="$(command spack $_sp_flags $_sp_subcommand --sh "$@")" || return;
 eval "$stdout";
 fi
 ;;
 *)
 command spack $_sp_flags $_sp_subcommand "$@"
 ;;
 esac
}
BASH_FUNC_module()=() {  eval `/usr/bin/modulecmd bash $*`
}
BASH_FUNC_spack()=() {  : this is a shell function from: /share/simforge_share/apps/Spack/share/spack/setup-env.sh;
 : the real spack script is here: /share/simforge_share/apps/Spack/bin/spack;
 _spack_shell_wrapper "$@";
 return $?
}


>>> 2022/02/08-10:47:47.042  [Shell@/share/simforge_share/open-source/Code-aster/aster144p/lib/python3.6/site-packages/asrun/system.py:519]
remote command ( <> c01n04 and xyg <> xyg) ? False

>>> 2022/02/08-10:47:47.042  [AddToEnv@/share/simforge_share/open-source/Code-aster/aster144p/lib/python3.6/site-packages/asrun/system.py:813]
cmd :
bash -c ". /opt/aster144p/PAR14.4MUPT/share/aster/profile.sh && env"
background : False
follow_output : False

>>> 2022/02/08-10:47:47.054  [AddToEnv@/share/simforge_share/open-source/Code-aster/aster144p/lib/python3.6/site-packages/asrun/system.py:814]
env_prof
CB_ALLOCATION=[{"ResSpec":"","MinSlots":1,"MaxSlots":1, "Hosts":[{"Name":"c01n04","Port":16331}]}]
CB_JOBFILENAME=/share/simforge_home/nsccwx/xyg/.cbsched/1644288503.9038
MANPATH=:/opt/skyformai/share/man:/opt/skyformai/share/man:/opt/skyformai/share/man
XDG_SESSION_ID=11887
SPACK_ROOT=/share/simforge_share/apps/Spack
HOSTNAME=c01n04
ASTER_ROOT=/share/simforge_share/open-source/Code-aster/aster144p
ASTER_VERSION_DIR=/opt/aster144p/PAR14.4MUPT/share/aster
CB_SUB_HOST=mgt02
TERM=xterm
SHELL=/bin/bash
CB_SUB_MODIFY_FILE=/tmp/.cbdeltaparm.138961.1050865
HISTSIZE=1000
SSH_CLIENT=192.168.167.13 60735 22
CB_LD_LIBRARY_PATH=/opt/aster144p/public/tfel-3.2.1/lib:/usr/lib:/share/simforge_share/apps/MPICH/mpich-3.2-install/lib:/usr/lib64/:
CB_LIBDIR=/opt/skyformai/lib
CB_EFFECTIVE_RSRCREQ=
CB_UNIXGROUP=Domain Users
CB_JOBNAME=/share/simforge_share/open-source/Code-aster/aster144p/bin/as_run --vers=14.4MUPT /share/simforge_share/usr-release/SALOME-9.4.0-CO7-SRC/INSTALL/ASTERSTUDY/lib/python3.6/site-packages/asterstudy/gui/truss_bridge/modes.export
ASTER_ELEMENTSDIR=/opt/aster144p/PAR14.4MUPT/lib64/aster
QTDIR=/usr/lib64/qt-3.3
LSF_SERVERDIR=/opt/skyformai/sbin
LSB_JOBID=9038
QTINC=/usr/lib64/qt-3.3/include
CB_TRAPSIGS=trap # 15 10 12 2 1
PYTHONEXECUTABLE=/usr/bin/python3
SSH_TTY=/dev/pts/4
CB_ERRORFILE=modes.error
CB_INTERACTIVE=Y
CB_MCPU_HOSTS=c01n04 1 
QT_GRAPHICSSYSTEM_CHECKED=1
LSF_LIBDIR=/opt/skyformai/lib64
CB_JOB_EXECUSER=xyg
USER=xyg
LD_LIBRARY_PATH=.:/opt/aster144p/PAR14.4MUPT/lib64/aster:/opt/aster144p/petsc-3.9.4/linux-metis-mumps/lib:/opt/aster144p/parmetis-4.0.3/lib:/opt/aster144p/mumps-5.1.2/lib:/opt/aster144p/public/hdf5-1.10.3/lib:/opt/aster144p/public/med-4.0.0/lib:/opt/aster144p/public/metis-5.1.0/lib:/opt/aster144p/scotch-6.0.4/lib:/opt/OpenBLAS/lib:/opt/aster144p/scalapack/lib:/opt/aster144p/PAR14.4MUPT/lib64:/usr/lib64/mpich-3.2/lib:/opt/aster144p/PAR14.4MUPT/lib64/aster:/usr/lib:/opt/aster144p/public/tfel-3.2.1/lib:/usr/lib:/share/simforge_share/apps/MPICH/mpich-3.2-install/lib:/usr/lib64/:
LS_COLORS=rs=0:di=01;34:ln=01;36:mh=00:pi=40;33:so=01;35:do=01;35:bd=40;33;01:cd=40;33;01:or=40;31;01:mi=01;05;37;41:su=37;41:sg=30;43:ca=30;41:tw=30;42:ow=34;42:st=37;44:ex=01;32:*.tar=01;31:*.tgz=01;31:*.arc=01;31:*.arj=01;31:*.taz=01;31:*.lha=01;31:*.lz4=01;31:*.lzh=01;31:*.lzma=01;31:*.tlz=01;31:*.txz=01;31:*.tzo=01;31:*.t7z=01;31:*.zip=01;31:*.z=01;31:*.Z=01;31:*.dz=01;31:*.gz=01;31:*.lrz=01;31:*.lz=01;31:*.lzo=01;31:*.xz=01;31:*.bz2=01;31:*.bz=01;31:*.tbz=01;31:*.tbz2=01;31:*.tz=01;31:*.deb=01;31:*.rpm=01;31:*.jar=01;31:*.war=01;31:*.ear=01;31:*.sar=01;31:*.rar=01;31:*.alz=01;31:*.ace=01;31:*.zoo=01;31:*.cpio=01;31:*.7z=01;31:*.rz=01;31:*.cab=01;31:*.jpg=01;35:*.jpeg=01;35:*.gif=01;35:*.bmp=01;35:*.pbm=01;35:*.pgm=01;35:*.ppm=01;35:*.tga=01;35:*.xbm=01;35:*.xpm=01;35:*.tif=01;35:*.tiff=01;35:*.png=01;35:*.svg=01;35:*.svgz=01;35:*.mng=01;35:*.pcx=01;35:*.mov=01;35:*.mpg=01;35:*.mpeg=01;35:*.m2v=01;35:*.mkv=01;35:*.webm=01;35:*.ogm=01;35:*.mp4=01;35:*.m4v=01;35:*.mp4v=01;35:*.vob=01;35:*.qt=01;35:*.nuv=01;35:*.wmv=01;35:*.asf=01;35:*.rm=01;35:*.rmvb=01;35:*.flc=01;35:*.avi=01;35:*.fli=01;35:*.flv=01;35:*.gl=01;35:*.dl=01;35:*.xcf=01;35:*.xwd=01;35:*.yuv=01;35:*.cgm=01;35:*.emf=01;35:*.axv=01;35:*.anx=01;35:*.ogv=01;35:*.ogx=01;35:*.aac=01;36:*.au=01;36:*.flac=01;36:*.mid=01;36:*.midi=01;36:*.mka=01;36:*.mp3=01;36:*.mpc=01;36:*.ogg=01;36:*.ra=01;36:*.wav=01;36:*.axa=01;36:*.oga=01;36:*.spx=01;36:*.xspf=01;36:
CB_SERVERDIR=/opt/skyformai/sbin
HOSTTYPE=x86_64Linux
CB_JOBID=9038
LS_EXEC_T=START
ASTER_DATADIR=/opt/aster144p/PAR14.4MUPT/share/aster
COLUMNS=237
CBUSER=xyg
LS_SUBCWD=/share/simforge_share/usr-release/SALOME-9.4.0-CO7-SRC/INSTALL/ASTERSTUDY/lib/python3.6/site-packages/asterstudy/gui/truss_bridge
LSB_HOSTS=c01n04
PATH=/usr/bin:/share/simforge_share/open-source/Code-aster/aster144p/bin:/share/simforge_share/open-source/Code-aster/aster144p/outils:/opt/skyformai/bin:/opt/aster144p/public/tfel-3.2.1/bin:/share/simforge_share/open-source/Code-aster/aster144p/bin:/share/simforge_share/open-source/Code-aster/aster144p/outils:/opt/skyformai/bin:/bin:/share/simforge_share/apps/MPICH/mpich-3.2-install/bin:/opt/skyformai/bin:/bin:/share/simforge_share/apps/Spack/bin:/usr/java/jre1.8.0_301-amd64/bin:/usr/lib64/qt-3.3/bin:/opt/skyformai/bin:/bin:/usr/local/sbin:/usr/local/bin:/usr/sbin:/usr/bin:/usr/lpp/mmfs/bin:/root/bin:/root/bin:/usr/lib64/qt-3.3/bin:/opt/skyformai/bin:/bin:/usr/local/bin:/usr/bin:/usr/local/sbin:/usr/sbin
MAIL=/var/spool/mail/root
LSB_JOBINDEX=0
ASTER_LIBDIR=/opt/aster144p/PAR14.4MUPT/lib64/aster
CB_QUEUE=q_x86_sf
PWD=/share/simforge_share/usr-release/SALOME-9.4.0-CO7-SRC/INSTALL/ASTERSTUDY/lib/python3.6/site-packages/asterstudy/gui/truss_bridge
CB_AUTH_CLIENT=user
CB_BINDIR=/opt/skyformai/bin
LANG=en_US.UTF-8
CB_ENVDIR=/opt/skyformai/etc
CB_ACCT_FILE=/tmp/.1644288503.9038.acct
MODULEPATH=/share/simforge_share/apps/modulefiles/:/share/simforge_share/apps/modulefiles/:/share/simforge_share/apps/Spack/share/spack/modules/linux-centos7-haswell:/share/simforge_share/apps/Spack/share/spack/modules/linux-centos7-skylake_avx512:/share/simforge_share/apps/Spack/share/spack/modules/linux-centos7-cascadelake:/share/simforge_share/apps/modulefiles/:/usr/share/Modules/modulefiles:/etc/modulefiles
LOADEDMODULES=
PYTHONHOME=/usr
CB_OUTPUTFILE=modes.out
LINES=56
LSF_BINDIR=/opt/skyformai/bin
LSB_DJOB_NUMPROC=1
HISTCONTROL=ignoredups
CB_EXIT_PRE_ABORT=99
WISHEXECUTABLE=/usr/bin/wish
SHLVL=7
HOME=/share/simforge_home/nsccwx/xyg
CB_AUTH_SERVER=cbsched@aip
ASTER_LOCALEDIR=/opt/aster144p/PAR14.4MUPT/share/locale/aster
CB_SUB_MODIFY_ENVFILE=/tmp/.cbdeltaenv.138961.1050865
CB_JOBINDEX=0
CB_CHKFILENAME=/share/simforge_home/nsccwx/xyg/.cbsched/1644288503.9038
PYTHONPATH=.:/opt/aster144p/PAR14.4MUPT/lib64/aster://opt/aster144p/lib/python3.6/site-packages:/usr/lib64/python2.7/site-packages/mpich-3.2:/usr/local/lib64/python3.6/site-packages:/share/simforge_share/open-source/Code-aster/aster144p/lib/python3.6/site-packages:/opt/aster144p/public/tfel-3.2.1/lib/python/site-packages:/share/simforge_share/open-source/Code-aster/aster144p/lib/python3.6/site-packages
LOGNAME=xyg
LSB_MCPU_HOSTS=c01n04 1 
ASTER_TMPDIR=/tmp
QTLIB=/usr/lib64/qt-3.3/lib
CB_JOBEXIT_STAT=0
CUBE_XDR_VERSION=9220
XDG_DATA_DIRS=/root/.local/share/flatpak/exports/share:/var/lib/flatpak/exports/share:/usr/local/share:/usr/share
SSH_CONNECTION=192.168.167.13 60735 192.168.61.2 22
XLSF_UIDDIR=/opt/skyformai/lib/uid
CUBE_VERSION=9.22.0
MODULESHOME=/usr/share/Modules
CB_SUBCWD=/share/simforge_share/usr-release/SALOME-9.4.0-CO7-SRC/INSTALL/ASTERSTUDY/lib/python3.6/site-packages/asterstudy/gui/truss_bridge
CB_DJOB_NUMPROC=1
LESSOPEN=||/usr/bin/lesspipe.sh %s
CB_HOSTS=c01n04
CB_MAX_NUM_PROCESSORS=1
SPACK_PYTHON=/bin/python3
XDG_RUNTIME_DIR=/run/user/0
DISPLAY=localhost:11.0
LSF_ENVDIR=/opt/skyformai/etc
ASTER_ETC=/share/simforge_share/open-source/Code-aster/aster144p/etc
CB_JOBPID=77580
BASH_FUNC__spack_shell_wrapper()=() {  for var in LD_LIBRARY_PATH DYLD_LIBRARY_PATH DYLD_FALLBACK_LIBRARY_PATH;
 do
 eval "if [ -n \"\${${var}-}\" ]; then export SPACK_$var=\${${var}}; fi";
 done;
 if [ -n "${ZSH_VERSION:-}" ]; then
 emulate -L sh;
 fi;
 _sp_flags="";
 while [ ! -z ${1+x} ] && [ "${1#-}" != "${1}" ]; do
 _sp_flags="$_sp_flags $1";
 shift;
 done;
 if [ -n "$_sp_flags" ] && [ "${_sp_flags#*h}" != "${_sp_flags}" ] || [ "${_sp_flags#*V}" != "${_sp_flags}" ]; then
 command spack $_sp_flags "$@";
 return;
 fi;
 _sp_subcommand="";
 if [ ! -z ${1+x} ]; then
 _sp_subcommand="$1";
 shift;
 fi;
 case $_sp_subcommand in 
 "cd")
 _sp_arg="";
 if [ -n "$1" ]; then
 _sp_arg="$1";
 shift;
 fi;
 if [ "$_sp_arg" = "-h" ] || [ "$_sp_arg" = "--help" ]; then
 command spack cd -h;
 else
 LOC="$(spack location $_sp_arg "$@")";
 if [ -d "$LOC" ]; then
 cd "$LOC";
 else
 return 1;
 fi;
 fi;
 return
 ;;
 "env")
 _sp_arg="";
 if [ -n "$1" ]; then
 _sp_arg="$1";
 shift;
 fi;
 if [ "$_sp_arg" = "-h" ] || [ "$_sp_arg" = "--help" ]; then
 command spack env -h;
 else
 case $_sp_arg in 
 activate)
 _a=" $@";
 if [ -z ${1+x} ] || [ "${_a#* --sh}" != "$_a" ] || [ "${_a#* --csh}" != "$_a" ] || [ "${_a#* -h}" != "$_a" ] || [ "${_a#* --help}" != "$_a" ]; then
 command spack env activate "$@";
 else
 stdout="$(command spack $_sp_flags env activate --sh "$@")" || return;
 eval "$stdout";
 fi
 ;;
 deactivate)
 _a=" $@";
 if [ "${_a#* --sh}" != "$_a" ] || [ "${_a#* --csh}" != "$_a" ]; then
 command spack env deactivate "$@";
 else
 if [ -n "$*" ]; then
 command spack env deactivate -h;
 else
 stdout="$(command spack $_sp_flags env deactivate --sh)" || return;
 eval "$stdout";
 fi;
 fi
 ;;
 *)
 command spack env $_sp_arg "$@"
 ;;
 esac;
 fi;
 return
 ;;
 "load" | "unload")
 _a=" $@";
 if [ "${_a#* --sh}" != "$_a" ] || [ "${_a#* --csh}" != "$_a" ] || [ "${_a#* -h}" != "$_a" ] || [ "${_a#* --list}" != "$_a" ] || [ "${_a#* --help}" != "$_a" ]; then
 command spack $_sp_flags $_sp_subcommand "$@";
 else
 stdout="$(command spack $_sp_flags $_sp_subcommand --sh "$@")" || return;
 eval "$stdout";
 fi
 ;;
 *)
 command spack $_sp_flags $_sp_subcommand "$@"
 ;;
 esac
}
BASH_FUNC_module()=() {  eval `/usr/bin/modulecmd bash $*`
}
BASH_FUNC_spack()=() {  : this is a shell function from: /share/simforge_share/apps/Spack/share/spack/setup-env.sh;
 : the real spack script is here: /share/simforge_share/apps/Spack/bin/spack;
 _spack_shell_wrapper "$@";
 return $?
}
_=/usr/bin/env


>>> 2022/02/08-10:47:47.054  [AddToEnv@/share/simforge_share/open-source/Code-aster/aster144p/lib/python3.6/site-packages/asrun/system.py:822]
AddToEnv set : ASTER_ELEMENTSDIR=/opt/aster144p/PAR14.4MUPT/lib64/aster

>>> 2022/02/08-10:47:47.054  [AddToEnv@/share/simforge_share/open-source/Code-aster/aster144p/lib/python3.6/site-packages/asrun/system.py:822]
AddToEnv set : LD_LIBRARY_PATH=.:/opt/aster144p/PAR14.4MUPT/lib64/aster:/opt/aster144p/petsc-3.9.4/linux-metis-mumps/lib:/opt/aster144p/parmetis-4.0.3/lib:/opt/aster144p/mumps-5.1.2/lib:/opt/aster144p/public/hdf5-1.10.3/lib:/opt/aster144p/public/med-4.0.0/lib:/opt/aster144p/public/metis-5.1.0/lib:/opt/aster144p/scotch-6.0.4/lib:/opt/OpenBLAS/lib:/opt/aster144p/scalapack/lib:/opt/aster144p/PAR14.4MUPT/lib64:/usr/lib64/mpich-3.2/lib:/opt/aster144p/PAR14.4MUPT/lib64/aster:/usr/lib:/opt/aster144p/public/tfel-3.2.1/lib:/usr/lib:/share/simforge_share/apps/MPICH/mpich-3.2-install/lib:/usr/lib64/:

>>> 2022/02/08-10:47:47.054  [AddToEnv@/share/simforge_share/open-source/Code-aster/aster144p/lib/python3.6/site-packages/asrun/system.py:822]
AddToEnv set : ASTER_DATADIR=/opt/aster144p/PAR14.4MUPT/share/aster

>>> 2022/02/08-10:47:47.055  [AddToEnv@/share/simforge_share/open-source/Code-aster/aster144p/lib/python3.6/site-packages/asrun/system.py:822]
AddToEnv set : PATH=/usr/bin:/share/simforge_share/open-source/Code-aster/aster144p/bin:/share/simforge_share/open-source/Code-aster/aster144p/outils:/opt/skyformai/bin:/opt/aster144p/public/tfel-3.2.1/bin:/share/simforge_share/open-source/Code-aster/aster144p/bin:/share/simforge_share/open-source/Code-aster/aster144p/outils:/opt/skyformai/bin:/bin:/share/simforge_share/apps/MPICH/mpich-3.2-install/bin:/opt/skyformai/bin:/bin:/share/simforge_share/apps/Spack/bin:/usr/java/jre1.8.0_301-amd64/bin:/usr/lib64/qt-3.3/bin:/opt/skyformai/bin:/bin:/usr/local/sbin:/usr/local/bin:/usr/sbin:/usr/bin:/usr/lpp/mmfs/bin:/root/bin:/root/bin:/usr/lib64/qt-3.3/bin:/opt/skyformai/bin:/bin:/usr/local/bin:/usr/bin:/usr/local/sbin:/usr/sbin

>>> 2022/02/08-10:47:47.055  [AddToEnv@/share/simforge_share/open-source/Code-aster/aster144p/lib/python3.6/site-packages/asrun/system.py:822]
AddToEnv set : ASTER_LIBDIR=/opt/aster144p/PAR14.4MUPT/lib64/aster

>>> 2022/02/08-10:47:47.055  [AddToEnv@/share/simforge_share/open-source/Code-aster/aster144p/lib/python3.6/site-packages/asrun/system.py:822]
AddToEnv set : PYTHONHOME=/usr

>>> 2022/02/08-10:47:47.055  [AddToEnv@/share/simforge_share/open-source/Code-aster/aster144p/lib/python3.6/site-packages/asrun/system.py:822]
AddToEnv set : ASTER_LOCALEDIR=/opt/aster144p/PAR14.4MUPT/share/locale/aster

>>> 2022/02/08-10:47:47.055  [AddToEnv@/share/simforge_share/open-source/Code-aster/aster144p/lib/python3.6/site-packages/asrun/system.py:822]
AddToEnv set : PYTHONPATH=.:/opt/aster144p/PAR14.4MUPT/lib64/aster://opt/aster144p/lib/python3.6/site-packages:/usr/lib64/python2.7/site-packages/mpich-3.2:/usr/local/lib64/python3.6/site-packages:/share/simforge_share/open-source/Code-aster/aster144p/lib/python3.6/site-packages:/opt/aster144p/public/tfel-3.2.1/lib/python/site-packages:/share/simforge_share/open-source/Code-aster/aster144p/lib/python3.6/site-packages

>>> 2022/02/08-10:47:47.055  [AddToEnv@/share/simforge_share/open-source/Code-aster/aster144p/lib/python3.6/site-packages/asrun/system.py:822]
AddToEnv set : _=/usr/bin/env

>>> 2022/02/08-10:47:47.056  [RunAster@/share/simforge_share/open-source/Code-aster/aster144p/lib/python3.6/site-packages/asrun/execute.py:201]
set_rep_trav(/share/simforge_home/nsccwx/xyg/tmp/global/modes/global/global/global) > local=/share/simforge_home/nsccwx/xyg/tmp/global/modes/global/global/global, global=/share/simforge_home/nsccwx/xyg/tmp/global/modes/global/global/global/global

>>> 2022/02/08-10:47:47.058  [_dbg@/share/simforge_share/open-source/Code-aster/aster144p/lib/python3.6/site-packages/asrun/profil.py:46]
P memory_limit: 2900.0    P memjob: 2969600    A memjeveux: 362.5

>>> 2022/02/08-10:47:47.058  [_dbg@/share/simforge_share/open-source/Code-aster/aster144p/lib/python3.6/site-packages/asrun/profil.py:46]
P time_limit: 900.0    P tpsjob: 16    A tpmax: 900.0

>>> 2022/02/08-10:47:47.059  [RunAster@/share/simforge_share/open-source/Code-aster/aster144p/lib/python3.6/site-packages/asrun/execute.py:208]
source list : ('/tmp/astk_xyg/xyg-c01n04-profil_astk_77591',)
destination : /share/simforge_share/usr-release/SALOME-9.4.0-CO7-SRC/INSTALL/ASTERSTUDY/lib/python3.6/site-packages/asterstudy/gui/truss_bridge/modes.export

>>> 2022/02/08-10:47:47.059  [RunAster@/share/simforge_share/open-source/Code-aster/aster144p/lib/python3.6/site-packages/asrun/execute.py:208]
cmd :
cp -L -r /tmp/astk_xyg/xyg-c01n04-profil_astk_77591 /share/simforge_share/usr-release/SALOME-9.4.0-CO7-SRC/INSTALL/ASTERSTUDY/lib/python3.6/site-packages/asterstudy/gui/truss_bridge/modes.export
background : False
follow_output : False

>>> 2022/02/08-10:47:47.064  [RunAster@/share/simforge_share/open-source/Code-aster/aster144p/lib/python3.6/site-packages/asrun/execute.py:221]
source list : ('/tmp/astk_xyg/xyg-c01n04-profil_astk_77591',)
destination : /share/simforge_home/nsccwx/xyg/tmp/global/modes/global/global/global/global/77591.export

>>> 2022/02/08-10:47:47.064  [RunAster@/share/simforge_share/open-source/Code-aster/aster144p/lib/python3.6/site-packages/asrun/execute.py:221]
cmd :
cp -L -r /tmp/astk_xyg/xyg-c01n04-profil_astk_77591 /share/simforge_home/nsccwx/xyg/tmp/global/modes/global/global/global/global/77591.export
background : False
follow_output : False

>>> 2022/02/08-10:47:47.069  [RunAster@/share/simforge_share/open-source/Code-aster/aster144p/lib/python3.6/site-packages/asrun/execute.py:402]
Start make_etude/make_env/make_dbg action

--------------------------------------------------------------------------------
 Code_Aster execution

<INFO> prepare environment in /share/simforge_home/nsccwx/xyg/tmp/global/modes/global/global/global/global

--------------------------------------------------------------------------------
 Copying datas


>>> 2022/02/08-10:47:47.071  [copyfileD@/share/simforge_share/open-source/Code-aster/aster144p/lib/python3.6/site-packages/asrun/execution.py:574]
source list : ('/share/simforge_share/usr-release/SALOME-9.4.0-CO7-SRC/INSTALL/ASTERSTUDY/lib/python3.6/site-packages/asterstudy/gui/truss_bridge/modes.comm',)
destination : fort.1.1

>>> 2022/02/08-10:47:47.072  [copyfileD@/share/simforge_share/open-source/Code-aster/aster144p/lib/python3.6/site-packages/asrun/execution.py:574]
cmd :
cp -L -r /share/simforge_share/usr-release/SALOME-9.4.0-CO7-SRC/INSTALL/ASTERSTUDY/lib/python3.6/site-packages/asterstudy/gui/truss_bridge/modes.comm fort.1.1
background : False
follow_output : False
copying .../truss_bridge/modes.comm...                                  
>>> 2022/02/08-10:47:47.076  [Shell@/share/simforge_share/open-source/Code-aster/aster144p/lib/python3.6/site-packages/asrun/system.py:519]
remote command ( <> c01n04 and xyg <> xyg) ? False

>>> 2022/02/08-10:47:47.077  [_check_filetype@/share/simforge_share/open-source/Code-aster/aster144p/lib/python3.6/site-packages/asrun/system.py:711]
cmd :
file fort.1.1
background : False
follow_output : False

>>> 2022/02/08-10:47:47.084  [copyfileD@/share/simforge_share/open-source/Code-aster/aster144p/lib/python3.6/site-packages/asrun/execution.py:574]
source list : ('/share/simforge_share/usr-release/SALOME-9.4.0-CO7-SRC/INSTALL/ASTERSTUDY/lib/python3.6/site-packages/asterstudy/gui/truss_bridge/Mesh_1.med',)
destination : fort.20

>>> 2022/02/08-10:47:47.085  [copyfileD@/share/simforge_share/open-source/Code-aster/aster144p/lib/python3.6/site-packages/asrun/execution.py:574]
cmd :
cp -L -r /share/simforge_share/usr-release/SALOME-9.4.0-CO7-SRC/INSTALL/ASTERSTUDY/lib/python3.6/site-packages/asterstudy/gui/truss_bridge/Mesh_1.med fort.20
background : False
follow_output : False
[  OK  ]
copying .../truss_bridge/Mesh_1.med...                                  
>>> 2022/02/08-10:47:47.090  [Shell@/share/simforge_share/open-source/Code-aster/aster144p/lib/python3.6/site-packages/asrun/system.py:519]
remote command ( <> c01n04 and xyg <> xyg) ? False

>>> 2022/02/08-10:47:47.090  [_check_filetype@/share/simforge_share/open-source/Code-aster/aster144p/lib/python3.6/site-packages/asrun/system.py:711]
cmd :
file fort.20
background : False
follow_output : False

>>> 2022/02/08-10:47:47.094  [execute@/share/simforge_share/open-source/Code-aster/aster144p/lib/python3.6/site-packages/asrun/execution.py:103]
version supports: waf (True), nosuperv (False), orbinitref (True), numthreads (True)
[  OK  ]
<INFO> Parameters : memory 2900 MB - time limit 900 s

--------------------------------------------------------------------------------
 Content of /share/simforge_home/nsccwx/xyg/tmp/global/modes/global/global/global/global before execution


>>> 2022/02/08-10:47:47.096  [Shell@/share/simforge_share/open-source/Code-aster/aster144p/lib/python3.6/site-packages/asrun/system.py:519]
remote command ( <> c01n04 and xyg <> xyg) ? False

>>> 2022/02/08-10:47:47.096  [execute@/share/simforge_share/open-source/Code-aster/aster144p/lib/python3.6/site-packages/asrun/execution.py:284]
cmd :
ls -la
background : False
follow_output : False

>>> 2022/02/08-10:47:47.102  [SetLimit@/share/simforge_share/open-source/Code-aster/aster144p/lib/python3.6/site-packages/asrun/system.py:951]
['core', 'RLIMIT_CORE', [-1, -1]]
total 3
drwx------ 3 xyg Domain Users   4096 Feb  8 10:47 .
drwxr-xr-x 3 xyg Domain Users   4096 Feb  8 10:47 ..
-rwxr-xr-x 1 xyg Domain Users    953 Feb  8 10:47 77591.export
-rw-r--r-- 1 xyg Domain Users   3227 Feb  8 10:47 config.txt
-rwxr-xr-x 1 xyg Domain Users   1917 Feb  8 10:47 fort.1.1
-rwxr-xr-x 1 xyg Domain Users 103869 Feb  8 10:47 fort.20
drwxr-xr-x 2 xyg Domain Users   4096 Feb  8 10:47 REPE_OUT

<INFO> unable to set RLIMIT_CORE limit to [-1, -1]

>>> 2022/02/08-10:47:47.103  [execute@/share/simforge_share/open-source/Code-aster/aster144p/lib/python3.6/site-packages/asrun/execution.py:345]
source list : ('fort.1.1',)
destination : fort.1

>>> 2022/02/08-10:47:47.103  [execute@/share/simforge_share/open-source/Code-aster/aster144p/lib/python3.6/site-packages/asrun/execution.py:345]
cmd :
cp -L -r fort.1.1 fort.1
background : False
follow_output : False

--------------------------------------------------------------------------------
 Code_Aster run

<INFO> Command line 1 :
<INFO> /opt/aster144p/PAR14.4MUPT/bin/aster /opt/aster144p/PAR14.4MUPT/lib64/aster/Execution/E_SUPERV.py -commandes fort.1 --num_job=77591 --mode=interactif --rep_outils=/share/simforge_share/open-source/Code-aster/aster144p/outils --rep_mat=/opt/aster144p/PAR14.4MUPT/share/aster/materiau --rep_dex=/opt/aster144p/PAR14.4MUPT/share/aster/datg --numthreads=128 --suivi_batch --tpmax=900.0 --memjeveux=362.5

>>> 2022/02/08-10:47:47.107  [get_exec_command@/share/simforge_share/open-source/Code-aster/aster144p/lib/python3.6/site-packages/asrun/runner.py:195]
#!/bin/bash
#
# script template to run Code_Aster using MPI
#
#
# This template contains following Python strings formatting keys :
#
#     cmd_to_run         : Code_Aster command line
#     mpi_get_procid_cmd : command to retreive processor ID
#
# automatically generated for job number #77591
#

ASRUN_PROCID=`echo $PMI_RANK`

if [ -z "$ASRUN_PROCID" ]; then
   echo "Processor ID is not defined !"
   exit 4
fi

ASRUN_WRKDIR=/share/simforge_home/nsccwx/xyg/tmp/global/modes/global/global/global/proc.$ASRUN_PROCID

if [ -e $ASRUN_WRKDIR ]; then
   rm -rf $ASRUN_WRKDIR
fi
if [ ! -d /share/simforge_home/nsccwx/xyg/tmp/global/modes/global/global/global ]; then
   mkdir -p /share/simforge_home/nsccwx/xyg/tmp/global/modes/global/global/global
fi
cp -r /share/simforge_home/nsccwx/xyg/tmp/global/modes/global/global/global/global $ASRUN_WRKDIR
if [ $? -ne 0 ]; then
    echo "non zero exit status for : cp -r /share/simforge_home/nsccwx/xyg/tmp/global/modes/global/global/global/global $ASRUN_WRKDIR"
    exit 4
fi
chmod 0700 $ASRUN_WRKDIR

cd $ASRUN_WRKDIR
( . /opt/aster144p/PAR14.4MUPT/share/aster/profile.sh ; /opt/aster144p/PAR14.4MUPT/bin/aster /opt/aster144p/PAR14.4MUPT/lib64/aster/Execution/E_SUPERV.py -commandes fort.1 --num_job=77591 --mode=interactif --rep_outils=/share/simforge_share/open-source/Code-aster/aster144p/outils --rep_mat=/opt/aster144p/PAR14.4MUPT/share/aster/materiau --rep_dex=/opt/aster144p/PAR14.4MUPT/share/aster/datg --numthreads=128 --suivi_batch --tpmax=900.0 --memjeveux=362.5 ; echo EXECUTION_CODE_ASTER_EXIT_77591=$? ) | tee fort.6
iret=$?

if [ -f info_cpu ]; then
   infos=`cat info_cpu`
   echo "PROC=$ASRUN_PROCID INFO_CPU=$infos"
fi

if [ $ASRUN_PROCID -eq 0 ]; then
   echo "Content after execution of $ASRUN_WRKDIR :"
   ls -la . REPE_OUT

   rm -f /share/simforge_home/nsccwx/xyg/tmp/global/modes/global/global/global/global/glob.* /share/simforge_home/nsccwx/xyg/tmp/global/modes/global/global/global/global/bhdf.* /share/simforge_home/nsccwx/xyg/tmp/global/modes/global/global/global/global/pick.*
   rm -rf /share/simforge_home/nsccwx/xyg/tmp/global/modes/global/global/global/global/REPE_OUT
   # to save time during the following copy
   rm -rf $ASRUN_WRKDIR/REPE_IN $ASRUN_WRKDIR/Python
   cp -rf $ASRUN_WRKDIR/* /share/simforge_home/nsccwx/xyg/tmp/global/modes/global/global/global/global/
   kret=$?
   if [ $kret -gt $iret ]; then
      iret=$kret
   fi
fi
rm -rf $ASRUN_WRKDIR

exit $iret


>>> 2022/02/08-10:47:47.108  [Shell@/share/simforge_share/open-source/Code-aster/aster144p/lib/python3.6/site-packages/asrun/system.py:519]
remote command ( <> c01n04 and xyg <> xyg) ? False

>>> 2022/02/08-10:47:47.108  [execute@/share/simforge_share/open-source/Code-aster/aster144p/lib/python3.6/site-packages/asrun/execution.py:377]
cmd :
mpirun -np 1 --hostfile /share/simforge_share/open-source/Code-aster/aster144p/etc/codeaster/mpi_hostfile /share/simforge_home/nsccwx/xyg/tmp/global/modes/global/global/global/global/mpi_script.sh
background : False
follow_output : True
MPI_Init...
# ------------------------------------------------------------------------------------------
# Impression du contenu du fichier de commandes à exécuter :
# ------------------------------------------------------------------------------------------
DEBUT()

mesh = LIRE_MAILLAGE(FORMAT='MED', UNITE=2)

model0 = AFFE_MODELE(
    AFFE=(
        _F(GROUP_MA=('road', ), MODELISATION=('DKT', ), PHENOMENE='MECANIQUE'),
        _F(
            GROUP_MA=('all_beams', ),
            MODELISATION=('POU_D_E', ),
            PHENOMENE='MECANIQUE'
        )
    ),
    MAILLAGE=mesh
)

elempro0 = AFFE_CARA_ELEM(
    COQUE=_F(EPAIS=0.1, GROUP_MA=('road', )),
    MODELE=model0,
    POUTRE=(
        _F(
            CARA=('H', ),
            GROUP_MA=('top_beams', ),
            SECTION='RECTANGLE',
            VALE=(0.1, )
        ), _F(
            CARA=('H', ),
            GROUP_MA=('main_beams', ),
            SECTION='RECTANGLE',
            VALE=(0.1, )
        ), _F(
            CARA=('H', ),
            GROUP_MA=('bottom_beams', ),
            SECTION='RECTANGLE',
            VALE=(0.1, )
        ), _F(
            CARA=('H', ),
            GROUP_MA=('lateral_beams', ),
            SECTION='RECTANGLE',
            VALE=(0.1, )
        )
    )
)

steel = DEFI_MATERIAU(ELAS=_F(E=2e11, NU=0.3, RHO=7850))

concrete = DEFI_MATERIAU(ELAS=_F(E=2.5e10, NU=0.2, RHO=2300))

fieldmat = AFFE_MATERIAU(
    AFFE=(
        _F(GROUP_MA=('all_beams', ), MATER=(steel, )),
        _F(GROUP_MA=('road', ), MATER=(concrete, ))
    ),
    MODELE=model0
)

load = AFFE_CHAR_MECA(
    DDL_IMPO=(
        _F(DX=0.0, DY=0.0, DZ=0.0, GROUP_NO=('left', )),
        _F(DY=0.0, DZ=0.0, GROUP_NO=('right', ))
    ),
    MODELE=model0
)

ASSEMBLAGE(
    CARA_ELEM=elempro0,
    CHAM_MATER=fieldmat,
    CHARGE=(load, ),
    MATR_ASSE=(
        _F(MATRICE=CO('MASS'), OPTION='MASS_MECA'),
        _F(MATRICE=CO('RIGI'), OPTION='RIGI_MECA')
    ),
    MODELE=model0,
    NUME_DDL=CO('ndll')
)

unnamed0 = CALC_MODES(
    CALC_FREQ=_F(NMAX_FREQ=10),
    MATR_MASS=MASS,
    MATR_RIGI=RIGI,
    OPTION='PLUS_PETITE'
)

IMPR_RESU(FORMAT='MED', RESU=_F(RESULTAT=unnamed0), UNITE=80)

FIN()

# ------------------------------------------------------------------------------------------

  Ouverture en écriture du fichier ./vola.1

 <INFO> Démarrage de l'exécution.
                                                                                
                                                                                
        -- CODE_ASTER -- VERSION : DÉVELOPPEMENT STABILISÉE (testing) --        
                                                                                
                     Version 14.4.0 modifiée le 28/06/2019                      
                   révision 9aa55c3f2e9e - branche 'default'                    
                         Copyright EDF R&D 1991 - 2022                          
                                                                                
                    Exécution du : Tue Feb  8 10:47:47 2022                     
                           Nom de la machine : c01n04                           
                              Architecture : 64bit                              
                          Type de processeur : x86_64                           
Système d'exploitation : Linux-3.10.0-1127.el7.x86_64-x86_64-with-centos-7.8.2003-Core
                        Langue des messages : en (UTF-8)                        
                                                                                
                           Version de Python : 3.6.8                            
                           Version de NumPy : 1.19.5                            
   
   !------------------------------------------------------------------------------------!
   ! <A> <SUPERVIS2_2>                                                                  !
   !                                                                                    !
   !     Vous utilisez une vieille version de Code_Aster.                               !
   !                                                                                    !
   !     En mettant à jour votre version, vous bénéficierez des dernières améliorations !
   !     apportées au code depuis 15 mois.                                              !
   !     Si vous avez des développements privés, vous risquez d'avoir un travail        !
   !     important de portage si vous ne suivez pas les mises à jour.                   !
   !                                                                                    !
   !                                                                                    !
   ! Ceci est une alarme. Si vous ne comprenez pas le sens de cette                     !
   ! alarme, vous pouvez obtenir des résultats inattendus !                             !
   !------------------------------------------------------------------------------------!
   
                            Parallélisme MPI : actif                            
                         Rang du processeur courant : 0                         
                       Nombre de processeurs utilisés : 1                       
                          Parallélisme OpenMP : actif                           
                       Nombre de processus utilisés : 128                       
                     Version de la librairie HDF5 : 1.10.3                      
                      Version de la librairie MED : 4.0.0                       
                       Librairie MFront : non disponible                        
                     Version de la librairie MUMPS : 5.1.2                      
                    Version de la librairie PETSc : 3.9.4p0                     
                     Version de la librairie SCOTCH : 6.0.4                     

                  Mémoire limite pour l'exécution : 2900.00 Mo                  
                   consommée par l'initialisation : 503.71 Mo                   
                  par les objets du jeu de commandes : 5.56 Mo                  
                 reste pour l'allocation dynamique : 2390.73 Mo                 
                Taille limite des fichiers d'échange : 48.00 Go                 
                                                                                

.. __stg1_txt1
  # ------------------------------------------------------------------------------------------
  # Commande No :  0001            Concept de type : -
  # ------------------------------------------------------------------------------------------
  DEBUT(PAR_LOT='OUI',
        IMPR_MACRO='NON',
        DEBUG=_F(JXVERI='NON',
                 SDVERI='NON',
                 JEVEUX='NON',
                 HIST_ETAPE='NON',),
        MESURE_TEMPS=_F(NIVE_DETAIL=1,
                        MOYENNE='NON',),
        MEMOIRE=_F(TAILLE_BLOC=800.0,
                   TAILLE_GROUP_ELEM=1000,),
        RESERVE_CPU=_F(BORNE=900,),
        INFO=1,)


  Valeur initiale du temps CPU maximum =   900 secondes
  Valeur du temps CPU maximum passé aux commandes =   810 secondes
  Réserve CPU prévue = 90 secondes

  Ouverture en écriture du fichier ./glob.1

  Ouverture en écriture du fichier ./vola.1

  Ouverture en lecture du fichier /opt/aster144p/PAR14.4MUPT/lib64/aster/elem.1

     Nom de la base                          :  ELEMBASE
     Créée avec la version                   :  14.04.00
     Nombre d'enregistrements utilisés       :  43
     Nombre d'enregistrements maximum        :  512
     Longueur d'enregistrement (octets)      :  819200
     Nombre d'identificateurs utilisés       :  123
     Taille maximum du répertoire            :  300
     Pourcentage d'utilisation du répertoire :  41 %

  Ouverture en lecture du fichier /opt/aster144p/PAR14.4MUPT/lib64/aster/elem.1


     Nom de la base                          :  ELEMBASE
     Nombre d'enregistrements utilisés       :  43
     Nombre d'enregistrements maximum        :  512
     Longueur d'enregistrement (octets)      :  819200
     Nombre total d'accès en lecture         :  60
     Volume des accès en lecture             :         46.88 Mo.
     Nombre total d'accès en écriture        :  0
     Volume des accès en écriture            :          0.00 Mo.
     Nombre d'identificateurs utilisés       :  123
     Taille maximum du répertoire            :  300
     Pourcentage d'utilisation du répertoire :  41 %

  Relecture des catalogues des éléments faite.

  Fin de lecture (durée  0.022702  s.) 
  # Mémoire (Mo) :   550.13 /   542.42 /    44.30 /    22.92 (VmPeak / VmSize / Optimum / Minimum)
  # Fin commande No : 0001   user+syst:        0.02s (syst:        0.02s, elaps:        0.03s)
  # ------------------------------------------------------------------------------------------

.. __stg1_txt3
  # ------------------------------------------------------------------------------------------
  # Commande No :  0002            Concept de type : maillage_sdaster
  # ------------------------------------------------------------------------------------------
  mesh = LIRE_MAILLAGE(FORMAT='MED',
                       UNITE=2,
                       INFO_MED=1,
                       VERI_MAIL=_F(VERIF='OUI',
                                    APLAT=1.E-3,),
                       INFO=1,)

   
   !----------------------------------------------------------------!
   ! <A> <MODELISA9_44>                                             !
   !                                                                !
   !  fichier MED :  fort.2 maillage :   erreur numéro  -1          !
   !                                                                !
   !                                                                !
   ! Ceci est une alarme. Si vous ne comprenez pas le sens de cette !
   ! alarme, vous pouvez obtenir des résultats inattendus !         !
   !----------------------------------------------------------------!
   
   
   !------------------------------------------------------------------------------------------!
   ! <EXCEPTION> <PREPOST3_10>                                                                !
   !                                                                                          !
   !  soit le fichier n'existe pas, soit c'est une mauvaise version de HDF (utilise par MED). !
   !------------------------------------------------------------------------------------------!
   

  Destruction du concept 'mesh'.
 <S> ERREUR UTILISATEUR RECUPEREE PAR LE SUPERVISEUR

.. __stg1_txt86
  # ------------------------------------------------------------------------------------------
  # Commande No :  0004            Concept de type : -
  # ------------------------------------------------------------------------------------------
  FIN(FORMAT_HDF='NON',
      RETASSAGE='NON',
      INFO_RESU='OUI',
      PROC0='OUI',
      )

   
   !-------------------------------------------------------------------------!
   ! <I> <CATAMESS_89>                                                       !
   !                                                                         !
   !     Liste des alarmes émises lors de l'exécution du calcul.             !
   !                                                                         !
   !     Les alarmes que vous avez choisies d'ignorer sont précédées de (*). !
   !     Nombre d'occurrences pour chacune des alarmes :                     !
   !            MODELISA9_44         émise    1 fois                         !
   !            SUPERVIS2_2          émise    1 fois                         !
   !-------------------------------------------------------------------------!
   
 ---------------------------------------------------------------------------
 Concepts de la base: G
    Nom       Type                 Taille (Mo)         Nombre      Nombre de
                                                     d'objets       segments
    TOTAL                                27.29             45            106
  
    &FOZERO                               0.00              2              2
    &&_NUM_C                              0.00              1              1
    &CATA.AC                              0.00              2              4
    &CATA.CL                              0.60              1              3
    &CATA.GD                              0.14              4             11
    &CATA.ME                              0.20              2              4
    &CATA.OP                              0.30              4             19
    &CATA.PH                              0.00              1              1
    &CATA.PR                              0.00              2              4
    &CATA.TE                             26.03             17             42
    &CATA.TH                              0.01              2              4
    &CATA.TM                              0.01              7             11
 ---------------------------------------------------------------------------


     Nom de la base                          :  GLOBALE
     Nombre d'enregistrements utilisés       :  46
     Nombre d'enregistrements maximum        :  62914
     Longueur d'enregistrement (octets)      :  819200
     Nombre total d'accès en lecture         :  7
     Volume des accès en lecture             :          5.47 Mo.
     Nombre total d'accès en écriture        :  62
     Volume des accès en écriture            :         48.44 Mo.
     Nombre d'identificateurs utilisés       :  127
     Taille maximum du répertoire            :  2000
     Pourcentage d'utilisation du répertoire :  6 %


     Nom de la base                          :  VOLATILE
     Nombre d'enregistrements utilisés       :  3
     Nombre d'enregistrements maximum        :  62914
     Longueur d'enregistrement (octets)      :  819200
     Nombre total d'accès en lecture         :  0
     Volume des accès en lecture             :          0.00 Mo.
     Nombre total d'accès en écriture        :  6
     Volume des accès en écriture            :          4.69 Mo.
     Nombre d'identificateurs utilisés       :  25
     Taille maximum du répertoire            :  2000
     Pourcentage d'utilisation du répertoire :  1 %

 <FIN> Arrêt normal dans "FIN".
 <I> <FIN> ARRET NORMAL DANS "FIN" PAR APPEL A "JEFINI".

 La mémoire demandée au lancement est surestimée, elle est de 2900.00 Mo.
 Le pic mémoire utilisée est de 550.13 Mo.



     Nom de la base                          :  ELEMBASE
     Nombre d'enregistrements utilisés       :  43
     Nombre d'enregistrements maximum        :  512
     Longueur d'enregistrement (octets)      :  819200
     Nombre total d'accès en lecture         :  60
     Volume des accès en lecture             :         46.88 Mo.
     Nombre total d'accès en écriture        :  0
     Volume des accès en écriture            :          0.00 Mo.
     Nombre d'identificateurs utilisés       :  123
     Taille maximum du répertoire            :  300
     Pourcentage d'utilisation du répertoire :  41 %
  
 <I> <FIN> MEMOIRE JEVEUX MINIMALE REQUISE POUR L'EXECUTION :                      22.92 Mo
 <I> <FIN> MEMOIRE JEVEUX OPTIMALE REQUISE POUR L'EXECUTION :                      44.30 Mo
 <I> <FIN> MAXIMUM DE MEMOIRE UTILISEE PAR LE PROCESSUS LORS DE L'EXECUTION :     550.13 Mo
  
 <I>       FERMETURE DES BASES EFFECTUEE
  
   STATISTIQUES CONCERNANT L'ALLOCATION DYNAMIQUE :
     TAILLE CUMULEE MAXIMUM            :                   44  Mo.
     TAILLE CUMULEE LIBEREE            :                    5  Mo.
     NOMBRE TOTAL D'ALLOCATIONS        :                  425
     NOMBRE TOTAL DE LIBERATIONS       :                  405
     APPELS AU MECANISME DE LIBERATION :                    0
     TAILLE MEMOIRE CUMULEE RECUPEREE  :                    0  Mo.
     VOLUME DES LECTURES               :                    0  Mo.
     VOLUME DES ECRITURES              :                    0  Mo.
  
   MEMOIRE JEVEUX MINIMALE REQUISE POUR L'EXECUTION :      22.92 Mo
     - IMPOSE DE NOMBREUX ACCES DISQUE
     - RALENTIT LA VITESSE D'EXECUTION
   MEMOIRE JEVEUX OPTIMALE REQUISE POUR L'EXECUTION :      44.30 Mo
     - LIMITE LES ACCES DISQUE
     - AMELIORE LA VITESSE D'EXECUTION
   MAXIMUM DE MEMOIRE UTILISEE PAR LE PROCESSUS     :     550.13 Mo
     - COMPREND LA MEMOIRE CONSOMMEE PAR  JEVEUX, 
       LE SUPERVISEUR PYTHON, LES LIBRAIRIES EXTERNES
  
 <I>       FIN D'EXECUTION LE : MA-08-FEVR-2022 10:47:47


  <I> Informations sur les temps d'exécution
      Temps cpu user total                    0.25 s
      Temps cpu systeme total                 0.08 s
      Temps elapsed total                     0.35 s
      Temps restant                         809.65 s


  La signature de la base sauvegardée est (à l'adresse 0) :
    9aba87ff858a6ee9965c97ef5c74a6791438d332

 ********************************************************************************
 * COMMAND                  :       USER :     SYSTEM :   USER+SYS :    ELAPSED *
 ********************************************************************************
 * init (jdc)               :       0.23 :       0.05 :       0.28 :       0.27 *
 *  . compile               :       0.00 :       0.00 :       0.00 :       0.00 *
 *  . exec_compile          :       0.05 :       0.02 :       0.07 :       0.06 *
 *  . report                :       0.01 :       0.00 :       0.01 :       0.01 *
 *  . build                 :       0.00 :       0.00 :       0.00 :       0.00 *
 * DEBUT                    :       0.00 :       0.02 :       0.02 :       0.03 *
 * LIRE_MAILLAGE            :       0.02 :       0.02 :       0.04 :       0.04 *
 * FIN                      :       0.01 :       0.02 :       0.03 :       0.03 *
 *  . part Superviseur      :       0.25 :       0.07 :       0.32 :       0.32 *
 *  . part Fortran          :       0.01 :       0.02 :       0.03 :       0.03 *
 ********************************************************************************
 * TOTAL_JOB                :       0.25 :       0.08 :       0.33 :       0.35 *
 ********************************************************************************

JDC.py : ERREUR A L'EXECUTION - INTERRUPTION
/opt/aster144p/PAR14.4MUPT/lib64/aster/aster_settings.py:262: DeprecationWarning: this command line option is deprecated : --rep_outils
  coreopts.parse_args(argv or sys.argv)
>> JDC.py : DEBUT RAPPORT
CR d'execution de JDC en MIXTE
   !!!!!!!!!!!!!!!!!!!!!!!!!!!!!!!!!!!!!!!!!!!!!!!!!!!!!!!!!!!!!!!!!!!!!!!!!!!!!!!!!!
   ! <S> Exception utilisateur levee mais pas interceptee.                          !
   ! Les bases sont fermees.                                                        !
   ! Type de l'exception : error                                                    !
   !                                                                                !
   !  soit le fichier n'existe pas, soit c'est une mauvaise version de HDF (utilise !
   ! par MED).                                                                      !
   !!!!!!!!!!!!!!!!!!!!!!!!!!!!!!!!!!!!!!!!!!!!!!!!!!!!!!!!!!!!!!!!!!!!!!!!!!!!!!!!!!
fin CR d'execution de JDC en MIXTE

>> JDC.py : FIN RAPPORT
End of the Code_Aster execution
Code_Aster MPI exits normally
Exited
EXECUTION_CODE_ASTER_EXIT_77591=1
PROC=0 INFO_CPU=      0.35       0.25       0.08     809.65
Content after execution of /share/simforge_home/nsccwx/xyg/tmp/global/modes/global/global/global/proc.0 :
.:
total 8197
drwx------ 3 xyg Domain Users     4096 Feb  8 10:47 .
drwxr-xr-x 4 xyg Domain Users     4096 Feb  8 10:47 ..
-rwxr-xr-x 1 xyg Domain Users      953 Feb  8 10:47 77591.export
-rw-r--r-- 1 xyg Domain Users     3227 Feb  8 10:47 config.txt
-rwxr-xr-x 1 xyg Domain Users     1917 Feb  8 10:47 fort.1
-rwxr-xr-x 1 xyg Domain Users     1917 Feb  8 10:47 fort.1.1
-rw-r--r-- 1 xyg Domain Users        0 Feb  8 10:47 fort.15
-rwxr-xr-x 1 xyg Domain Users   103869 Feb  8 10:47 fort.20
-rw-r--r-- 1 xyg Domain Users    19258 Feb  8 10:47 fort.6
-rw-r--r-- 1 xyg Domain Users        0 Feb  8 10:47 fort.8
-rw-r--r-- 1 xyg Domain Users        0 Feb  8 10:47 fort.9
-rw-r--r-- 1 xyg Domain Users 37683208 Feb  8 10:47 glob.1
-rw-r--r-- 1 xyg Domain Users       44 Feb  8 10:47 info_cpu
-rwxr-xr-x 1 xyg Domain Users     2447 Feb  8 10:47 mpi_script.sh
-rw-r--r-- 1 xyg Domain Users  4757899 Feb  8 10:47 pick.1
drwxr-xr-x 2 xyg Domain Users     4096 Feb  8 10:47 REPE_OUT
-rw-r--r-- 1 xyg Domain Users  2457608 Feb  8 10:47 vola.1

REPE_OUT:
total 1
drwxr-xr-x 2 xyg Domain Users 4096 Feb  8 10:47 .
drwx------ 3 xyg Domain Users 4096 Feb  8 10:47 ..
EXIT_COMMAND_77591_00000014=0

>>> 2022/02/08-10:47:48.263  [local_shell@/share/simforge_share/open-source/Code-aster/aster144p/lib/python3.6/site-packages/asrun/system.py:335]
    ERROR : iret = 1
    +++ STANDARD OUTPUT:
    MPI_Init...
    # ------------------------------------------------------------------------------------------
    # Impression du contenu du fichier de commandes à exécuter :
    # ------------------------------------------------------------------------------------------
    DEBUT()
    
    mesh = LIRE_MAILLAGE(FORMAT='MED', UNITE=2)
    
    model0 = AFFE_MODELE(
        AFFE=(
            _F(GROUP_MA=('road', ), MODELISATION=('DKT', ), PHENOMENE='MECANIQUE'),
            _F(
                GROUP_MA=('all_beams', ),
                MODELISATION=('POU_D_E', ),
                PHENOMENE='MECANIQUE'
            )
        ),
        MAILLAGE=mesh
    )
    
    elempro0 = AFFE_CARA_ELEM(
        COQUE=_F(EPAIS=0.1, GROUP_MA=('road', )),
        MODELE=model0,
        POUTRE=(
            _F(
                CARA=('H', ),
                GROUP_MA=('top_beams', ),
                SECTION='RECTANGLE',
                VALE=(0.1, )
            ), _F(
                CARA=('H', ),
                GROUP_MA=('main_beams', ),
                SECTION='RECTANGLE',
                VALE=(0.1, )
            ), _F(
                CARA=('H', ),
                GROUP_MA=('bottom_beams', ),
                SECTION='RECTANGLE',
                VALE=(0.1, )
            ), _F(
                CARA=('H', ),
                GROUP_MA=('lateral_beams', ),
                SECTION='RECTANGLE',
                VALE=(0.1, )
            )
        )
    )
    
    steel = DEFI_MATERIAU(ELAS=_F(E=2e11, NU=0.3, RHO=7850))
    
    concrete = DEFI_MATERIAU(ELAS=_F(E=2.5e10, NU=0.2, RHO=2300))
    
    fieldmat = AFFE_MATERIAU(
        AFFE=(
            _F(GROUP_MA=('all_beams', ), MATER=(steel, )),
            _F(GROUP_MA=('road', ), MATER=(concrete, ))
        ),
        MODELE=model0
    )
    
    load = AFFE_CHAR_MECA(
        DDL_IMPO=(
            _F(DX=0.0, DY=0.0, DZ=0.0, GROUP_NO=('left', )),
            _F(DY=0.0, DZ=0.0, GROUP_NO=('right', ))
        ),
        MODELE=model0
    )
    
    ASSEMBLAGE(
        CARA_ELEM=elempro0,
        CHAM_MATER=fieldmat,
        CHARGE=(load, ),
        MATR_ASSE=(
            _F(MATRICE=CO('MASS'), OPTION='MASS_MECA'),
            _F(MATRICE=CO('RIGI'), OPTION='RIGI_MECA')
        ),
        MODELE=model0,
        NUME_DDL=CO('ndll')
    )
    
    unnamed0 = CALC_MODES(
        CALC_FREQ=_F(NMAX_FREQ=10),
        MATR_MASS=MASS,
        MATR_RIGI=RIGI,
        OPTION='PLUS_PETITE'
    )
    
    IMPR_RESU(FORMAT='MED', RESU=_F(RESULTAT=unnamed0), UNITE=80)
    
    FIN()
    
    # ------------------------------------------------------------------------------------------
    
      Ouverture en écriture du fichier ./vola.1
    
     <INFO> Démarrage de l'exécution.
                                                                                    
                                                                                    
            -- CODE_ASTER -- VERSION : DÉVELOPPEMENT STABILISÉE (testing) --        
                                                                                    
                         Version 14.4.0 modifiée le 28/06/2019                      
                       révision 9aa55c3f2e9e - branche 'default'                    
                             Copyright EDF R&D 1991 - 2022                          
                                                                                    
                        Exécution du : Tue Feb  8 10:47:47 2022                     
                               Nom de la machine : c01n04                           
                                  Architecture : 64bit                              
                              Type de processeur : x86_64                           
    Système d'exploitation : Linux-3.10.0-1127.el7.x86_64-x86_64-with-centos-7.8.2003-Core
                            Langue des messages : en (UTF-8)                        
                                                                                    
                               Version de Python : 3.6.8                            
                               Version de NumPy : 1.19.5                            
       
       !------------------------------------------------------------------------------------!
       ! <A> <SUPERVIS2_2>                                                                  !
       !                                                                                    !
       !     Vous utilisez une vieille version de Code_Aster.                               !
       !                                                                                    !
       !     En mettant à jour votre version, vous bénéficierez des dernières améliorations !
       !     apportées au code depuis 15 mois.                                              !
       !     Si vous avez des développements privés, vous risquez d'avoir un travail        !
       !     important de portage si vous ne suivez pas les mises à jour.                   !
       !                                                                                    !
       !                                                                                    !
       ! Ceci est une alarme. Si vous ne comprenez pas le sens de cette                     !
       ! alarme, vous pouvez obtenir des résultats inattendus !                             !
       !------------------------------------------------------------------------------------!
       
                                Parallélisme MPI : actif                            
                             Rang du processeur courant : 0                         
                           Nombre de processeurs utilisés : 1                       
                              Parallélisme OpenMP : actif                           
                           Nombre de processus utilisés : 128                       
                         Version de la librairie HDF5 : 1.10.3                      
                          Version de la librairie MED : 4.0.0                       
                           Librairie MFront : non disponible                        
                         Version de la librairie MUMPS : 5.1.2                      
                        Version de la librairie PETSc : 3.9.4p0                     
                         Version de la librairie SCOTCH : 6.0.4                     
    
                      Mémoire limite pour l'exécution : 2900.00 Mo                  
                       consommée par l'initialisation : 503.71 Mo                   
                      par les objets du jeu de commandes : 5.56 Mo                  
                     reste pour l'allocation dynamique : 2390.73 Mo                 
                    Taille limite des fichiers d'échange : 48.00 Go                 
                                                                                    
    
    .. __stg1_txt1
      # ------------------------------------------------------------------------------------------
      # Commande No :  0001            Concept de type : -
      # ------------------------------------------------------------------------------------------
      DEBUT(PAR_LOT='OUI',
            IMPR_MACRO='NON',
            DEBUG=_F(JXVERI='NON',
                     SDVERI='NON',
                     JEVEUX='NON',
                     HIST_ETAPE='NON',),
            MESURE_TEMPS=_F(NIVE_DETAIL=1,
                            MOYENNE='NON',),
            MEMOIRE=_F(TAILLE_BLOC=800.0,
                       TAILLE_GROUP_ELEM=1000,),
            RESERVE_CPU=_F(BORNE=900,),
            INFO=1,)
    
    
      Valeur initiale du temps CPU maximum =   900 secondes
      Valeur du temps CPU maximum passé aux commandes =   810 secondes
      Réserve CPU prévue = 90 secondes
    
      Ouverture en écriture du fichier ./glob.1
    
      Ouverture en écriture du fichier ./vola.1
    
      Ouverture en lecture du fichier /opt/aster144p/PAR14.4MUPT/lib64/aster/elem.1
    
         Nom de la base                          :  ELEMBASE
         Créée avec la version                   :  14.04.00
         Nombre d'enregistrements utilisés       :  43
         Nombre d'enregistrements maximum        :  512
         Longueur d'enregistrement (octets)      :  819200
         Nombre d'identificateurs utilisés       :  123
         Taille maximum du répertoire            :  300
         Pourcentage d'utilisation du répertoire :  41 %
    
      Ouverture en lecture du fichier /opt/aster144p/PAR14.4MUPT/lib64/aster/elem.1
    
    
         Nom de la base                          :  ELEMBASE
         Nombre d'enregistrements utilisés       :  43
         Nombre d'enregistrements maximum        :  512
         Longueur d'enregistrement (octets)      :  819200
         Nombre total d'accès en lecture         :  60
         Volume des accès en lecture             :         46.88 Mo.
         Nombre total d'accès en écriture        :  0
         Volume des accès en écriture            :          0.00 Mo.
         Nombre d'identificateurs utilisés       :  123
         Taille maximum du répertoire            :  300
         Pourcentage d'utilisation du répertoire :  41 %
    
      Relecture des catalogues des éléments faite.
    
      Fin de lecture (durée  0.022702  s.) 
      # Mémoire (Mo) :   550.13 /   542.42 /    44.30 /    22.92 (VmPeak / VmSize / Optimum / Minimum)
      # Fin commande No : 0001   user+syst:        0.02s (syst:        0.02s, elaps:        0.03s)
      # ------------------------------------------------------------------------------------------
    
    .. __stg1_txt3
      # ------------------------------------------------------------------------------------------
      # Commande No :  0002            Concept de type : maillage_sdaster
      # ------------------------------------------------------------------------------------------
      mesh = LIRE_MAILLAGE(FORMAT='MED',
                           UNITE=2,
                           INFO_MED=1,
                           VERI_MAIL=_F(VERIF='OUI',
                                        APLAT=1.E-3,),
                           INFO=1,)
    
       
       !----------------------------------------------------------------!
       ! <A> <MODELISA9_44>                                             !
       !                                                                !
       !  fichier MED :  fort.2 maillage :   erreur numéro  -1          !
       !                                                                !
       !                                                                !
       ! Ceci est une alarme. Si vous ne comprenez pas le sens de cette !
       ! alarme, vous pouvez obtenir des résultats inattendus !         !
       !----------------------------------------------------------------!
       
       
       !------------------------------------------------------------------------------------------!
       ! <EXCEPTION> <PREPOST3_10>                                                                !
       !                                                                                          !
       !  soit le fichier n'existe pas, soit c'est une mauvaise version de HDF (utilise par MED). !
       !------------------------------------------------------------------------------------------!
       
    
      Destruction du concept 'mesh'.
     <S> ERREUR UTILISATEUR RECUPEREE PAR LE SUPERVISEUR
    
    .. __stg1_txt86
      # ------------------------------------------------------------------------------------------
      # Commande No :  0004            Concept de type : -
      # ------------------------------------------------------------------------------------------
      FIN(FORMAT_HDF='NON',
          RETASSAGE='NON',
          INFO_RESU='OUI',
          PROC0='OUI',
          )
    
       
       !-------------------------------------------------------------------------!
       ! <I> <CATAMESS_89>                                                       !
       !                                                                         !
       !     Liste des alarmes émises lors de l'exécution du calcul.             !
       !                                                                         !
       !     Les alarmes que vous avez choisies d'ignorer sont précédées de (*). !
       !     Nombre d'occurrences pour chacune des alarmes :                     !
       !            MODELISA9_44         émise    1 fois                         !
       !            SUPERVIS2_2          émise    1 fois                         !
       !-------------------------------------------------------------------------!
       
     ---------------------------------------------------------------------------
     Concepts de la base: G
        Nom       Type                 Taille (Mo)         Nombre      Nombre de
                                                         d'objets       segments
        TOTAL                                27.29             45            106
      
        &FOZERO                               0.00              2              2
        &&_NUM_C                              0.00              1              1
        &CATA.AC                              0.00              2              4
        &CATA.CL                              0.60              1              3
        &CATA.GD                              0.14              4             11
        &CATA.ME                              0.20              2              4
        &CATA.OP                              0.30              4             19
        &CATA.PH                              0.00              1              1
        &CATA.PR                              0.00              2              4
        &CATA.TE                             26.03             17             42
        &CATA.TH                              0.01              2              4
        &CATA.TM                              0.01              7             11
     ---------------------------------------------------------------------------
    
    
         Nom de la base                          :  GLOBALE
         Nombre d'enregistrements utilisés       :  46
         Nombre d'enregistrements maximum        :  62914
         Longueur d'enregistrement (octets)      :  819200
         Nombre total d'accès en lecture         :  7
         Volume des accès en lecture             :          5.47 Mo.
         Nombre total d'accès en écriture        :  62
         Volume des accès en écriture            :         48.44 Mo.
         Nombre d'identificateurs utilisés       :  127
         Taille maximum du répertoire            :  2000
         Pourcentage d'utilisation du répertoire :  6 %
    
    
         Nom de la base                          :  VOLATILE
         Nombre d'enregistrements utilisés       :  3
         Nombre d'enregistrements maximum        :  62914
         Longueur d'enregistrement (octets)      :  819200
         Nombre total d'accès en lecture         :  0
         Volume des accès en lecture             :          0.00 Mo.
         Nombre total d'accès en écriture        :  6
         Volume des accès en écriture            :          4.69 Mo.
         Nombre d'identificateurs utilisés       :  25
         Taille maximum du répertoire            :  2000
         Pourcentage d'utilisation du répertoire :  1 %
    
     <FIN> Arrêt normal dans "FIN".
     <I> <FIN> ARRET NORMAL DANS "FIN" PAR APPEL A "JEFINI".
    
     La mémoire demandée au lancement est surestimée, elle est de 2900.00 Mo.
     Le pic mémoire utilisée est de 550.13 Mo.
    
    
    
         Nom de la base                          :  ELEMBASE
         Nombre d'enregistrements utilisés       :  43
         Nombre d'enregistrements maximum        :  512
         Longueur d'enregistrement (octets)      :  819200
         Nombre total d'accès en lecture         :  60
         Volume des accès en lecture             :         46.88 Mo.
         Nombre total d'accès en écriture        :  0
         Volume des accès en écriture            :          0.00 Mo.
         Nombre d'identificateurs utilisés       :  123
         Taille maximum du répertoire            :  300
         Pourcentage d'utilisation du répertoire :  41 %
      
     <I> <FIN> MEMOIRE JEVEUX MINIMALE REQUISE POUR L'EXECUTION :                      22.92 Mo
     <I> <FIN> MEMOIRE JEVEUX OPTIMALE REQUISE POUR L'EXECUTION :                      44.30 Mo
     <I> <FIN> MAXIMUM DE MEMOIRE UTILISEE PAR LE PROCESSUS LORS DE L'EXECUTION :     550.13 Mo
      
     <I>       FERMETURE DES BASES EFFECTUEE
      
       STATISTIQUES CONCERNANT L'ALLOCATION DYNAMIQUE :
         TAILLE CUMULEE MAXIMUM            :                   44  Mo.
         TAILLE CUMULEE LIBEREE            :                    5  Mo.
         NOMBRE TOTAL D'ALLOCATIONS        :                  425
         NOMBRE TOTAL DE LIBERATIONS       :                  405
         APPELS AU MECANISME DE LIBERATION :                    0
         TAILLE MEMOIRE CUMULEE RECUPEREE  :                    0  Mo.
         VOLUME DES LECTURES               :                    0  Mo.
         VOLUME DES ECRITURES              :                    0  Mo.
      
       MEMOIRE JEVEUX MINIMALE REQUISE POUR L'EXECUTION :      22.92 Mo
         - IMPOSE DE NOMBREUX ACCES DISQUE
         - RALENTIT LA VITESSE D'EXECUTION
       MEMOIRE JEVEUX OPTIMALE REQUISE POUR L'EXECUTION :      44.30 Mo
         - LIMITE LES ACCES DISQUE
         - AMELIORE LA VITESSE D'EXECUTION
       MAXIMUM DE MEMOIRE UTILISEE PAR LE PROCESSUS     :     550.13 Mo
         - COMPREND LA MEMOIRE CONSOMMEE PAR  JEVEUX, 
           LE SUPERVISEUR PYTHON, LES LIBRAIRIES EXTERNES
      
     <I>       FIN D'EXECUTION LE : MA-08-FEVR-2022 10:47:47
    
    
      <I> Informations sur les temps d'exécution
          Temps cpu user total                    0.25 s
          Temps cpu systeme total                 0.08 s
          Temps elapsed total                     0.35 s
          Temps restant                         809.65 s
    
    
      La signature de la base sauvegardée est (à l'adresse 0) :
        9aba87ff858a6ee9965c97ef5c74a6791438d332
    
     ********************************************************************************
     * COMMAND                  :       USER :     SYSTEM :   USER+SYS :    ELAPSED *
     ********************************************************************************
     * init (jdc)               :       0.23 :       0.05 :       0.28 :       0.27 *
     *  . compile               :       0.00 :       0.00 :       0.00 :       0.00 *
     *  . exec_compile          :       0.05 :       0.02 :       0.07 :       0.06 *
     *  . report                :       0.01 :       0.00 :       0.01 :       0.01 *
     *  . build                 :       0.00 :       0.00 :       0.00 :       0.00 *
     * DEBUT                    :       0.00 :       0.02 :       0.02 :       0.03 *
     * LIRE_MAILLAGE            :       0.02 :       0.02 :       0.04 :       0.04 *
     * FIN                      :       0.01 :       0.02 :       0.03 :       0.03 *
     *  . part Superviseur      :       0.25 :       0.07 :       0.32 :       0.32 *
     *  . part Fortran          :       0.01 :       0.02 :       0.03 :       0.03 *
     ********************************************************************************
     * TOTAL_JOB                :       0.25 :       0.08 :       0.33 :       0.35 *
     ********************************************************************************
    
    JDC.py : ERREUR A L'EXECUTION - INTERRUPTION
    /opt/aster144p/PAR14.4MUPT/lib64/aster/aster_settings.py:262: DeprecationWarning: this command line option is deprecated : --rep_outils
      coreopts.parse_args(argv or sys.argv)
    >> JDC.py : DEBUT RAPPORT
    CR d'execution de JDC en MIXTE
       !!!!!!!!!!!!!!!!!!!!!!!!!!!!!!!!!!!!!!!!!!!!!!!!!!!!!!!!!!!!!!!!!!!!!!!!!!!!!!!!!!
       ! <S> Exception utilisateur levee mais pas interceptee.                          !
       ! Les bases sont fermees.                                                        !
       ! Type de l'exception : error                                                    !
       !                                                                                !
       !  soit le fichier n'existe pas, soit c'est une mauvaise version de HDF (utilise !
       ! par MED).                                                                      !
       !!!!!!!!!!!!!!!!!!!!!!!!!!!!!!!!!!!!!!!!!!!!!!!!!!!!!!!!!!!!!!!!!!!!!!!!!!!!!!!!!!
    fin CR d'execution de JDC en MIXTE
    
    >> JDC.py : FIN RAPPORT
    End of the Code_Aster execution
    Code_Aster MPI exits normally
    Exited
    EXECUTION_CODE_ASTER_EXIT_77591=1
    PROC=0 INFO_CPU=      0.35       0.25       0.08     809.65
    Content after execution of /share/simforge_home/nsccwx/xyg/tmp/global/modes/global/global/global/proc.0 :
    .:
    total 8197
    drwx------ 3 xyg Domain Users     4096 Feb  8 10:47 .
    drwxr-xr-x 4 xyg Domain Users     4096 Feb  8 10:47 ..
    -rwxr-xr-x 1 xyg Domain Users      953 Feb  8 10:47 77591.export
    -rw-r--r-- 1 xyg Domain Users     3227 Feb  8 10:47 config.txt
    -rwxr-xr-x 1 xyg Domain Users     1917 Feb  8 10:47 fort.1
    -rwxr-xr-x 1 xyg Domain Users     1917 Feb  8 10:47 fort.1.1
    -rw-r--r-- 1 xyg Domain Users        0 Feb  8 10:47 fort.15
    -rwxr-xr-x 1 xyg Domain Users   103869 Feb  8 10:47 fort.20
    -rw-r--r-- 1 xyg Domain Users    19258 Feb  8 10:47 fort.6
    -rw-r--r-- 1 xyg Domain Users        0 Feb  8 10:47 fort.8
    -rw-r--r-- 1 xyg Domain Users        0 Feb  8 10:47 fort.9
    -rw-r--r-- 1 xyg Domain Users 37683208 Feb  8 10:47 glob.1
    -rw-r--r-- 1 xyg Domain Users       44 Feb  8 10:47 info_cpu
    -rwxr-xr-x 1 xyg Domain Users     2447 Feb  8 10:47 mpi_script.sh
    -rw-r--r-- 1 xyg Domain Users  4757899 Feb  8 10:47 pick.1
    drwxr-xr-x 2 xyg Domain Users     4096 Feb  8 10:47 REPE_OUT
    -rw-r--r-- 1 xyg Domain Users  2457608 Feb  8 10:47 vola.1
    
    REPE_OUT:
    total 1
    drwxr-xr-x 2 xyg Domain Users 4096 Feb  8 10:47 .
    drwx------ 3 xyg Domain Users 4096 Feb  8 10:47 ..
    EXIT_COMMAND_77591_00000014=0
    
    +++ STANDARD ERROR:
    
    +++ END

>>> 2022/02/08-10:47:48.269  [_diag_erre@/share/simforge_share/open-source/Code-aster/aster144p/lib/python3.6/site-packages/asrun/build.py:1499]
n_debut=1, n_fin=1, mess=False : ok=True

>>> 2022/02/08-10:47:48.269  [_diag_erre@/share/simforge_share/open-source/Code-aster/aster144p/lib/python3.6/site-packages/asrun/build.py:1500]
alarm=True, errs=True, fatal=False, exitcode=1

>>> 2022/02/08-10:47:48.269  [getDiag@/share/simforge_share/open-source/Code-aster/aster144p/lib/python3.6/site-packages/asrun/build.py:1213]
Fichier : fort.6
_diag_erre : <S>_ERROR
<INFO> Code_Aster run ended, diagnostic : <S>_ERROR

--------------------------------------------------------------------------------
 Content of /share/simforge_home/nsccwx/xyg/tmp/global/modes/global/global/global/global after execution


>>> 2022/02/08-10:47:48.270  [Shell@/share/simforge_share/open-source/Code-aster/aster144p/lib/python3.6/site-packages/asrun/system.py:519]
remote command ( <> c01n04 and xyg <> xyg) ? False

>>> 2022/02/08-10:47:48.270  [execute@/share/simforge_share/open-source/Code-aster/aster144p/lib/python3.6/site-packages/asrun/execution.py:496]
cmd :
ls -la . REPE_OUT
background : False
follow_output : False
.:
total 32773
drwx------ 3 xyg Domain Users     4096 Feb  8 10:47 .
drwxr-xr-x 3 xyg Domain Users     4096 Feb  8 10:47 ..
-rwxr-xr-x 1 xyg Domain Users      953 Feb  8 10:47 77591.export
-rw-r--r-- 1 xyg Domain Users     3227 Feb  8 10:47 config.txt
-rwxr-xr-x 1 xyg Domain Users     1917 Feb  8 10:47 fort.1
-rwxr-xr-x 1 xyg Domain Users     1917 Feb  8 10:47 fort.1.1
-rw-r--r-- 1 xyg Domain Users        0 Feb  8 10:47 fort.15
-rwxr-xr-x 1 xyg Domain Users   103869 Feb  8 10:47 fort.20
-rw-r--r-- 1 xyg Domain Users    19277 Feb  8 10:47 fort.6
-rw-r--r-- 1 xyg Domain Users        0 Feb  8 10:47 fort.8
-rw-r--r-- 1 xyg Domain Users        0 Feb  8 10:47 fort.9
-rw-r--r-- 1 xyg Domain Users 37683208 Feb  8 10:47 glob.1
-rw-r--r-- 1 xyg Domain Users       44 Feb  8 10:47 info_cpu
-rwxr-xr-x 1 xyg Domain Users     2447 Feb  8 10:47 mpi_script.sh
-rw-r--r-- 1 xyg Domain Users  4757899 Feb  8 10:47 pick.1
drwxr-xr-x 2 xyg Domain Users     4096 Feb  8 10:47 REPE_OUT
-rw-r--r-- 1 xyg Domain Users  2457608 Feb  8 10:47 vola.1

REPE_OUT:
total 1
drwxr-xr-x 2 xyg Domain Users 4096 Feb  8 10:47 .
drwx------ 3 xyg Domain Users 4096 Feb  8 10:47 ..


--------------------------------------------------------------------------------
 Size of bases

<INFO> size of vola.1 :      2457608 bytes
<INFO> size of glob.1 :     37683208 bytes
<INFO> size of pick.1 :      4757899 bytes

--------------------------------------------------------------------------------
 Copying results


>>> 2022/02/08-10:47:48.280  [Mess@/share/simforge_share/open-source/Code-aster/aster144p/lib/python3.6/site-packages/asrun/run.py:639]
Warning or error raised :
<A>_ALARM can not change permissions on /share/simforge_share/usr-release/SALOME-9.4.0-CO7-SRC/INSTALL/ASTERSTUDY/lib/python3.6/site-packages/asterstudy/gui/truss_bridge
Traceback:
  File "/share/simforge_share/open-source/Code-aster/aster144p/lib/python3.6/site-packages/asrun/main.py", line 109, in main
    start()
  File "/share/simforge_share/open-source/Code-aster/aster144p/lib/python3.6/site-packages/asrun/main.py", line 92, in start
    meth(run, *args)
  File "/share/simforge_share/open-source/Code-aster/aster144p/lib/python3.6/site-packages/asrun/execute.py", line 456, in RunAster
    copyfiles(run, 'RESU', prof, copybase, emit_alarm)
  File "/share/simforge_share/open-source/Code-aster/aster144p/lib/python3.6/site-packages/asrun/execution.py", line 536, in copyfiles
    copyfileR(run, df, copybase, alarm)
  File "/share/simforge_share/open-source/Code-aster/aster144p/lib/python3.6/site-packages/asrun/execution.py", line 663, in copyfileR
    kret = run.MkDir(osp.dirname(df['path']), '<E>_MKDIR_ERROR')
  File "/share/simforge_share/open-source/Code-aster/aster144p/lib/python3.6/site-packages/asrun/system.py", line 762, in MkDir
    self._mess(ufmt(_('can not change permissions on %s'), rep), '<A>_ALARM')
  File "/share/simforge_share/open-source/Code-aster/aster144p/lib/python3.6/site-packages/asrun/system.py", line 219, in _mess
    self.run.Mess(msg, cod, store)
  File "/share/simforge_share/open-source/Code-aster/aster144p/lib/python3.6/site-packages/asrun/run.py", line 639, in Mess
    print_traceback=True)
  File "/share/simforge_share/open-source/Code-aster/aster144p/lib/python3.6/site-packages/asrun/run.py", line 817, in DBG
    stack_id=stack_id, all=all, prefix=prefix, *args)
  File "/share/simforge_share/open-source/Code-aster/aster144p/lib/python3.6/site-packages/asrun/run.py", line 773, in _printDBG
    stack = traceback.format_stack(limit=10)



<A>_ALARM          can not change permissions on /share/simforge_share/usr-release/SALOME-9.4.0-CO7-SRC/INSTALL/ASTERSTUDY/lib/python3.6/site-packages/asterstudy/gui/truss_bridge


>>> 2022/02/08-10:47:48.280  [Mess@/share/simforge_share/open-source/Code-aster/aster144p/lib/python3.6/site-packages/asrun/run.py:639]
Warning or error raised :
<A>_COPYFILE no such file or directory: fort.80
Traceback:
  File "<string>", line 1, in <module>
  File "/share/simforge_share/open-source/Code-aster/aster144p/lib/python3.6/site-packages/asrun/main.py", line 109, in main
    start()
  File "/share/simforge_share/open-source/Code-aster/aster144p/lib/python3.6/site-packages/asrun/main.py", line 92, in start
    meth(run, *args)
  File "/share/simforge_share/open-source/Code-aster/aster144p/lib/python3.6/site-packages/asrun/execute.py", line 456, in RunAster
    copyfiles(run, 'RESU', prof, copybase, emit_alarm)
  File "/share/simforge_share/open-source/Code-aster/aster144p/lib/python3.6/site-packages/asrun/execution.py", line 536, in copyfiles
    copyfileR(run, df, copybase, alarm)
  File "/share/simforge_share/open-source/Code-aster/aster144p/lib/python3.6/site-packages/asrun/execution.py", line 670, in copyfileR
    run.Mess(ufmt("no such file or directory: %s", fname), '<A>_COPYFILE')
  File "/share/simforge_share/open-source/Code-aster/aster144p/lib/python3.6/site-packages/asrun/run.py", line 639, in Mess
    print_traceback=True)
  File "/share/simforge_share/open-source/Code-aster/aster144p/lib/python3.6/site-packages/asrun/run.py", line 817, in DBG
    stack_id=stack_id, all=all, prefix=prefix, *args)
  File "/share/simforge_share/open-source/Code-aster/aster144p/lib/python3.6/site-packages/asrun/run.py", line 773, in _printDBG
    stack = traceback.format_stack(limit=10)



<A>_COPYFILE       no such file or directory: fort.80


>>> 2022/02/08-10:47:48.281  [Mess@/share/simforge_share/open-source/Code-aster/aster144p/lib/python3.6/site-packages/asrun/run.py:639]
Warning or error raised :
<A>_ALARM can not change permissions on /share/simforge_share/usr-release/SALOME-9.4.0-CO7-SRC/INSTALL/ASTERSTUDY/lib/python3.6/site-packages/asterstudy/gui/truss_bridge
Traceback:
  File "/share/simforge_share/open-source/Code-aster/aster144p/lib/python3.6/site-packages/asrun/main.py", line 109, in main
    start()
  File "/share/simforge_share/open-source/Code-aster/aster144p/lib/python3.6/site-packages/asrun/main.py", line 92, in start
    meth(run, *args)
  File "/share/simforge_share/open-source/Code-aster/aster144p/lib/python3.6/site-packages/asrun/execute.py", line 456, in RunAster
    copyfiles(run, 'RESU', prof, copybase, emit_alarm)
  File "/share/simforge_share/open-source/Code-aster/aster144p/lib/python3.6/site-packages/asrun/execution.py", line 536, in copyfiles
    copyfileR(run, df, copybase, alarm)
  File "/share/simforge_share/open-source/Code-aster/aster144p/lib/python3.6/site-packages/asrun/execution.py", line 663, in copyfileR
    kret = run.MkDir(osp.dirname(df['path']), '<E>_MKDIR_ERROR')
  File "/share/simforge_share/open-source/Code-aster/aster144p/lib/python3.6/site-packages/asrun/system.py", line 762, in MkDir
    self._mess(ufmt(_('can not change permissions on %s'), rep), '<A>_ALARM')
  File "/share/simforge_share/open-source/Code-aster/aster144p/lib/python3.6/site-packages/asrun/system.py", line 219, in _mess
    self.run.Mess(msg, cod, store)
  File "/share/simforge_share/open-source/Code-aster/aster144p/lib/python3.6/site-packages/asrun/run.py", line 639, in Mess
    print_traceback=True)
  File "/share/simforge_share/open-source/Code-aster/aster144p/lib/python3.6/site-packages/asrun/run.py", line 817, in DBG
    stack_id=stack_id, all=all, prefix=prefix, *args)
  File "/share/simforge_share/open-source/Code-aster/aster144p/lib/python3.6/site-packages/asrun/run.py", line 773, in _printDBG
    stack = traceback.format_stack(limit=10)



<A>_ALARM          can not change permissions on /share/simforge_share/usr-release/SALOME-9.4.0-CO7-SRC/INSTALL/ASTERSTUDY/lib/python3.6/site-packages/asterstudy/gui/truss_bridge


>>> 2022/02/08-10:47:48.282  [copyfileR@/share/simforge_share/open-source/Code-aster/aster144p/lib/python3.6/site-packages/asrun/execution.py:673]
source list : ('fort.6',)
destination : /share/simforge_share/usr-release/SALOME-9.4.0-CO7-SRC/INSTALL/ASTERSTUDY/lib/python3.6/site-packages/asterstudy/gui/truss_bridge/modes.mess

>>> 2022/02/08-10:47:48.282  [copyfileR@/share/simforge_share/open-source/Code-aster/aster144p/lib/python3.6/site-packages/asrun/execution.py:673]
cmd :
cp -L -r fort.6 /share/simforge_share/usr-release/SALOME-9.4.0-CO7-SRC/INSTALL/ASTERSTUDY/lib/python3.6/site-packages/asterstudy/gui/truss_bridge/modes.mess
background : False
follow_output : False
copying .../fort.6...                                                   
>>> 2022/02/08-10:47:48.289  [Mess@/share/simforge_share/open-source/Code-aster/aster144p/lib/python3.6/site-packages/asrun/run.py:639]
Warning or error raised :
<S>_ERROR Code_Aster run ended
Traceback:
  File "<string>", line 1, in <module>
  File "/share/simforge_share/open-source/Code-aster/aster144p/lib/python3.6/site-packages/asrun/main.py", line 109, in main
    start()
  File "/share/simforge_share/open-source/Code-aster/aster144p/lib/python3.6/site-packages/asrun/main.py", line 92, in start
    meth(run, *args)
  File "/share/simforge_share/open-source/Code-aster/aster144p/lib/python3.6/site-packages/asrun/execute.py", line 461, in RunAster
    run.Mess(_('Code_Aster run ended'), diag)
  File "/share/simforge_share/open-source/Code-aster/aster144p/lib/python3.6/site-packages/asrun/run.py", line 639, in Mess
    print_traceback=True)
  File "/share/simforge_share/open-source/Code-aster/aster144p/lib/python3.6/site-packages/asrun/run.py", line 817, in DBG
    stack_id=stack_id, all=all, prefix=prefix, *args)
  File "/share/simforge_share/open-source/Code-aster/aster144p/lib/python3.6/site-packages/asrun/run.py", line 773, in _printDBG
    stack = traceback.format_stack(limit=10)


[  OK  ]

<S>_ERROR          Code_Aster run ended


>>> 2022/02/08-10:47:48.289  [Shell@/share/simforge_share/open-source/Code-aster/aster144p/lib/python3.6/site-packages/asrun/system.py:519]
remote command ( <> c01n04 and xyg <> xyg) ? False

>>> 2022/02/08-10:47:48.290  [_clear_tmp@/share/simforge_share/open-source/Code-aster/aster144p/lib/python3.6/site-packages/asrun/run.py:483]
cmd :
\rm -rf /share/simforge_home/nsccwx/xyg/tmp/global/modes/global/global/global/global
background : False
follow_output : False

>>> 2022/02/08-10:47:48.297  [Shell@/share/simforge_share/open-source/Code-aster/aster144p/lib/python3.6/site-packages/asrun/system.py:519]
remote command ( <> c01n04 and xyg <> xyg) ? False

>>> 2022/02/08-10:47:48.297  [_clear_tmp@/share/simforge_share/open-source/Code-aster/aster144p/lib/python3.6/site-packages/asrun/run.py:483]
cmd :
\rm -rf /tmp/astk_xyg/xyg-c01n04-profil_astk_77591
background : False
follow_output : False

>>> 2022/02/08-10:47:48.300  [Sortie@/share/simforge_share/open-source/Code-aster/aster144p/lib/python3.6/site-packages/asrun/run.py:732]
exit 4

 
 ---------------------------------------------------------------------------------
                                            cpu     system    cpu+sys    elapsed
 ---------------------------------------------------------------------------------
   Preparation of environment              0.00       0.00       0.00       0.00
   Copying datas                           0.02       0.01       0.03       0.02
   Code_Aster run                          1.22       0.25       1.47       1.16
     Code_Aster run - rank #0              0.25       0.08       0.33       0.00
   Copying results                         0.00       0.00       0.00       0.01
 ---------------------------------------------------------------------------------
   Total                                   1.30       0.32       1.62       1.31
 ---------------------------------------------------------------------------------
   (*) cpu and system times may be not correctly counted using mpirun.

as_run 2019.0

------------------------------------------------------------
--- DIAGNOSTIC JOB : <S>_ERROR
------------------------------------------------------------


EXIT_CODE=4
